                                                                                                    	at java.util.concurrent.ThreadPoolExecutor$Worker.run(ThreadPoolExecutor.java:636)
                                                                                                    	at X.1Aa.run(:3)
                                                                                                    	at X.1Ab.run(:17)
                                                                                                    	at java.lang.Thread.run(Thread.java:764)
2026-06-04 20:41:35.878 ٢٣٠٩١-٢٣١٣٩ msgr.FrscL...PackLoader pid-23091                            W  FRSC English strings buffer size - (limit : 556954, capacity : 556954)
2026-06-04 20:41:35.880 ٢٣٠٩١-٢٣١١٤ msgr.AppIn...eduler|Run pid-23091                            W    Finished NotifyAppStateManagerOnCreateComplete in 12ms
2026-06-04 20:41:35.881 ٢٣٠٩١-٢٣١١٤ msgr.AppIn...r|Schedule pid-23091                            W    Executing 158:FbSharedUIQREnvironment
2026-06-04 20:41:35.881 ٢٣٠٩١-٢٣١١٤ msgr.AppIn...eduler|Run pid-23091                            W  Running FbSharedUIQREnvironment, order=63, priorityHint=NORMAL 
2026-06-04 20:41:35.882 ٢٣٠٩١-٢٣١٢٥ msgr.AppIn...eduler|Run pid-23091                            W    Finished RegisterMessengerBackgroundRestartedReceiver in 142ms
2026-06-04 20:41:35.882 ٢٣٠٩١-٢٣١٢٥ msgr.AppIn...eduler|Run pid-23091                            W  Running InitMemoryDumpHandler, order=79, priorityHint=NORMAL 
2026-06-04 20:41:35.883 ٢٣٠٩١-٢٣١٤٣ msgr.AppState           pid-23091                            E  Returning default for firstRunInfo
2026-06-04 20:41:35.883 ٢٣٠٩١-٢٣١٢٥ msgr.AppIn...eduler|Run pid-23091                            W    Finished InitMemoryDumpHandler in 1ms
2026-06-04 20:41:35.883 ٢٣٠٩١-٢٣١٢٥ msgr.AppIn...eduler|Run pid-23091                            W  Running InitMessengerLoggers, order=80, priorityHint=NORMAL 
2026-06-04 20:41:35.887 ٢٣٠٩١-٢٣١٢٤ msgr.AppIn...eduler|Run pid-23091                            W    Finished INeedInitForSharedPrefsListenerRegister in 16ms
2026-06-04 20:41:35.887 ٢٣٠٩١-٢٣١٢٤ msgr.AppIn...eduler|Run pid-23091                            W  Running InitPreWarmRsysEngine, order=81, priorityHint=NORMAL 
2026-06-04 20:41:35.888 ٢٣٠٩١-٢٣١٢٤ msgr.AppIn...eduler|Run pid-23091                            W    Finished InitPreWarmRsysEngine in 1ms
2026-06-04 20:41:35.888 ٢٣٠٩١-٢٣١٢٤ msgr.AppIn...eduler|Run pid-23091                            W  Running InitTrafficNTS, order=86, priorityHint=NORMAL 
2026-06-04 20:41:35.891 ٢٣٠٩١-٢٣١١١ msgr.EndTo...ntListener pid-23091                            W  WRITE_ANALYTICS_TO_LOGCAT = null, EndToEnd.isRunningEndToEndTest() = false
2026-06-04 20:41:35.891 ٢٣٠٩١-٢٣١٢٤ msgr.AppIn...eduler|Run pid-23091                            W    Finished InitTrafficNTS in 3ms
2026-06-04 20:41:35.891 ٢٣٠٩١-٢٣١٢٤ msgr.AppIn...eduler|Run pid-23091                            W  Running LocationRequestDetector, order=88, priorityHint=NORMAL 
2026-06-04 20:41:35.892 ٢٣٠٩١-٢٣١٢٤ msgr.AppIn...eduler|Run pid-23091                            W    Finished LocationRequestDetector in 1ms
2026-06-04 20:41:35.893 ٢٣٠٩١-٢٣١١٤ msgr.AppIn...eduler|Run pid-23091                            W    Finished FbSharedUIQREnvironment in 12ms
2026-06-04 20:41:35.893 ٢٣٠٩١-٢٣١١٤ msgr.AppIn...r|Schedule pid-23091                            W    Executing 229:LanguageSwitcherCommonExInit
2026-06-04 20:41:35.893 ٢٣٠٩١-٢٣١١٤ msgr.AppIn...eduler|Run pid-23091                            W  Running LanguageSwitcherCommonExInit, order=87, priorityHint=NORMAL 
2026-06-04 20:41:35.895 ٢٣٠٩١-٢٣١٢٤ msgr.AppIn...eduler|Run pid-23091                            W  Running MessageQueueDoctor, order=91, priorityHint=NORMAL 
2026-06-04 20:41:35.898 ٢٣٠٩١-٢٣١٢٥ msgr.AppIn...eduler|Run pid-23091                            W    Finished InitMessengerLoggers in 15ms
2026-06-04 20:41:35.898 ٢٣٠٩١-٢٣١٢٤ msgr.AppIn...eduler|Run pid-23091                            W    Finished MessageQueueDoctor in 6ms
2026-06-04 20:41:35.899 ٢٣٠٩١-٢٣١٢٥ msgr.AppIn...eduler|Run pid-23091                            W  Running LongtailVoltronAppInit, order=110, priorityHint=LOW 
2026-06-04 20:41:35.899 ٢٣٠٩١-٢٣١٢٤ msgr.AppIn...eduler|Run pid-23091                            W  Running WarmFacebookEmojiFont, order=107, priorityHint=NORMAL 
2026-06-04 20:41:35.901 ٢٣٠٩١-٢٣١٢٥ msgr.Halfn...nitializer pid-23091                            W  Halfnosis is not enabled!
2026-06-04 20:41:35.901 ٢٣٠٩١-٢٣١٢٥ msgr.Longt...ronAppInit pid-23091                            W  HalfnosisInitializer: fail
2026-06-04 20:41:35.901 ٢٣٠٩١-٢٣١٢٥ msgr.AppIn...eduler|Run pid-23091                            W    Finished LongtailVoltronAppInit in 3ms
2026-06-04 20:41:35.902 ٢٣٠٩١-٢٣١٢٥ msgr.AppIn...eduler|Run pid-23091                            W  Running MessengerScheduleInitMallocHooks, order=111, priorityHint=LOW 
2026-06-04 20:41:35.904 ٢٣٠٩١-٢٣١٢٤ msgr.AppIn...eduler|Run pid-23091                            W    Finished WarmFacebookEmojiFont in 6ms
2026-06-04 20:41:35.906 ٢٣٠٩١-٢٣١٢٤ msgr.AppIn...eduler|Run pid-23091                            W  Running MobileConfigLaterInit, order=113, priorityHint=LOW 
2026-06-04 20:41:35.908 ٢٣٠٩١-٢٣١٢٤ msgr.AppIn...eduler|Run pid-23091                            W    Finished MobileConfigLaterInit in 2ms
2026-06-04 20:41:35.908 ٢٣٠٩١-٢٣١٢٤ msgr.AppIn...eduler|Run pid-23091                            W  Running MobileConfigSessionlessLaterInit, order=114, priorityHint=LOW 
2026-06-04 20:41:35.915 ٢٣٠٩١-٢٣١٢٤ msgr.AppIn...eduler|Run pid-23091                            W    Finished MobileConfigSessionlessLaterInit in 7ms
2026-06-04 20:41:35.916 ٢٣٠٩١-٢٣١٢٤ msgr.AppIn...eduler|Run pid-23091                            W  Running RuntimesPermissionsUtilLoader, order=118, priorityHint=LOW 
2026-06-04 20:41:35.917 ٢٣٠٩١-٢٣١٢٤ msgr.AppIn...eduler|Run pid-23091                            W    Finished RuntimesPermissionsUtilLoader in 1ms
2026-06-04 20:41:35.924 ٢٣٠٩١-٢٣١٤٣ msgr.com.f...sysMailbox pid-23091                            W  runWithSlimMailboxSerialized cancelled for empty session
2026-06-04 20:41:35.962 ٢٣٠٩١-٢٣١٢٥ msgr.AppIn...eduler|Run pid-23091                            W    Finished MessengerScheduleInitMallocHooks in 61ms
2026-06-04 20:41:35.963 ٢٣٠٩١-٢٣٠٩١ msgr.2i7                pid-23091                            W  GWP-ASan gate: noMallocHooks=false, enableGwpAsan=false
2026-06-04 20:41:35.973 ٢٣٠٩١-٢٣١١٢ msgr.AppIn...eduler|Run pid-23091                            W    Finished LithoConfiguration in 188ms
2026-06-04 20:41:35.975 ٢٣٠٩١-٢٣١١٣ zygote                  pid-23091                            I  Rejecting re-init on previously-failed class java.lang.Class<X.Lrq>: java.lang.NoClassDefFoundError: Failed resolution of: Landroid/content/res/loader/AssetsProvider;
2026-06-04 20:41:35.975 ٢٣٠٩١-٢٣١١٣ zygote                  pid-23091                            I    at java.lang.Class dalvik.system.DexFile.defineClassNative(java.lang.String, java.lang.ClassLoader, java.lang.Object, dalvik.system.DexFile) (DexFile.java:-2)
2026-06-04 20:41:35.975 ٢٣٠٩١-٢٣١١٣ zygote                  pid-23091                            I    at java.lang.Class dalvik.system.DexFile.defineClass(java.lang.String, java.lang.ClassLoader, java.lang.Object, dalvik.system.DexFile, java.util.List) (DexFile.java:282)
2026-06-04 20:41:35.975 ٢٣٠٩١-٢٣١١٣ zygote                  pid-23091                            I    at java.lang.Class dalvik.system.DexFile.loadClassBinaryName(java.lang.String, java.lang.ClassLoader, java.util.List) (DexFile.java:275)
2026-06-04 20:41:35.975 ٢٣٠٩١-٢٣١١٣ zygote                  pid-23091                            I    at java.lang.Class com.facebook.common.dextricks.DexFileLoadNew.loadClassBinaryName(dalvik.system.DexFile, java.lang.String, java.lang.ClassLoader) (:1)
2026-06-04 20:41:35.975 ٢٣٠٩١-٢٣١١٣ zygote                  pid-23091                            I    at java.lang.Class com.facebook.common.dextricks.MultiDexClassLoaderJava$LoadApi.loadInnerNewApiClass(java.lang.String, android.util.Pair[], int) (:75)
2026-06-04 20:41:35.975 ٢٣٠٩١-٢٣١١٣ zygote                  pid-23091                            I    at java.lang.Class com.facebook.common.dextricks.MultiDexClassLoaderJava.loadInnerNewApiClass(java.lang.String, android.util.Pair[], int) (:2)
2026-06-04 20:41:35.975 ٢٣٠٩١-٢٣١١٣ zygote                  pid-23091                            I    at java.lang.Class com.facebook.common.dextricks.MultiDexClassLoaderJava.findClass(java.lang.String) (:70)
2026-06-04 20:41:35.975 ٢٣٠٩١-٢٣١١٣ zygote                  pid-23091                            I    at java.lang.Class com.facebook.common.dextricks.MultiDexClassLoaderJava.loadClass(java.lang.String, boolean) (:16)
2026-06-04 20:41:35.975 ٢٣٠٩١-٢٣١١٣ zygote                  pid-23091                            I    at java.lang.Class java.lang.ClassLoader.loadClass(java.lang.String, boolean) (ClassLoader.java:367)
2026-06-04 20:41:35.975 ٢٣٠٩١-٢٣١١٣ zygote                  pid-23091                            I    at java.lang.Class java.lang.ClassLoader.loadClass(java.lang.String) (ClassLoader.java:312)
2026-06-04 20:41:35.975 ٢٣٠٩١-٢٣١١٣ zygote                  pid-23091                            I    at java.lang.Object X.PyL.A06(java.lang.Object, int, X.3yl, int) (:1120)
2026-06-04 20:41:35.975 ٢٣٠٩١-٢٣١١٣ zygote                  pid-23091                            I    at java.lang.Object X.PyL.A04(int, X.3yl, java.lang.Object) (:5)
2026-06-04 20:41:35.975 ٢٣٠٩١-٢٣١١٣ zygote                  pid-23091                            I    at java.lang.Object X.15M.A02(int, X.3yl, java.lang.Object) (:71)
2026-06-04 20:41:35.975 ٢٣٠٩١-٢٣١١٣ zygote                  pid-23091                            I    at java.lang.Object X.16d.A03(X.3yl, int) (:69)
2026-06-04 20:41:35.975 ٢٣٠٩١-٢٣١١٣ zygote                  pid-23091                            I    at void com.facebook.common.appinit.invoker.OnApplicationInitInvoker.Bfl(int) (:524)
2026-06-04 20:41:35.975 ٢٣٠٩١-٢٣١١٣ zygote                  pid-23091                            I    at void X.0hk.run() (:146)
2026-06-04 20:41:35.975 ٢٣٠٩١-٢٣١١٣ zygote                  pid-23091                            I    at void java.util.concurrent.ThreadPoolExecutor.runWorker(java.util.concurrent.ThreadPoolExecutor$Worker) (ThreadPoolExecutor.java:1162)
2026-06-04 20:41:35.975 ٢٣٠٩١-٢٣١١٣ zygote                  pid-23091                            I    at void java.util.concurrent.ThreadPoolExecutor$Worker.run() (ThreadPoolExecutor.java:636)
2026-06-04 20:41:35.975 ٢٣٠٩١-٢٣١١٣ zygote                  pid-23091                            I    at void X.0EW.run() (:11)
2026-06-04 20:41:35.975 ٢٣٠٩١-٢٣١١٣ zygote                  pid-23091                            I    at void java.lang.Thread.run() (Thread.java:764)
2026-06-04 20:41:35.975 ٢٣٠٩١-٢٣١١٣ zygote                  pid-23091                            I  Caused by: java.lang.ClassNotFoundException: Didn't find class "android.content.res.loader.AssetsProvider" on path: DexPathList[[zip file "/data/app/com.facebook.orca-nT_I9pyVVuGLbkKA2ciAFA==/base.apk"],nativeLibraryDirectories=[/data/app/com.facebook.orca-nT_I9pyVVuGLbkKA2ciAFA==/lib/arm, /data/app/com.facebook.orca-nT_I9pyVVuGLbkKA2ciAFA==/base.apk!/lib/armeabi-v7a, /system/lib, /vendor/lib]]
2026-06-04 20:41:35.975 ٢٣٠٩١-٢٣١١٣ zygote                  pid-23091                            I    at java.lang.Class dalvik.system.BaseDexClassLoader.findClass(java.lang.String) (BaseDexClassLoader.java:93)
2026-06-04 20:41:35.975 ٢٣٠٩١-٢٣١١٣ zygote                  pid-23091                            I    at java.lang.Class java.lang.ClassLoader.loadClass(java.lang.String, boolean) (ClassLoader.java:379)
2026-06-04 20:41:35.975 ٢٣٠٩١-٢٣١١٣ zygote                  pid-23091                            I    at java.lang.Class java.lang.ClassLoader.loadClass(java.lang.String) (ClassLoader.java:312)
2026-06-04 20:41:35.975 ٢٣٠٩١-٢٣١١٣ zygote                  pid-23091                            I    at java.lang.Class dalvik.system.DexFile.defineClassNative(java.lang.String, java.lang.ClassLoader, java.lang.Object, dalvik.system.DexFile) (DexFile.java:-2)
2026-06-04 20:41:35.975 ٢٣٠٩١-٢٣١١٣ zygote                  pid-23091                            I    at java.lang.Class dalvik.system.DexFile.defineClass(java.lang.String, java.lang.ClassLoader, java.lang.Object, dalvik.system.DexFile, java.util.List) (DexFile.java:282)
2026-06-04 20:41:35.975 ٢٣٠٩١-٢٣١١٣ zygote                  pid-23091                            I    at java.lang.Class dalvik.system.DexFile.loadClassBinaryName(java.lang.String, java.lang.ClassLoader, java.util.List) (DexFile.java:275)
2026-06-04 20:41:35.975 ٢٣٠٩١-٢٣١١٣ zygote                  pid-23091                            I    at java.lang.Class com.facebook.common.dextricks.DexFileLoadNew.loadClassBinaryName(dalvik.system.DexFile, java.lang.String, java.lang.ClassLoader) (:1)
2026-06-04 20:41:35.975 ٢٣٠٩١-٢٣١١٣ zygote                  pid-23091                            I    at java.lang.Class com.facebook.common.dextricks.MultiDexClassLoaderJava$LoadApi.loadInnerNewApiClass(java.lang.String, android.util.Pair[], int) (:75)
2026-06-04 20:41:35.975 ٢٣٠٩١-٢٣١١٣ zygote                  pid-23091                            I    at java.lang.Class com.facebook.common.dextricks.MultiDexClassLoaderJava.loadInnerNewApiClass(java.lang.String, android.util.Pair[], int) (:2)
2026-06-04 20:41:35.975 ٢٣٠٩١-٢٣١١٣ zygote                  pid-23091                            I    at java.lang.Class com.facebook.common.dextricks.MultiDexClassLoaderJava.findClass(java.lang.String) (:70)
2026-06-04 20:41:35.975 ٢٣٠٩١-٢٣١١٣ zygote                  pid-23091                            I    at java.lang.Class com.facebook.common.dextricks.MultiDexClassLoaderJava.loadClass(java.lang.String, boolean) (:16)
2026-06-04 20:41:35.975 ٢٣٠٩١-٢٣١١٣ zygote                  pid-23091                            I    at java.lang.Class java.lang.ClassLoader.loadClass(java.lang.String, boolean) (ClassLoader.java:367)
2026-06-04 20:41:35.975 ٢٣٠٩١-٢٣١١٣ zygote                  pid-23091                            I    at java.lang.Class java.lang.ClassLoader.loadClass(java.lang.String) (ClassLoader.java:312)
2026-06-04 20:41:35.976 ٢٣٠٩١-٢٣١١٣ zygote                  pid-23091                            I    at java.lang.Object X.PyL.A06(java.lang.Object, int, X.3yl, int) (:1120)
2026-06-04 20:41:35.976 ٢٣٠٩١-٢٣١١٣ zygote                  pid-23091                            I    at java.lang.Object X.PyL.A04(int, X.3yl, java.lang.Object) (:5)
2026-06-04 20:41:35.976 ٢٣٠٩١-٢٣١١٣ zygote                  pid-23091                            I    at java.lang.Object X.15M.A02(int, X.3yl, java.lang.Object) (:71)
2026-06-04 20:41:35.976 ٢٣٠٩١-٢٣١١٣ zygote                  pid-23091                            I    at java.lang.Object X.16d.A03(X.3yl, int) (:69)
2026-06-04 20:41:35.976 ٢٣٠٩١-٢٣١١٣ zygote                  pid-23091                            I    at void com.facebook.common.appinit.invoker.OnApplicationInitInvoker.Bfl(int) (:524)
2026-06-04 20:41:35.976 ٢٣٠٩١-٢٣١١٣ zygote                  pid-23091                            I    at void X.0hk.run() (:146)
2026-06-04 20:41:35.976 ٢٣٠٩١-٢٣١١٣ zygote                  pid-23091                            I    at void java.util.concurrent.ThreadPoolExecutor.runWorker(java.util.concurrent.ThreadPoolExecutor$Worker) (ThreadPoolExecutor.java:1162)
2026-06-04 20:41:35.976 ٢٣٠٩١-٢٣١١٣ zygote                  pid-23091                            I    at void java.util.concurrent.ThreadPoolExecutor$Worker.run() (ThreadPoolExecutor.java:636)
2026-06-04 20:41:35.976 ٢٣٠٩١-٢٣١١٣ zygote                  pid-23091                            I    at void X.0EW.run() (:11)
2026-06-04 20:41:35.976 ٢٣٠٩١-٢٣١١٣ zygote                  pid-23091                            I    at void java.lang.Thread.run() (Thread.java:764)
2026-06-04 20:41:35.976 ٢٣٠٩١-٢٣١١٣ zygote                  pid-23091                            I  
2026-06-04 20:41:35.977 ٢٣٠٩١-٢٣١١٣ zygote                  pid-23091                            I  Rejecting re-init on previously-failed class java.lang.Class<X.Lrq>: java.lang.NoClassDefFoundError: Failed resolution of: Landroid/content/res/loader/AssetsProvider;
2026-06-04 20:41:35.977 ٢٣٠٩١-٢٣١١٣ zygote                  pid-23091                            I    at java.lang.Class dalvik.system.DexFile.defineClassNative(java.lang.String, java.lang.ClassLoader, java.lang.Object, dalvik.system.DexFile) (DexFile.java:-2)
2026-06-04 20:41:35.977 ٢٣٠٩١-٢٣١١٣ zygote                  pid-23091                            I    at java.lang.Class dalvik.system.DexFile.defineClass(java.lang.String, java.lang.ClassLoader, java.lang.Object, dalvik.system.DexFile, java.util.List) (DexFile.java:282)
2026-06-04 20:41:35.977 ٢٣٠٩١-٢٣١١٣ zygote                  pid-23091                            I    at java.lang.Class dalvik.system.DexFile.loadClassBinaryName(java.lang.String, java.lang.ClassLoader, java.util.List) (DexFile.java:275)
2026-06-04 20:41:35.977 ٢٣٠٩١-٢٣١١٣ zygote                  pid-23091                            I    at java.lang.Class com.facebook.common.dextricks.DexFileLoadNew.loadClassBinaryName(dalvik.system.DexFile, java.lang.String, java.lang.ClassLoader) (:1)
2026-06-04 20:41:35.977 ٢٣٠٩١-٢٣١١٣ zygote                  pid-23091                            I    at java.lang.Class com.facebook.common.dextricks.MultiDexClassLoaderJava$LoadApi.loadInnerNewApiClass(java.lang.String, android.util.Pair[], int) (:75)
2026-06-04 20:41:35.977 ٢٣٠٩١-٢٣١١٣ zygote                  pid-23091                            I    at java.lang.Class com.facebook.common.dextricks.MultiDexClassLoaderJava.loadInnerNewApiClass(java.lang.String, android.util.Pair[], int) (:2)
2026-06-04 20:41:35.977 ٢٣٠٩١-٢٣١١٣ zygote                  pid-23091                            I    at java.lang.Class com.facebook.common.dextricks.MultiDexClassLoaderJava.findClass(java.lang.String) (:70)
2026-06-04 20:41:35.977 ٢٣٠٩١-٢٣١١٣ zygote                  pid-23091                            I    at java.lang.Class com.facebook.common.dextricks.MultiDexClassLoaderJava.loadClass(java.lang.String, boolean) (:16)
2026-06-04 20:41:35.977 ٢٣٠٩١-٢٣١١٣ zygote                  pid-23091                            I    at java.lang.Class java.lang.ClassLoader.loadClass(java.lang.String, boolean) (ClassLoader.java:367)
2026-06-04 20:41:35.977 ٢٣٠٩١-٢٣١١٣ zygote                  pid-23091                            I    at java.lang.Class java.lang.ClassLoader.loadClass(java.lang.String) (ClassLoader.java:312)
2026-06-04 20:41:35.977 ٢٣٠٩١-٢٣١١٣ zygote                  pid-23091                            I    at java.lang.Object X.PyL.A06(java.lang.Object, int, X.3yl, int) (:1120)
2026-06-04 20:41:35.977 ٢٣٠٩١-٢٣١١٣ zygote                  pid-23091                            I    at java.lang.Object X.PyL.A04(int, X.3yl, java.lang.Object) (:5)
2026-06-04 20:41:35.977 ٢٣٠٩١-٢٣١١٣ zygote                  pid-23091                            I    at java.lang.Object X.15M.A02(int, X.3yl, java.lang.Object) (:71)
2026-06-04 20:41:35.977 ٢٣٠٩١-٢٣١١٣ zygote                  pid-23091                            I    at java.lang.Object X.16d.A03(X.3yl, int) (:69)
2026-06-04 20:41:35.977 ٢٣٠٩١-٢٣١١٣ zygote                  pid-23091                            I    at void com.facebook.common.appinit.invoker.OnApplicationInitInvoker.Bfl(int) (:524)
2026-06-04 20:41:35.977 ٢٣٠٩١-٢٣١١٣ zygote                  pid-23091                            I    at void X.0hk.run() (:146)
2026-06-04 20:41:35.977 ٢٣٠٩١-٢٣١١٣ zygote                  pid-23091                            I    at void java.util.concurrent.ThreadPoolExecutor.runWorker(java.util.concurrent.ThreadPoolExecutor$Worker) (ThreadPoolExecutor.java:1162)
2026-06-04 20:41:35.977 ٢٣٠٩١-٢٣١١٣ zygote                  pid-23091                            I    at void java.util.concurrent.ThreadPoolExecutor$Worker.run() (ThreadPoolExecutor.java:636)
2026-06-04 20:41:35.977 ٢٣٠٩١-٢٣١١٣ zygote                  pid-23091                            I    at void X.0EW.run() (:11)
2026-06-04 20:41:35.977 ٢٣٠٩١-٢٣١١٣ zygote                  pid-23091                            I    at void java.lang.Thread.run() (Thread.java:764)
2026-06-04 20:41:35.977 ٢٣٠٩١-٢٣١١٣ zygote                  pid-23091                            I  Caused by: java.lang.ClassNotFoundException: Didn't find class "android.content.res.loader.AssetsProvider" on path: DexPathList[[zip file "/data/app/com.facebook.orca-nT_I9pyVVuGLbkKA2ciAFA==/base.apk"],nativeLibraryDirectories=[/data/app/com.facebook.orca-nT_I9pyVVuGLbkKA2ciAFA==/lib/arm, /data/app/com.facebook.orca-nT_I9pyVVuGLbkKA2ciAFA==/base.apk!/lib/armeabi-v7a, /system/lib, /vendor/lib]]
2026-06-04 20:41:35.977 ٢٣٠٩١-٢٣١١٣ zygote                  pid-23091                            I    at java.lang.Class dalvik.system.BaseDexClassLoader.findClass(java.lang.String) (BaseDexClassLoader.java:93)
2026-06-04 20:41:35.977 ٢٣٠٩١-٢٣١١٣ zygote                  pid-23091                            I    at java.lang.Class java.lang.ClassLoader.loadClass(java.lang.String, boolean) (ClassLoader.java:379)
2026-06-04 20:41:35.977 ٢٣٠٩١-٢٣١١٣ zygote                  pid-23091                            I    at java.lang.Class java.lang.ClassLoader.loadClass(java.lang.String) (ClassLoader.java:312)
2026-06-04 20:41:35.977 ٢٣٠٩١-٢٣١١٣ zygote                  pid-23091                            I    at java.lang.Class dalvik.system.DexFile.defineClassNative(java.lang.String, java.lang.ClassLoader, java.lang.Object, dalvik.system.DexFile) (DexFile.java:-2)
2026-06-04 20:41:35.977 ٢٣٠٩١-٢٣١١٣ zygote                  pid-23091                            I    at java.lang.Class dalvik.system.DexFile.defineClass(java.lang.String, java.lang.ClassLoader, java.lang.Object, dalvik.system.DexFile, java.util.List) (DexFile.java:282)
2026-06-04 20:41:35.977 ٢٣٠٩١-٢٣١١٣ zygote                  pid-23091                            I    at java.lang.Class dalvik.system.DexFile.loadClassBinaryName(java.lang.String, java.lang.ClassLoader, java.util.List) (DexFile.java:275)
2026-06-04 20:41:35.977 ٢٣٠٩١-٢٣١١٣ zygote                  pid-23091                            I    at java.lang.Class com.facebook.common.dextricks.DexFileLoadNew.loadClassBinaryName(dalvik.system.DexFile, java.lang.String, java.lang.ClassLoader) (:1)
2026-06-04 20:41:35.977 ٢٣٠٩١-٢٣١١٣ zygote                  pid-23091                            I    at java.lang.Class com.facebook.common.dextricks.MultiDexClassLoaderJava$LoadApi.loadInnerNewApiClass(java.lang.String, android.util.Pair[], int) (:75)
2026-06-04 20:41:35.977 ٢٣٠٩١-٢٣١١٣ zygote                  pid-23091                            I    at java.lang.Class com.facebook.common.dextricks.MultiDexClassLoaderJava.loadInnerNewApiClass(java.lang.String, android.util.Pair[], int) (:2)
2026-06-04 20:41:35.977 ٢٣٠٩١-٢٣١١٣ zygote                  pid-23091                            I    at java.lang.Class com.facebook.common.dextricks.MultiDexClassLoaderJava.findClass(java.lang.String) (:70)
2026-06-04 20:41:35.977 ٢٣٠٩١-٢٣١١٣ zygote                  pid-23091                            I    at java.lang.Class com.facebook.common.dextricks.MultiDexClassLoaderJava.loadClass(java.lang.String, boolean) (:16)
2026-06-04 20:41:35.977 ٢٣٠٩١-٢٣١١٣ zygote                  pid-23091                            I    at java.lang.Class java.lang.ClassLoader.loadClass(java.lang.String, boolean) (ClassLoader.java:367)
2026-06-04 20:41:35.977 ٢٣٠٩١-٢٣١١٣ zygote                  pid-23091                            I    at java.lang.Class java.lang.ClassLoader.loadClass(java.lang.String) (ClassLoader.java:312)
2026-06-04 20:41:35.977 ٢٣٠٩١-٢٣١١٣ zygote                  pid-23091                            I    at java.lang.Object X.PyL.A06(java.lang.Object, int, X.3yl, int) (:1120)
2026-06-04 20:41:35.977 ٢٣٠٩١-٢٣١١٣ zygote                  pid-23091                            I    at java.lang.Object X.PyL.A04(int, X.3yl, java.lang.Object) (:5)
2026-06-04 20:41:35.977 ٢٣٠٩١-٢٣١١٣ zygote                  pid-23091                            I    at java.lang.Object X.15M.A02(int, X.3yl, java.lang.Object) (:71)
2026-06-04 20:41:35.977 ٢٣٠٩١-٢٣١١٣ zygote                  pid-23091                            I    at java.lang.Object X.16d.A03(X.3yl, int) (:69)
2026-06-04 20:41:35.977 ٢٣٠٩١-٢٣١١٣ zygote                  pid-23091                            I    at void com.facebook.common.appinit.invoker.OnApplicationInitInvoker.Bfl(int) (:524)
2026-06-04 20:41:35.977 ٢٣٠٩١-٢٣١١٣ zygote                  pid-23091                            I    at void X.0hk.run() (:146)
2026-06-04 20:41:35.977 ٢٣٠٩١-٢٣١١٣ zygote                  pid-23091                            I    at void java.util.concurrent.ThreadPoolExecutor.runWorker(java.util.concurrent.ThreadPoolExecutor$Worker) (ThreadPoolExecutor.java:1162)
2026-06-04 20:41:35.977 ٢٣٠٩١-٢٣١١٣ zygote                  pid-23091                            I    at void java.util.concurrent.ThreadPoolExecutor$Worker.run() (ThreadPoolExecutor.java:636)
2026-06-04 20:41:35.977 ٢٣٠٩١-٢٣١١٣ zygote                  pid-23091                            I    at void X.0EW.run() (:11)
2026-06-04 20:41:35.977 ٢٣٠٩١-٢٣١١٣ zygote                  pid-23091                            I    at void java.lang.Thread.run() (Thread.java:764)
2026-06-04 20:41:35.977 ٢٣٠٩١-٢٣١١٣ zygote                  pid-23091                            I  
2026-06-04 20:41:35.980 ٢٣٠٩١-٢٣١١٣ zygote                  pid-23091                            I  Rejecting re-init on previously-failed class java.lang.Class<X.Lrq>: java.lang.NoClassDefFoundError: Failed resolution of: Landroid/content/res/loader/AssetsProvider;
2026-06-04 20:41:35.981 ٢٣٠٩١-٢٣١١٣ zygote                  pid-23091                            I    at java.lang.Class dalvik.system.DexFile.defineClassNative(java.lang.String, java.lang.ClassLoader, java.lang.Object, dalvik.system.DexFile) (DexFile.java:-2)
2026-06-04 20:41:35.981 ٢٣٠٩١-٢٣١١٣ zygote                  pid-23091                            I    at java.lang.Class dalvik.system.DexFile.defineClass(java.lang.String, java.lang.ClassLoader, java.lang.Object, dalvik.system.DexFile, java.util.List) (DexFile.java:282)
2026-06-04 20:41:35.981 ٢٣٠٩١-٢٣١١٣ zygote                  pid-23091                            I    at java.lang.Class dalvik.system.DexFile.loadClassBinaryName(java.lang.String, java.lang.ClassLoader, java.util.List) (DexFile.java:275)
2026-06-04 20:41:35.981 ٢٣٠٩١-٢٣١١٣ zygote                  pid-23091                            I    at java.lang.Class com.facebook.common.dextricks.DexFileLoadNew.loadClassBinaryName(dalvik.system.DexFile, java.lang.String, java.lang.ClassLoader) (:1)
2026-06-04 20:41:35.981 ٢٣٠٩١-٢٣١١٣ zygote                  pid-23091                            I    at java.lang.Class com.facebook.common.dextricks.MultiDexClassLoaderJava$LoadApi.loadInnerNewApiClass(java.lang.String, android.util.Pair[], int) (:75)
2026-06-04 20:41:35.981 ٢٣٠٩١-٢٣١١٣ zygote                  pid-23091                            I    at java.lang.Class com.facebook.common.dextricks.MultiDexClassLoaderJava.loadInnerNewApiClass(java.lang.String, android.util.Pair[], int) (:2)
2026-06-04 20:41:35.981 ٢٣٠٩١-٢٣١١٣ zygote                  pid-23091                            I    at java.lang.Class com.facebook.common.dextricks.MultiDexClassLoaderJava.findClass(java.lang.String) (:70)
2026-06-04 20:41:35.981 ٢٣٠٩١-٢٣١١٣ zygote                  pid-23091                            I    at java.lang.Class com.facebook.common.dextricks.MultiDexClassLoaderJava.loadClass(java.lang.String, boolean) (:16)
2026-06-04 20:41:35.981 ٢٣٠٩١-٢٣١١٣ zygote                  pid-23091                            I    at java.lang.Class java.lang.ClassLoader.loadClass(java.lang.String, boolean) (ClassLoader.java:367)
2026-06-04 20:41:35.981 ٢٣٠٩١-٢٣١١٣ zygote                  pid-23091                            I    at java.lang.Class java.lang.ClassLoader.loadClass(java.lang.String) (ClassLoader.java:312)
2026-06-04 20:41:35.981 ٢٣٠٩١-٢٣١١٣ zygote                  pid-23091                            I    at java.lang.Object X.PyL.A06(java.lang.Object, int, X.3yl, int) (:1120)
2026-06-04 20:41:35.981 ٢٣٠٩١-٢٣١١٣ zygote                  pid-23091                            I    at java.lang.Object X.PyL.A04(int, X.3yl, java.lang.Object) (:5)
2026-06-04 20:41:35.981 ٢٣٠٩١-٢٣١١٣ zygote                  pid-23091                            I    at java.lang.Object X.15M.A02(int, X.3yl, java.lang.Object) (:71)
2026-06-04 20:41:35.981 ٢٣٠٩١-٢٣١١٣ zygote                  pid-23091                            I    at java.lang.Object X.16d.A03(X.3yl, int) (:69)
2026-06-04 20:41:35.981 ٢٣٠٩١-٢٣١١٣ zygote                  pid-23091                            I    at void com.facebook.common.appinit.invoker.OnApplicationInitInvoker.Bfl(int) (:524)
2026-06-04 20:41:35.981 ٢٣٠٩١-٢٣١١٣ zygote                  pid-23091                            I    at void X.0hk.run() (:146)
2026-06-04 20:41:35.981 ٢٣٠٩١-٢٣١١٣ zygote                  pid-23091                            I    at void java.util.concurrent.ThreadPoolExecutor.runWorker(java.util.concurrent.ThreadPoolExecutor$Worker) (ThreadPoolExecutor.java:1162)
2026-06-04 20:41:35.981 ٢٣٠٩١-٢٣١١٣ zygote                  pid-23091                            I    at void java.util.concurrent.ThreadPoolExecutor$Worker.run() (ThreadPoolExecutor.java:636)
2026-06-04 20:41:35.981 ٢٣٠٩١-٢٣١١٣ zygote                  pid-23091                            I    at void X.0EW.run() (:11)
2026-06-04 20:41:35.981 ٢٣٠٩١-٢٣١١٣ zygote                  pid-23091                            I    at void java.lang.Thread.run() (Thread.java:764)
2026-06-04 20:41:35.981 ٢٣٠٩١-٢٣١١٣ zygote                  pid-23091                            I  Caused by: java.lang.ClassNotFoundException: Didn't find class "android.content.res.loader.AssetsProvider" on path: DexPathList[[zip file "/data/app/com.facebook.orca-nT_I9pyVVuGLbkKA2ciAFA==/base.apk"],nativeLibraryDirectories=[/data/app/com.facebook.orca-nT_I9pyVVuGLbkKA2ciAFA==/lib/arm, /data/app/com.facebook.orca-nT_I9pyVVuGLbkKA2ciAFA==/base.apk!/lib/armeabi-v7a, /system/lib, /vendor/lib]]
2026-06-04 20:41:35.981 ٢٣٠٩١-٢٣١١٣ zygote                  pid-23091                            I    at java.lang.Class dalvik.system.BaseDexClassLoader.findClass(java.lang.String) (BaseDexClassLoader.java:93)
2026-06-04 20:41:35.981 ٢٣٠٩١-٢٣١١٣ zygote                  pid-23091                            I    at java.lang.Class java.lang.ClassLoader.loadClass(java.lang.String, boolean) (ClassLoader.java:379)
2026-06-04 20:41:35.981 ٢٣٠٩١-٢٣١١٣ zygote                  pid-23091                            I    at java.lang.Class java.lang.ClassLoader.loadClass(java.lang.String) (ClassLoader.java:312)
2026-06-04 20:41:35.981 ٢٣٠٩١-٢٣١١٣ zygote                  pid-23091                            I    at java.lang.Class dalvik.system.DexFile.defineClassNative(java.lang.String, java.lang.ClassLoader, java.lang.Object, dalvik.system.DexFile) (DexFile.java:-2)
2026-06-04 20:41:35.981 ٢٣٠٩١-٢٣١١٣ zygote                  pid-23091                            I    at java.lang.Class dalvik.system.DexFile.defineClass(java.lang.String, java.lang.ClassLoader, java.lang.Object, dalvik.system.DexFile, java.util.List) (DexFile.java:282)
2026-06-04 20:41:35.981 ٢٣٠٩١-٢٣١١٣ zygote                  pid-23091                            I    at java.lang.Class dalvik.system.DexFile.loadClassBinaryName(java.lang.String, java.lang.ClassLoader, java.util.List) (DexFile.java:275)
2026-06-04 20:41:35.981 ٢٣٠٩١-٢٣١١٣ zygote                  pid-23091                            I    at java.lang.Class com.facebook.common.dextricks.DexFileLoadNew.loadClassBinaryName(dalvik.system.DexFile, java.lang.String, java.lang.ClassLoader) (:1)
2026-06-04 20:41:35.981 ٢٣٠٩١-٢٣١١٣ zygote                  pid-23091                            I    at java.lang.Class com.facebook.common.dextricks.MultiDexClassLoaderJava$LoadApi.loadInnerNewApiClass(java.lang.String, android.util.Pair[], int) (:75)
2026-06-04 20:41:35.981 ٢٣٠٩١-٢٣١١٣ zygote                  pid-23091                            I    at java.lang.Class com.facebook.common.dextricks.MultiDexClassLoaderJava.loadInnerNewApiClass(java.lang.String, android.util.Pair[], int) (:2)
2026-06-04 20:41:35.981 ٢٣٠٩١-٢٣١١٣ zygote                  pid-23091                            I    at java.lang.Class com.facebook.common.dextricks.MultiDexClassLoaderJava.findClass(java.lang.String) (:70)
2026-06-04 20:41:35.981 ٢٣٠٩١-٢٣١١٣ zygote                  pid-23091                            I    at java.lang.Class com.facebook.common.dextricks.MultiDexClassLoaderJava.loadClass(java.lang.String, boolean) (:16)
2026-06-04 20:41:35.981 ٢٣٠٩١-٢٣١١٣ zygote                  pid-23091                            I    at java.lang.Class java.lang.ClassLoader.loadClass(java.lang.String, boolean) (ClassLoader.java:367)
2026-06-04 20:41:35.981 ٢٣٠٩١-٢٣١١٣ zygote                  pid-23091                            I    at java.lang.Class java.lang.ClassLoader.loadClass(java.lang.String) (ClassLoader.java:312)
2026-06-04 20:41:35.981 ٢٣٠٩١-٢٣١١٣ zygote                  pid-23091                            I    at java.lang.Object X.PyL.A06(java.lang.Object, int, X.3yl, int) (:1120)
2026-06-04 20:41:35.981 ٢٣٠٩١-٢٣١١٣ zygote                  pid-23091                            I    at java.lang.Object X.PyL.A04(int, X.3yl, java.lang.Object) (:5)
2026-06-04 20:41:35.981 ٢٣٠٩١-٢٣١١٣ zygote                  pid-23091                            I    at java.lang.Object X.15M.A02(int, X.3yl, java.lang.Object) (:71)
2026-06-04 20:41:35.981 ٢٣٠٩١-٢٣١١٣ zygote                  pid-23091                            I    at java.lang.Object X.16d.A03(X.3yl, int) (:69)
2026-06-04 20:41:35.981 ٢٣٠٩١-٢٣١١٣ zygote                  pid-23091                            I    at void com.facebook.common.appinit.invoker.OnApplicationInitInvoker.Bfl(int) (:524)
2026-06-04 20:41:35.981 ٢٣٠٩١-٢٣١١٣ zygote                  pid-23091                            I    at void X.0hk.run() (:146)
2026-06-04 20:41:35.981 ٢٣٠٩١-٢٣١١٣ zygote                  pid-23091                            I    at void java.util.concurrent.ThreadPoolExecutor.runWorker(java.util.concurrent.ThreadPoolExecutor$Worker) (ThreadPoolExecutor.java:1162)
2026-06-04 20:41:35.981 ٢٣٠٩١-٢٣١١٣ zygote                  pid-23091                            I    at void java.util.concurrent.ThreadPoolExecutor$Worker.run() (ThreadPoolExecutor.java:636)
2026-06-04 20:41:35.981 ٢٣٠٩١-٢٣١١٣ zygote                  pid-23091                            I    at void X.0EW.run() (:11)
2026-06-04 20:41:35.981 ٢٣٠٩١-٢٣١١٣ zygote                  pid-23091                            I    at void java.lang.Thread.run() (Thread.java:764)
2026-06-04 20:41:35.981 ٢٣٠٩١-٢٣١١٣ zygote                  pid-23091                            I  
2026-06-04 20:41:35.982 ٢٣٠٩١-٢٣١١٣ zygote                  pid-23091                            I  Rejecting re-init on previously-failed class java.lang.Class<X.Lrq>: java.lang.NoClassDefFoundError: Failed resolution of: Landroid/content/res/loader/AssetsProvider;
2026-06-04 20:41:35.982 ٢٣٠٩١-٢٣١١٣ zygote                  pid-23091                            I    at java.lang.Class dalvik.system.DexFile.defineClassNative(java.lang.String, java.lang.ClassLoader, java.lang.Object, dalvik.system.DexFile) (DexFile.java:-2)
2026-06-04 20:41:35.982 ٢٣٠٩١-٢٣١١٣ zygote                  pid-23091                            I    at java.lang.Class dalvik.system.DexFile.defineClass(java.lang.String, java.lang.ClassLoader, java.lang.Object, dalvik.system.DexFile, java.util.List) (DexFile.java:282)
2026-06-04 20:41:35.982 ٢٣٠٩١-٢٣١١٣ zygote                  pid-23091                            I    at java.lang.Class dalvik.system.DexFile.loadClassBinaryName(java.lang.String, java.lang.ClassLoader, java.util.List) (DexFile.java:275)
2026-06-04 20:41:35.982 ٢٣٠٩١-٢٣١١٣ zygote                  pid-23091                            I    at java.lang.Class com.facebook.common.dextricks.DexFileLoadNew.loadClassBinaryName(dalvik.system.DexFile, java.lang.String, java.lang.ClassLoader) (:1)
2026-06-04 20:41:35.982 ٢٣٠٩١-٢٣١١٣ zygote                  pid-23091                            I    at java.lang.Class com.facebook.common.dextricks.MultiDexClassLoaderJava$LoadApi.loadInnerNewApiClass(java.lang.String, android.util.Pair[], int) (:75)
2026-06-04 20:41:35.982 ٢٣٠٩١-٢٣١١٣ zygote                  pid-23091                            I    at java.lang.Class com.facebook.common.dextricks.MultiDexClassLoaderJava.loadInnerNewApiClass(java.lang.String, android.util.Pair[], int) (:2)
2026-06-04 20:41:35.982 ٢٣٠٩١-٢٣١١٣ zygote                  pid-23091                            I    at java.lang.Class com.facebook.common.dextricks.MultiDexClassLoaderJava.findClass(java.lang.String) (:70)
2026-06-04 20:41:35.982 ٢٣٠٩١-٢٣١١٣ zygote                  pid-23091                            I    at java.lang.Class com.facebook.common.dextricks.MultiDexClassLoaderJava.loadClass(java.lang.String, boolean) (:16)
2026-06-04 20:41:35.982 ٢٣٠٩١-٢٣١١٣ zygote                  pid-23091                            I    at java.lang.Class java.lang.ClassLoader.loadClass(java.lang.String, boolean) (ClassLoader.java:367)
2026-06-04 20:41:35.982 ٢٣٠٩١-٢٣١١٣ zygote                  pid-23091                            I    at java.lang.Class java.lang.ClassLoader.loadClass(java.lang.String) (ClassLoader.java:312)
2026-06-04 20:41:35.982 ٢٣٠٩١-٢٣١١٣ zygote                  pid-23091                            I    at java.lang.Object X.PyL.A06(java.lang.Object, int, X.3yl, int) (:1120)
2026-06-04 20:41:35.982 ٢٣٠٩١-٢٣١١٣ zygote                  pid-23091                            I    at java.lang.Object X.PyL.A04(int, X.3yl, java.lang.Object) (:5)
2026-06-04 20:41:35.982 ٢٣٠٩١-٢٣١١٣ zygote                  pid-23091                            I    at java.lang.Object X.15M.A02(int, X.3yl, java.lang.Object) (:71)
2026-06-04 20:41:35.982 ٢٣٠٩١-٢٣١١٣ zygote                  pid-23091                            I    at java.lang.Object X.16d.A03(X.3yl, int) (:69)
2026-06-04 20:41:35.982 ٢٣٠٩١-٢٣١١٣ zygote                  pid-23091                            I    at void com.facebook.common.appinit.invoker.OnApplicationInitInvoker.Bfl(int) (:524)
2026-06-04 20:41:35.982 ٢٣٠٩١-٢٣١١٣ zygote                  pid-23091                            I    at void X.0hk.run() (:146)
2026-06-04 20:41:35.982 ٢٣٠٩١-٢٣١١٣ zygote                  pid-23091                            I    at void java.util.concurrent.ThreadPoolExecutor.runWorker(java.util.concurrent.ThreadPoolExecutor$Worker) (ThreadPoolExecutor.java:1162)
2026-06-04 20:41:35.982 ٢٣٠٩١-٢٣١١٣ zygote                  pid-23091                            I    at void java.util.concurrent.ThreadPoolExecutor$Worker.run() (ThreadPoolExecutor.java:636)
2026-06-04 20:41:35.982 ٢٣٠٩١-٢٣١١٣ zygote                  pid-23091                            I    at void X.0EW.run() (:11)
2026-06-04 20:41:35.982 ٢٣٠٩١-٢٣١١٣ zygote                  pid-23091                            I    at void java.lang.Thread.run() (Thread.java:764)
2026-06-04 20:41:35.982 ٢٣٠٩١-٢٣١١٣ zygote                  pid-23091                            I  Caused by: java.lang.ClassNotFoundException: Didn't find class "android.content.res.loader.AssetsProvider" on path: DexPathList[[zip file "/data/app/com.facebook.orca-nT_I9pyVVuGLbkKA2ciAFA==/base.apk"],nativeLibraryDirectories=[/data/app/com.facebook.orca-nT_I9pyVVuGLbkKA2ciAFA==/lib/arm, /data/app/com.facebook.orca-nT_I9pyVVuGLbkKA2ciAFA==/base.apk!/lib/armeabi-v7a, /system/lib, /vendor/lib]]
2026-06-04 20:41:35.982 ٢٣٠٩١-٢٣١١٣ zygote                  pid-23091                            I    at java.lang.Class dalvik.system.BaseDexClassLoader.findClass(java.lang.String) (BaseDexClassLoader.java:93)
2026-06-04 20:41:35.982 ٢٣٠٩١-٢٣١١٣ zygote                  pid-23091                            I    at java.lang.Class java.lang.ClassLoader.loadClass(java.lang.String, boolean) (ClassLoader.java:379)
2026-06-04 20:41:35.982 ٢٣٠٩١-٢٣١١٣ zygote                  pid-23091                            I    at java.lang.Class java.lang.ClassLoader.loadClass(java.lang.String) (ClassLoader.java:312)
2026-06-04 20:41:35.982 ٢٣٠٩١-٢٣١١٣ zygote                  pid-23091                            I    at java.lang.Class dalvik.system.DexFile.defineClassNative(java.lang.String, java.lang.ClassLoader, java.lang.Object, dalvik.system.DexFile) (DexFile.java:-2)
2026-06-04 20:41:35.982 ٢٣٠٩١-٢٣١١٣ zygote                  pid-23091                            I    at java.lang.Class dalvik.system.DexFile.defineClass(java.lang.String, java.lang.ClassLoader, java.lang.Object, dalvik.system.DexFile, java.util.List) (DexFile.java:282)
2026-06-04 20:41:35.982 ٢٣٠٩١-٢٣١١٣ zygote                  pid-23091                            I    at java.lang.Class dalvik.system.DexFile.loadClassBinaryName(java.lang.String, java.lang.ClassLoader, java.util.List) (DexFile.java:275)
2026-06-04 20:41:35.982 ٢٣٠٩١-٢٣١١٣ zygote                  pid-23091                            I    at java.lang.Class com.facebook.common.dextricks.DexFileLoadNew.loadClassBinaryName(dalvik.system.DexFile, java.lang.String, java.lang.ClassLoader) (:1)
2026-06-04 20:41:35.982 ٢٣٠٩١-٢٣١١٣ zygote                  pid-23091                            I    at java.lang.Class com.facebook.common.dextricks.MultiDexClassLoaderJava$LoadApi.loadInnerNewApiClass(java.lang.String, android.util.Pair[], int) (:75)
2026-06-04 20:41:35.982 ٢٣٠٩١-٢٣١١٣ zygote                  pid-23091                            I    at java.lang.Class com.facebook.common.dextricks.MultiDexClassLoaderJava.loadInnerNewApiClass(java.lang.String, android.util.Pair[], int) (:2)
2026-06-04 20:41:35.982 ٢٣٠٩١-٢٣١١٣ zygote                  pid-23091                            I    at java.lang.Class com.facebook.common.dextricks.MultiDexClassLoaderJava.findClass(java.lang.String) (:70)
2026-06-04 20:41:35.982 ٢٣٠٩١-٢٣١١٣ zygote                  pid-23091                            I    at java.lang.Class com.facebook.common.dextricks.MultiDexClassLoaderJava.loadClass(java.lang.String, boolean) (:16)
2026-06-04 20:41:35.982 ٢٣٠٩١-٢٣١١٣ zygote                  pid-23091                            I    at java.lang.Class java.lang.ClassLoader.loadClass(java.lang.String, boolean) (ClassLoader.java:367)
2026-06-04 20:41:35.982 ٢٣٠٩١-٢٣١١٣ zygote                  pid-23091                            I    at java.lang.Class java.lang.ClassLoader.loadClass(java.lang.String) (ClassLoader.java:312)
2026-06-04 20:41:35.982 ٢٣٠٩١-٢٣١١٣ zygote                  pid-23091                            I    at java.lang.Object X.PyL.A06(java.lang.Object, int, X.3yl, int) (:1120)
2026-06-04 20:41:35.982 ٢٣٠٩١-٢٣١١٣ zygote                  pid-23091                            I    at java.lang.Object X.PyL.A04(int, X.3yl, java.lang.Object) (:5)
2026-06-04 20:41:35.982 ٢٣٠٩١-٢٣١١٣ zygote                  pid-23091                            I    at java.lang.Object X.15M.A02(int, X.3yl, java.lang.Object) (:71)
2026-06-04 20:41:35.982 ٢٣٠٩١-٢٣١١٣ zygote                  pid-23091                            I    at java.lang.Object X.16d.A03(X.3yl, int) (:69)
2026-06-04 20:41:35.982 ٢٣٠٩١-٢٣١١٣ zygote                  pid-23091                            I    at void com.facebook.common.appinit.invoker.OnApplicationInitInvoker.Bfl(int) (:524)
2026-06-04 20:41:35.982 ٢٣٠٩١-٢٣١١٣ zygote                  pid-23091                            I    at void X.0hk.run() (:146)
2026-06-04 20:41:35.982 ٢٣٠٩١-٢٣١١٣ zygote                  pid-23091                            I    at void java.util.concurrent.ThreadPoolExecutor.runWorker(java.util.concurrent.ThreadPoolExecutor$Worker) (ThreadPoolExecutor.java:1162)
2026-06-04 20:41:35.982 ٢٣٠٩١-٢٣١١٣ zygote                  pid-23091                            I    at void java.util.concurrent.ThreadPoolExecutor$Worker.run() (ThreadPoolExecutor.java:636)
2026-06-04 20:41:35.982 ٢٣٠٩١-٢٣١١٣ zygote                  pid-23091                            I    at void X.0EW.run() (:11)
2026-06-04 20:41:35.982 ٢٣٠٩١-٢٣١١٣ zygote                  pid-23091                            I    at void java.lang.Thread.run() (Thread.java:764)
2026-06-04 20:41:35.982 ٢٣٠٩١-٢٣١١٣ zygote                  pid-23091                            I  
2026-06-04 20:41:36.009 ٢٣٠٩١-٢٣١٢١ msgr.AppIn...eduler|Run pid-23091                            W    Finished InitFury in 139ms
2026-06-04 20:41:36.021 ٢٣٠٩١-٢٣٠٩٦ zygote                  pid-23091                            I  Do partial code cache collection, code=24KB, data=30KB
2026-06-04 20:41:36.022 ٢٣٠٩١-٢٣١١٤ msgr.AppIn...eduler|Run pid-23091                            W    Finished LanguageSwitcherCommonExInit in 129ms
2026-06-04 20:41:36.023 ٢٣٠٩١-٢٣١١٣ msgr.AppIn...eduler|Run pid-23091                            W    Finished DownloadedFbResources in 160ms
2026-06-04 20:41:36.029 ٢٢٩٣٢-٢٢٩٨٠ fb4a.InitStatus         com.facebook.katana                  W  Not blocking Provider (247304413)
2026-06-04 20:41:36.029 ٢٢٩٣٢-٢٢٩٨٠ fb4a.InitStatus         com.facebook.katana                  W  Not blocking Provider (247304413)
2026-06-04 20:41:36.033 ٢٣٠٩١-٢٣٠٩٦ zygote                  pid-23091                            I  After code cache collection, code=24KB, data=30KB
2026-06-04 20:41:36.033 ٢٣٠٩١-٢٣٠٩٦ zygote                  pid-23091                            I  Increasing code cache capacity to 128KB
2026-06-04 20:41:36.046 ٢٣٠٩١-٢٣١٢٢ msgr.lacrima            pid-23091                            W  Cannot find registered detector
2026-06-04 20:41:36.047 ٢٣٠٩١-٢٣١٢٢ msgr.AppIn...eduler|Run pid-23091                            W    Finished InitLacrimaLaterInit in 362ms
2026-06-04 20:41:36.051 ٢٣٠٩١-٢٣١١١ msgr.AppIn...eduler|Run pid-23091                            W    Finished AnalyticsLoggerInit in 284ms
2026-06-04 20:41:36.051 ٢٣٠٩١-٢٣١١١ msgr.AppIn...r|Schedule pid-23091                            W    Executing 4:AnalyticsLoggerPostInitReplay
2026-06-04 20:41:36.051 ٢٣٠٩١-٢٣١١١ msgr.AppIn...eduler|Run pid-23091                            W  Running AnalyticsLoggerPostInitReplay, order=55, priorityHint=NORMAL 
2026-06-04 20:41:36.052 ٢٣٠٩١-٢٣١٢٠ msgr.lacrima            pid-23091                            W  FixedLengthFiles.init() called twice.
2026-06-04 20:41:36.052 ٢٣٠٩١-٢٣١٢٠ msgr.lacrima            pid-23091                            W  FixedLengthFiles.init() called twice.
2026-06-04 20:41:36.059 ٢٣٠٩١-٢٣١١١ msgr.AppIn...eduler|Run pid-23091                            W    Finished AnalyticsLoggerPostInitReplay in 8ms
2026-06-04 20:41:36.092 ٢٣٠٩١-٢٣١٢٣ msgr.Quick...ggerModule pid-23091                            W  Provided QPL: 179928323
2026-06-04 20:41:36.092 ٢٣٠٩١-٢٣١٢٣ msgr.Quick...ggerModule pid-23091                            W  Providing QPL... end
2026-06-04 20:41:36.093 ٢٣٠٩١-٢٣١٢٣ msgr.AppIn...eduler|Run pid-23091                            W    Finished StartupQPLInit in 326ms
2026-06-04 20:41:36.093 ٢٣٠٩١-٢٣١٢٣ msgr.AppIn...r|Schedule pid-23091                            W    Executing 392:RunPerfMarkers
2026-06-04 20:41:36.093 ٢٣٠٩١-٢٣١٢٣ msgr.AppIn...r|Schedule pid-23091                            W    Executing 179:INeedInitForBroadcastReceiverRegister
2026-06-04 20:41:36.093 ٢٣٠٩١-٢٣١٢٣ msgr.AppIn...r|Schedule pid-23091                            W    Executing 451:ZeroLibraryInitializer
2026-06-04 20:41:36.093 ٢٣٠٩١-٢٣١٢٣ msgr.AppIn...r|Schedule pid-23091                            W    Executing 377:ProfiloBridgeFactoryImpl
2026-06-04 20:41:36.093 ٢٣٠٩١-٢٣١٢٣ msgr.AppIn...r|Schedule pid-23091                            W    Executing 356:PreloadHeroManager
2026-06-04 20:41:36.093 ٢٣٠٩١-٢٣١٢٣ msgr.AppIn...r|Schedule pid-23091                            W    Executing 371:PreloadTabPreloadablesBackgroundPrefetch
2026-06-04 20:41:36.093 ٢٣٠٩١-٢٣١٢٣ msgr.AppIn...r|Schedule pid-23091                            W    Executing 373:PreloadVideoPrivateSharing
2026-06-04 20:41:36.093 ٢٣٠٩١-٢٣١٢٣ msgr.AppIn...r|Schedule pid-23091                            W    Executing 401:SetupBlockingBackgroundComponentReporting
2026-06-04 20:41:36.093 ٢٣٠٩١-٢٣١٢٣ msgr.AppIn...r|Schedule pid-23091                            W    Executing 410:StartupQPLReplayer
2026-06-04 20:41:36.094 ٢٣٠٩١-٢٣١٢٣ msgr.AppIn...eduler|Run pid-23091                            W  Running INeedInitForBroadcastReceiverRegister, order=71, priorityHint=NORMAL 
2026-06-04 20:41:36.094 ٢٣٠٩١-٢٣١٢٥ msgr.AppIn...eduler|Run pid-23091                            W  Running RunPerfMarkers [*], order=35, priorityHint=NORMAL 
2026-06-04 20:41:36.094 ٢٣٠٩١-٢٣١١٢ msgr.AppIn...eduler|Run pid-23091                            W  Running ZeroLibraryInitializer, order=83, priorityHint=NORMAL 
2026-06-04 20:41:36.099 ٢٣٠٩١-٢٣١٢١ msgr.AppIn...eduler|Run pid-23091                            W  Running ProfiloBridgeFactoryImpl, order=100, priorityHint=NORMAL 
2026-06-04 20:41:36.101 ٢٣٠٩١-٢٣١١٤ msgr.AppIn...eduler|Run pid-23091                            W  Running PreloadHeroManager, order=115, priorityHint=LOW 
2026-06-04 20:41:36.101 ٢٣٠٩١-٢٣١١٣ msgr.AppIn...eduler|Run pid-23091                            W  Running PreloadTabPreloadablesBackgroundPrefetch, order=116, priorityHint=LOW 
2026-06-04 20:41:36.101 ٢٣٠٩١-٢٣١٢٤ msgr.AppIn...eduler|Run pid-23091                            W  Running SetupBlockingBackgroundComponentReporting, order=119, priorityHint=LOW 
