2026-06-04 20:41:35.663 ٢٣٠٩١-٢٣١١٥ zygote                  pid-23091                            I    at java.lang.Class com.facebook.common.dextricks.MultiDexClassLoaderJava.loadInnerNewApiClass(java.lang.String, android.util.Pair[], int) (:2)
2026-06-04 20:41:35.663 ٢٣٠٩١-٢٣١١٥ zygote                  pid-23091                            I    at java.lang.Class com.facebook.common.dextricks.MultiDexClassLoaderJava.findClass(java.lang.String) (:70)
2026-06-04 20:41:35.663 ٢٣٠٩١-٢٣١١٥ zygote                  pid-23091                            I    at java.lang.Class com.facebook.common.dextricks.MultiDexClassLoaderJava.loadClass(java.lang.String, boolean) (:16)
2026-06-04 20:41:35.663 ٢٣٠٩١-٢٣١١٥ zygote                  pid-23091                            I    at java.lang.Class java.lang.ClassLoader.loadClass(java.lang.String, boolean) (ClassLoader.java:367)
2026-06-04 20:41:35.663 ٢٣٠٩١-٢٣١١٥ zygote                  pid-23091                            I    at java.lang.Class java.lang.ClassLoader.loadClass(java.lang.String) (ClassLoader.java:312)
2026-06-04 20:41:35.663 ٢٣٠٩١-٢٣١١٥ zygote                  pid-23091                            I    at void com.facebook.secure.strictmodedi.StrictModeDI.<clinit>() (:0)
2026-06-04 20:41:35.663 ٢٣٠٩١-٢٣١١٥ zygote                  pid-23091                            I    at void com.facebook.messenger.app.MessengerApplicationImpl.A00() (:62)
2026-06-04 20:41:35.663 ٢٣٠٩١-٢٣١١٥ zygote                  pid-23091                            I    at void X.0Kd.run() (:6)
2026-06-04 20:41:35.663 ٢٣٠٩١-٢٣١١٥ zygote                  pid-23091                            I  Caused by: java.lang.ClassNotFoundException: Didn't find class "android.os.StrictMode$OnVmViolationListener" on path: DexPathList[[zip file "/data/app/com.facebook.orca-nT_I9pyVVuGLbkKA2ciAFA==/base.apk"],nativeLibraryDirectories=[/data/app/com.facebook.orca-nT_I9pyVVuGLbkKA2ciAFA==/lib/arm, /data/app/com.facebook.orca-nT_I9pyVVuGLbkKA2ciAFA==/base.apk!/lib/armeabi-v7a, /system/lib, /vendor/lib]]
2026-06-04 20:41:35.663 ٢٣٠٩١-٢٣١١٥ zygote                  pid-23091                            I    at java.lang.Class dalvik.system.BaseDexClassLoader.findClass(java.lang.String) (BaseDexClassLoader.java:93)
2026-06-04 20:41:35.663 ٢٣٠٩١-٢٣١١٥ zygote                  pid-23091                            I    at java.lang.Class java.lang.ClassLoader.loadClass(java.lang.String, boolean) (ClassLoader.java:379)
2026-06-04 20:41:35.663 ٢٣٠٩١-٢٣١١٥ zygote                  pid-23091                            I    at java.lang.Class java.lang.ClassLoader.loadClass(java.lang.String) (ClassLoader.java:312)
2026-06-04 20:41:35.663 ٢٣٠٩١-٢٣١١٥ zygote                  pid-23091                            I    at java.lang.Class dalvik.system.DexFile.defineClassNative(java.lang.String, java.lang.ClassLoader, java.lang.Object, dalvik.system.DexFile) (DexFile.java:-2)
2026-06-04 20:41:35.663 ٢٣٠٩١-٢٣١١٥ zygote                  pid-23091                            I    at java.lang.Class dalvik.system.DexFile.defineClass(java.lang.String, java.lang.ClassLoader, java.lang.Object, dalvik.system.DexFile, java.util.List) (DexFile.java:282)
2026-06-04 20:41:35.663 ٢٣٠٩١-٢٣١١٥ zygote                  pid-23091                            I    at java.lang.Class dalvik.system.DexFile.loadClassBinaryName(java.lang.String, java.lang.ClassLoader, java.util.List) (DexFile.java:275)
2026-06-04 20:41:35.663 ٢٣٠٩١-٢٣١١٥ zygote                  pid-23091                            I    at java.lang.Class com.facebook.common.dextricks.DexFileLoadNew.loadClassBinaryName(dalvik.system.DexFile, java.lang.String, java.lang.ClassLoader) (:1)
2026-06-04 20:41:35.663 ٢٣٠٩١-٢٣١١٥ zygote                  pid-23091                            I    at java.lang.Class com.facebook.common.dextricks.MultiDexClassLoaderJava$LoadApi.loadInnerNewApiClass(java.lang.String, android.util.Pair[], int) (:75)
2026-06-04 20:41:35.663 ٢٣٠٩١-٢٣١١٥ zygote                  pid-23091                            I    at java.lang.Class com.facebook.common.dextricks.MultiDexClassLoaderJava.loadInnerNewApiClass(java.lang.String, android.util.Pair[], int) (:2)
2026-06-04 20:41:35.663 ٢٣٠٩١-٢٣١١٥ zygote                  pid-23091                            I    at java.lang.Class com.facebook.common.dextricks.MultiDexClassLoaderJava.findClass(java.lang.String) (:70)
2026-06-04 20:41:35.663 ٢٣٠٩١-٢٣١١٥ zygote                  pid-23091                            I    at java.lang.Class com.facebook.common.dextricks.MultiDexClassLoaderJava.loadClass(java.lang.String, boolean) (:16)
2026-06-04 20:41:35.663 ٢٣٠٩١-٢٣١١٥ zygote                  pid-23091                            I    at java.lang.Class java.lang.ClassLoader.loadClass(java.lang.String, boolean) (ClassLoader.java:367)
2026-06-04 20:41:35.663 ٢٣٠٩١-٢٣١١٥ zygote                  pid-23091                            I    at java.lang.Class java.lang.ClassLoader.loadClass(java.lang.String) (ClassLoader.java:312)
2026-06-04 20:41:35.663 ٢٣٠٩١-٢٣١١٥ zygote                  pid-23091                            I    at void com.facebook.secure.strictmodedi.StrictModeDI.<clinit>() (:0)
2026-06-04 20:41:35.663 ٢٣٠٩١-٢٣١١٥ zygote                  pid-23091                            I    at void com.facebook.messenger.app.MessengerApplicationImpl.A00() (:62)
2026-06-04 20:41:35.663 ٢٣٠٩١-٢٣١١٥ zygote                  pid-23091                            I    at void X.0Kd.run() (:6)
2026-06-04 20:41:35.663 ٢٣٠٩١-٢٣١١٥ zygote                  pid-23091                            I  
2026-06-04 20:41:35.665 ٢٣٠٩١-٢٣١٢٣ AppInitScheduler|Run    pid-23091                            W    Finished ForegroundServiceTracker in 8ms
2026-06-04 20:41:35.666 ٢٣٠٩١-٢٣١٢٣ AppInitScheduler|Run    pid-23091                            W  Running HandleAppComponentsForPreTosBuild, order=70, priorityHint=NORMAL 
2026-06-04 20:41:35.669 ٢٣٠٩١-٢٣١٢٣ AppInitScheduler|Run    pid-23091                            W    Finished HandleAppComponentsForPreTosBuild in 4ms
2026-06-04 20:41:35.669 ٢٣٠٩١-٢٣١١٥ zygote                  pid-23091                            I  Rejecting re-init on previously-failed class java.lang.Class<X.0l2>: java.lang.NoClassDefFoundError: Failed resolution of: Landroid/os/StrictMode$OnVmViolationListener;
2026-06-04 20:41:35.669 ٢٣٠٩١-٢٣١١٥ zygote                  pid-23091                            I    at java.lang.Class dalvik.system.DexFile.defineClassNative(java.lang.String, java.lang.ClassLoader, java.lang.Object, dalvik.system.DexFile) (DexFile.java:-2)
2026-06-04 20:41:35.669 ٢٣٠٩١-٢٣١١٥ zygote                  pid-23091                            I    at java.lang.Class dalvik.system.DexFile.defineClass(java.lang.String, java.lang.ClassLoader, java.lang.Object, dalvik.system.DexFile, java.util.List) (DexFile.java:282)
2026-06-04 20:41:35.669 ٢٣٠٩١-٢٣١١٥ zygote                  pid-23091                            I    at java.lang.Class dalvik.system.DexFile.loadClassBinaryName(java.lang.String, java.lang.ClassLoader, java.util.List) (DexFile.java:275)
2026-06-04 20:41:35.669 ٢٣٠٩١-٢٣١١٥ zygote                  pid-23091                            I    at java.lang.Class com.facebook.common.dextricks.DexFileLoadNew.loadClassBinaryName(dalvik.system.DexFile, java.lang.String, java.lang.ClassLoader) (:1)
2026-06-04 20:41:35.669 ٢٣٠٩١-٢٣١١٥ zygote                  pid-23091                            I    at java.lang.Class com.facebook.common.dextricks.MultiDexClassLoaderJava$LoadApi.loadInnerNewApiClass(java.lang.String, android.util.Pair[], int) (:75)
2026-06-04 20:41:35.669 ٢٣٠٩١-٢٣١١٥ zygote                  pid-23091                            I    at java.lang.Class com.facebook.common.dextricks.MultiDexClassLoaderJava.loadInnerNewApiClass(java.lang.String, android.util.Pair[], int) (:2)
2026-06-04 20:41:35.669 ٢٣٠٩١-٢٣١١٥ zygote                  pid-23091                            I    at java.lang.Class com.facebook.common.dextricks.MultiDexClassLoaderJava.findClass(java.lang.String) (:70)
2026-06-04 20:41:35.669 ٢٣٠٩١-٢٣١١٥ zygote                  pid-23091                            I    at java.lang.Class com.facebook.common.dextricks.MultiDexClassLoaderJava.loadClass(java.lang.String, boolean) (:16)
2026-06-04 20:41:35.669 ٢٣٠٩١-٢٣١١٥ zygote                  pid-23091                            I    at java.lang.Class java.lang.ClassLoader.loadClass(java.lang.String, boolean) (ClassLoader.java:367)
2026-06-04 20:41:35.669 ٢٣٠٩١-٢٣١١٥ zygote                  pid-23091                            I    at java.lang.Class java.lang.ClassLoader.loadClass(java.lang.String) (ClassLoader.java:312)
2026-06-04 20:41:35.670 ٢٣٠٩١-٢٣١١٥ zygote                  pid-23091                            I    at void com.facebook.secure.strictmodedi.StrictModeDI.<clinit>() (:0)
2026-06-04 20:41:35.670 ٢٣٠٩١-٢٣١١٥ zygote                  pid-23091                            I    at void com.facebook.messenger.app.MessengerApplicationImpl.A00() (:62)
2026-06-04 20:41:35.670 ٢٣٠٩١-٢٣١١٥ zygote                  pid-23091                            I    at void X.0Kd.run() (:6)
2026-06-04 20:41:35.670 ٢٣٠٩١-٢٣١١٥ zygote                  pid-23091                            I  Caused by: java.lang.ClassNotFoundException: Didn't find class "android.os.StrictMode$OnVmViolationListener" on path: DexPathList[[zip file "/data/app/com.facebook.orca-nT_I9pyVVuGLbkKA2ciAFA==/base.apk"],nativeLibraryDirectories=[/data/app/com.facebook.orca-nT_I9pyVVuGLbkKA2ciAFA==/lib/arm, /data/app/com.facebook.orca-nT_I9pyVVuGLbkKA2ciAFA==/base.apk!/lib/armeabi-v7a, /system/lib, /vendor/lib]]
2026-06-04 20:41:35.670 ٢٣٠٩١-٢٣١١٥ zygote                  pid-23091                            I    at java.lang.Class dalvik.system.BaseDexClassLoader.findClass(java.lang.String) (BaseDexClassLoader.java:93)
2026-06-04 20:41:35.670 ٢٣٠٩١-٢٣١١٥ zygote                  pid-23091                            I    at java.lang.Class java.lang.ClassLoader.loadClass(java.lang.String, boolean) (ClassLoader.java:379)
2026-06-04 20:41:35.670 ٢٣٠٩١-٢٣١١٥ zygote                  pid-23091                            I    at java.lang.Class java.lang.ClassLoader.loadClass(java.lang.String) (ClassLoader.java:312)
2026-06-04 20:41:35.670 ٢٣٠٩١-٢٣١١٥ zygote                  pid-23091                            I    at java.lang.Class dalvik.system.DexFile.defineClassNative(java.lang.String, java.lang.ClassLoader, java.lang.Object, dalvik.system.DexFile) (DexFile.java:-2)
2026-06-04 20:41:35.670 ٢٣٠٩١-٢٣١١٥ zygote                  pid-23091                            I    at java.lang.Class dalvik.system.DexFile.defineClass(java.lang.String, java.lang.ClassLoader, java.lang.Object, dalvik.system.DexFile, java.util.List) (DexFile.java:282)
2026-06-04 20:41:35.670 ٢٣٠٩١-٢٣١١٥ zygote                  pid-23091                            I    at java.lang.Class dalvik.system.DexFile.loadClassBinaryName(java.lang.String, java.lang.ClassLoader, java.util.List) (DexFile.java:275)
2026-06-04 20:41:35.670 ٢٣٠٩١-٢٣١١٥ zygote                  pid-23091                            I    at java.lang.Class com.facebook.common.dextricks.DexFileLoadNew.loadClassBinaryName(dalvik.system.DexFile, java.lang.String, java.lang.ClassLoader) (:1)
2026-06-04 20:41:35.670 ٢٣٠٩١-٢٣١١٥ zygote                  pid-23091                            I    at java.lang.Class com.facebook.common.dextricks.MultiDexClassLoaderJava$LoadApi.loadInnerNewApiClass(java.lang.String, android.util.Pair[], int) (:75)
2026-06-04 20:41:35.670 ٢٣٠٩١-٢٣١١٥ zygote                  pid-23091                            I    at java.lang.Class com.facebook.common.dextricks.MultiDexClassLoaderJava.loadInnerNewApiClass(java.lang.String, android.util.Pair[], int) (:2)
2026-06-04 20:41:35.670 ٢٣٠٩١-٢٣١١٥ zygote                  pid-23091                            I    at java.lang.Class com.facebook.common.dextricks.MultiDexClassLoaderJava.findClass(java.lang.String) (:70)
2026-06-04 20:41:35.670 ٢٣٠٩١-٢٣١١٥ zygote                  pid-23091                            I    at java.lang.Class com.facebook.common.dextricks.MultiDexClassLoaderJava.loadClass(java.lang.String, boolean) (:16)
2026-06-04 20:41:35.670 ٢٣٠٩١-٢٣١١٥ zygote                  pid-23091                            I    at java.lang.Class java.lang.ClassLoader.loadClass(java.lang.String, boolean) (ClassLoader.java:367)
2026-06-04 20:41:35.670 ٢٣٠٩١-٢٣١٢٣ AppInitScheduler|Run    pid-23091                            W  Running INeedInitForEventBusRegister, order=72, priorityHint=NORMAL 
2026-06-04 20:41:35.670 ٢٣٠٩١-٢٣١١٥ zygote                  pid-23091                            I    at java.lang.Class java.lang.ClassLoader.loadClass(java.lang.String) (ClassLoader.java:312)
2026-06-04 20:41:35.670 ٢٣٠٩١-٢٣١١٥ zygote                  pid-23091                            I    at void com.facebook.secure.strictmodedi.StrictModeDI.<clinit>() (:0)
2026-06-04 20:41:35.670 ٢٣٠٩١-٢٣١١٥ zygote                  pid-23091                            I    at void com.facebook.messenger.app.MessengerApplicationImpl.A00() (:62)
2026-06-04 20:41:35.670 ٢٣٠٩١-٢٣١١٥ zygote                  pid-23091                            I    at void X.0Kd.run() (:6)
2026-06-04 20:41:35.670 ٢٣٠٩١-٢٣١١٥ zygote                  pid-23091                            I  
2026-06-04 20:41:35.674 ٢٣٠٩١-٢٣١١٥ zygote                  pid-23091                            I  Rejecting re-init on previously-failed class java.lang.Class<X.0l2>: java.lang.NoClassDefFoundError: Failed resolution of: Landroid/os/StrictMode$OnVmViolationListener;
2026-06-04 20:41:35.674 ٢٣٠٩١-٢٣١١٥ zygote                  pid-23091                            I    at java.lang.Class dalvik.system.DexFile.defineClassNative(java.lang.String, java.lang.ClassLoader, java.lang.Object, dalvik.system.DexFile) (DexFile.java:-2)
2026-06-04 20:41:35.674 ٢٣٠٩١-٢٣١١٥ zygote                  pid-23091                            I    at java.lang.Class dalvik.system.DexFile.defineClass(java.lang.String, java.lang.ClassLoader, java.lang.Object, dalvik.system.DexFile, java.util.List) (DexFile.java:282)
2026-06-04 20:41:35.674 ٢٣٠٩١-٢٣١١٥ zygote                  pid-23091                            I    at java.lang.Class dalvik.system.DexFile.loadClassBinaryName(java.lang.String, java.lang.ClassLoader, java.util.List) (DexFile.java:275)
2026-06-04 20:41:35.674 ٢٣٠٩١-٢٣١١٥ zygote                  pid-23091                            I    at java.lang.Class com.facebook.common.dextricks.DexFileLoadNew.loadClassBinaryName(dalvik.system.DexFile, java.lang.String, java.lang.ClassLoader) (:1)
2026-06-04 20:41:35.674 ٢٣٠٩١-٢٣١١٥ zygote                  pid-23091                            I    at java.lang.Class com.facebook.common.dextricks.MultiDexClassLoaderJava$LoadApi.loadInnerNewApiClass(java.lang.String, android.util.Pair[], int) (:75)
2026-06-04 20:41:35.674 ٢٣٠٩١-٢٣١١٥ zygote                  pid-23091                            I    at java.lang.Class com.facebook.common.dextricks.MultiDexClassLoaderJava.loadInnerNewApiClass(java.lang.String, android.util.Pair[], int) (:2)
2026-06-04 20:41:35.674 ٢٣٠٩١-٢٣١١٥ zygote                  pid-23091                            I    at java.lang.Class com.facebook.common.dextricks.MultiDexClassLoaderJava.findClass(java.lang.String) (:70)
2026-06-04 20:41:35.674 ٢٣٠٩١-٢٣١١٥ zygote                  pid-23091                            I    at java.lang.Class com.facebook.common.dextricks.MultiDexClassLoaderJava.loadClass(java.lang.String, boolean) (:16)
2026-06-04 20:41:35.674 ٢٣٠٩١-٢٣١١٥ zygote                  pid-23091                            I    at java.lang.Class java.lang.ClassLoader.loadClass(java.lang.String, boolean) (ClassLoader.java:367)
2026-06-04 20:41:35.674 ٢٣٠٩١-٢٣١١٥ zygote                  pid-23091                            I    at java.lang.Class java.lang.ClassLoader.loadClass(java.lang.String) (ClassLoader.java:312)
2026-06-04 20:41:35.674 ٢٣٠٩١-٢٣١١٥ zygote                  pid-23091                            I    at void com.facebook.secure.strictmodedi.StrictModeDI.<clinit>() (:0)
2026-06-04 20:41:35.674 ٢٣٠٩١-٢٣١١٥ zygote                  pid-23091                            I    at void com.facebook.messenger.app.MessengerApplicationImpl.A00() (:62)
2026-06-04 20:41:35.674 ٢٣٠٩١-٢٣١١٥ zygote                  pid-23091                            I    at void X.0Kd.run() (:6)
2026-06-04 20:41:35.674 ٢٣٠٩١-٢٣١١٥ zygote                  pid-23091                            I  Caused by: java.lang.ClassNotFoundException: Didn't find class "android.os.StrictMode$OnVmViolationListener" on path: DexPathList[[zip file "/data/app/com.facebook.orca-nT_I9pyVVuGLbkKA2ciAFA==/base.apk"],nativeLibraryDirectories=[/data/app/com.facebook.orca-nT_I9pyVVuGLbkKA2ciAFA==/lib/arm, /data/app/com.facebook.orca-nT_I9pyVVuGLbkKA2ciAFA==/base.apk!/lib/armeabi-v7a, /system/lib, /vendor/lib]]
2026-06-04 20:41:35.674 ٢٣٠٩١-٢٣١١٥ zygote                  pid-23091                            I    at java.lang.Class dalvik.system.BaseDexClassLoader.findClass(java.lang.String) (BaseDexClassLoader.java:93)
2026-06-04 20:41:35.674 ٢٣٠٩١-٢٣١١٥ zygote                  pid-23091                            I    at java.lang.Class java.lang.ClassLoader.loadClass(java.lang.String, boolean) (ClassLoader.java:379)
2026-06-04 20:41:35.674 ٢٣٠٩١-٢٣١١٥ zygote                  pid-23091                            I    at java.lang.Class java.lang.ClassLoader.loadClass(java.lang.String) (ClassLoader.java:312)
2026-06-04 20:41:35.674 ٢٣٠٩١-٢٣١١٥ zygote                  pid-23091                            I    at java.lang.Class dalvik.system.DexFile.defineClassNative(java.lang.String, java.lang.ClassLoader, java.lang.Object, dalvik.system.DexFile) (DexFile.java:-2)
2026-06-04 20:41:35.674 ٢٣٠٩١-٢٣١١٥ zygote                  pid-23091                            I    at java.lang.Class dalvik.system.DexFile.defineClass(java.lang.String, java.lang.ClassLoader, java.lang.Object, dalvik.system.DexFile, java.util.List) (DexFile.java:282)
2026-06-04 20:41:35.674 ٢٣٠٩١-٢٣١١٥ zygote                  pid-23091                            I    at java.lang.Class dalvik.system.DexFile.loadClassBinaryName(java.lang.String, java.lang.ClassLoader, java.util.List) (DexFile.java:275)
2026-06-04 20:41:35.674 ٢٣٠٩١-٢٣١١٥ zygote                  pid-23091                            I    at java.lang.Class com.facebook.common.dextricks.DexFileLoadNew.loadClassBinaryName(dalvik.system.DexFile, java.lang.String, java.lang.ClassLoader) (:1)
2026-06-04 20:41:35.674 ٢٣٠٩١-٢٣١١٥ zygote                  pid-23091                            I    at java.lang.Class com.facebook.common.dextricks.MultiDexClassLoaderJava$LoadApi.loadInnerNewApiClass(java.lang.String, android.util.Pair[], int) (:75)
2026-06-04 20:41:35.674 ٢٣٠٩١-٢٣١١٥ zygote                  pid-23091                            I    at java.lang.Class com.facebook.common.dextricks.MultiDexClassLoaderJava.loadInnerNewApiClass(java.lang.String, android.util.Pair[], int) (:2)
2026-06-04 20:41:35.674 ٢٣٠٩١-٢٣١١٥ zygote                  pid-23091                            I    at java.lang.Class com.facebook.common.dextricks.MultiDexClassLoaderJava.findClass(java.lang.String) (:70)
2026-06-04 20:41:35.674 ٢٣٠٩١-٢٣١١٥ zygote                  pid-23091                            I    at java.lang.Class com.facebook.common.dextricks.MultiDexClassLoaderJava.loadClass(java.lang.String, boolean) (:16)
2026-06-04 20:41:35.674 ٢٣٠٩١-٢٣١١٥ zygote                  pid-23091                            I    at java.lang.Class java.lang.ClassLoader.loadClass(java.lang.String, boolean) (ClassLoader.java:367)
2026-06-04 20:41:35.674 ٢٣٠٩١-٢٣١١٥ zygote                  pid-23091                            I    at java.lang.Class java.lang.ClassLoader.loadClass(java.lang.String) (ClassLoader.java:312)
2026-06-04 20:41:35.674 ٢٣٠٩١-٢٣١١٥ zygote                  pid-23091                            I    at void com.facebook.secure.strictmodedi.StrictModeDI.<clinit>() (:0)
2026-06-04 20:41:35.674 ٢٣٠٩١-٢٣١١٥ zygote                  pid-23091                            I    at void com.facebook.messenger.app.MessengerApplicationImpl.A00() (:62)
2026-06-04 20:41:35.674 ٢٣٠٩١-٢٣١١٥ zygote                  pid-23091                            I    at void X.0Kd.run() (:6)
2026-06-04 20:41:35.674 ٢٣٠٩١-٢٣١١٥ zygote                  pid-23091                            I  
2026-06-04 20:41:35.674 ٢٣٠٩١-٢٣١١٥ zygote                  pid-23091                            I  Rejecting re-init on previously-failed class java.lang.Class<X.0l2>: java.lang.NoClassDefFoundError: Failed resolution of: Landroid/os/StrictMode$OnVmViolationListener;
2026-06-04 20:41:35.674 ٢٣٠٩١-٢٣١٢٣ AppInitScheduler|Run    pid-23091                            W    Finished INeedInitForEventBusRegister in 5ms
2026-06-04 20:41:35.674 ٢٣٠٩١-٢٣١١٥ zygote                  pid-23091                            I    at java.lang.Class dalvik.system.DexFile.defineClassNative(java.lang.String, java.lang.ClassLoader, java.lang.Object, dalvik.system.DexFile) (DexFile.java:-2)
2026-06-04 20:41:35.674 ٢٣٠٩١-٢٣١١٥ zygote                  pid-23091                            I    at java.lang.Class dalvik.system.DexFile.defineClass(java.lang.String, java.lang.ClassLoader, java.lang.Object, dalvik.system.DexFile, java.util.List) (DexFile.java:282)
2026-06-04 20:41:35.674 ٢٣٠٩١-٢٣١١٥ zygote                  pid-23091                            I    at java.lang.Class dalvik.system.DexFile.loadClassBinaryName(java.lang.String, java.lang.ClassLoader, java.util.List) (DexFile.java:275)
2026-06-04 20:41:35.674 ٢٣٠٩١-٢٣١١٥ zygote                  pid-23091                            I    at java.lang.Class com.facebook.common.dextricks.DexFileLoadNew.loadClassBinaryName(dalvik.system.DexFile, java.lang.String, java.lang.ClassLoader) (:1)
2026-06-04 20:41:35.674 ٢٣٠٩١-٢٣١١٥ zygote                  pid-23091                            I    at java.lang.Class com.facebook.common.dextricks.MultiDexClassLoaderJava$LoadApi.loadInnerNewApiClass(java.lang.String, android.util.Pair[], int) (:75)
2026-06-04 20:41:35.674 ٢٣٠٩١-٢٣١١٥ zygote                  pid-23091                            I    at java.lang.Class com.facebook.common.dextricks.MultiDexClassLoaderJava.loadInnerNewApiClass(java.lang.String, android.util.Pair[], int) (:2)
2026-06-04 20:41:35.674 ٢٣٠٩١-٢٣١١٥ zygote                  pid-23091                            I    at java.lang.Class com.facebook.common.dextricks.MultiDexClassLoaderJava.findClass(java.lang.String) (:70)
2026-06-04 20:41:35.674 ٢٣٠٩١-٢٣١١٥ zygote                  pid-23091                            I    at java.lang.Class com.facebook.common.dextricks.MultiDexClassLoaderJava.loadClass(java.lang.String, boolean) (:16)
2026-06-04 20:41:35.674 ٢٣٠٩١-٢٣١١٥ zygote                  pid-23091                            I    at java.lang.Class java.lang.ClassLoader.loadClass(java.lang.String, boolean) (ClassLoader.java:367)
2026-06-04 20:41:35.675 ٢٣٠٩١-٢٣١١٥ zygote                  pid-23091                            I    at java.lang.Class java.lang.ClassLoader.loadClass(java.lang.String) (ClassLoader.java:312)
2026-06-04 20:41:35.675 ٢٣٠٩١-٢٣١١٥ zygote                  pid-23091                            I    at void com.facebook.secure.strictmodedi.StrictModeDI.<clinit>() (:0)
2026-06-04 20:41:35.675 ٢٣٠٩١-٢٣١١٥ zygote                  pid-23091                            I    at void com.facebook.messenger.app.MessengerApplicationImpl.A00() (:62)
2026-06-04 20:41:35.675 ٢٣٠٩١-٢٣١١٥ zygote                  pid-23091                            I    at void X.0Kd.run() (:6)
2026-06-04 20:41:35.675 ٢٣٠٩١-٢٣١١٥ zygote                  pid-23091                            I  Caused by: java.lang.ClassNotFoundException: Didn't find class "android.os.StrictMode$OnVmViolationListener" on path: DexPathList[[zip file "/data/app/com.facebook.orca-nT_I9pyVVuGLbkKA2ciAFA==/base.apk"],nativeLibraryDirectories=[/data/app/com.facebook.orca-nT_I9pyVVuGLbkKA2ciAFA==/lib/arm, /data/app/com.facebook.orca-nT_I9pyVVuGLbkKA2ciAFA==/base.apk!/lib/armeabi-v7a, /system/lib, /vendor/lib]]
2026-06-04 20:41:35.675 ٢٣٠٩١-٢٣١١٥ zygote                  pid-23091                            I    at java.lang.Class dalvik.system.BaseDexClassLoader.findClass(java.lang.String) (BaseDexClassLoader.java:93)
2026-06-04 20:41:35.675 ٢٣٠٩١-٢٣١١٥ zygote                  pid-23091                            I    at java.lang.Class java.lang.ClassLoader.loadClass(java.lang.String, boolean) (ClassLoader.java:379)
2026-06-04 20:41:35.675 ٢٣٠٩١-٢٣١١٥ zygote                  pid-23091                            I    at java.lang.Class java.lang.ClassLoader.loadClass(java.lang.String) (ClassLoader.java:312)
2026-06-04 20:41:35.675 ٢٣٠٩١-٢٣١١٥ zygote                  pid-23091                            I    at java.lang.Class dalvik.system.DexFile.defineClassNative(java.lang.String, java.lang.ClassLoader, java.lang.Object, dalvik.system.DexFile) (DexFile.java:-2)
2026-06-04 20:41:35.675 ٢٣٠٩١-٢٣١٢٣ AppInitScheduler|Run    pid-23091                            W  Running INeedInitForGatekeepersListenerRegister, order=73, priorityHint=NORMAL 
2026-06-04 20:41:35.675 ٢٣٠٩١-٢٣١١٥ zygote                  pid-23091                            I    at java.lang.Class dalvik.system.DexFile.defineClass(java.lang.String, java.lang.ClassLoader, java.lang.Object, dalvik.system.DexFile, java.util.List) (DexFile.java:282)
2026-06-04 20:41:35.675 ٢٣٠٩١-٢٣١١٥ zygote                  pid-23091                            I    at java.lang.Class dalvik.system.DexFile.loadClassBinaryName(java.lang.String, java.lang.ClassLoader, java.util.List) (DexFile.java:275)
2026-06-04 20:41:35.675 ٢٣٠٩١-٢٣١١٥ zygote                  pid-23091                            I    at java.lang.Class com.facebook.common.dextricks.DexFileLoadNew.loadClassBinaryName(dalvik.system.DexFile, java.lang.String, java.lang.ClassLoader) (:1)
2026-06-04 20:41:35.675 ٢٣٠٩١-٢٣١١٥ zygote                  pid-23091                            I    at java.lang.Class com.facebook.common.dextricks.MultiDexClassLoaderJava$LoadApi.loadInnerNewApiClass(java.lang.String, android.util.Pair[], int) (:75)
2026-06-04 20:41:35.675 ٢٣٠٩١-٢٣١١٥ zygote                  pid-23091                            I    at java.lang.Class com.facebook.common.dextricks.MultiDexClassLoaderJava.loadInnerNewApiClass(java.lang.String, android.util.Pair[], int) (:2)
2026-06-04 20:41:35.675 ٢٣٠٩١-٢٣١١٥ zygote                  pid-23091                            I    at java.lang.Class com.facebook.common.dextricks.MultiDexClassLoaderJava.findClass(java.lang.String) (:70)
2026-06-04 20:41:35.675 ٢٣٠٩١-٢٣١١٥ zygote                  pid-23091                            I    at java.lang.Class com.facebook.common.dextricks.MultiDexClassLoaderJava.loadClass(java.lang.String, boolean) (:16)
2026-06-04 20:41:35.675 ٢٣٠٩١-٢٣١١٥ zygote                  pid-23091                            I    at java.lang.Class java.lang.ClassLoader.loadClass(java.lang.String, boolean) (ClassLoader.java:367)
2026-06-04 20:41:35.675 ٢٣٠٩١-٢٣١١٥ zygote                  pid-23091                            I    at java.lang.Class java.lang.ClassLoader.loadClass(java.lang.String) (ClassLoader.java:312)
2026-06-04 20:41:35.675 ٢٣٠٩١-٢٣١١٥ zygote                  pid-23091                            I    at void com.facebook.secure.strictmodedi.StrictModeDI.<clinit>() (:0)
2026-06-04 20:41:35.675 ٢٣٠٩١-٢٣١١٥ zygote                  pid-23091                            I    at void com.facebook.messenger.app.MessengerApplicationImpl.A00() (:62)
2026-06-04 20:41:35.675 ٢٣٠٩١-٢٣١١٥ zygote                  pid-23091                            I    at void X.0Kd.run() (:6)
2026-06-04 20:41:35.675 ٢٣٠٩١-٢٣١١٥ zygote                  pid-23091                            I  
2026-06-04 20:41:35.682 ٢٣٠٩١-٢٣١٢٢ AppInitScheduler|Run    pid-23091                            W    Finished InitTerminateHandler in 55ms
2026-06-04 20:41:35.682 ٢٣٠٩١-٢٣١٢٢ AppInitScheduler|Run    pid-23091                            W  Running InitAndroidX, order=75, priorityHint=NORMAL 
2026-06-04 20:41:35.683 ٢٢٩٣٢-٢٢٩٩٣ fb4a.ReqContexts        com.facebook.katana                  W  fail() skipped
2026-06-04 20:41:35.685 ٢٣٠٩١-٢٣١٢٢ AppInitScheduler|Run    pid-23091                            W    Finished InitAndroidX in 3ms
2026-06-04 20:41:35.686 ٢٣٠٩١-٢٣١٢٢ AppInitScheduler|Run    pid-23091                            W  Running InitLacrimaLaterInit, order=77, priorityHint=NORMAL 
2026-06-04 20:41:35.688 ٢٣٠٩١-٢٣١٢٢ MessengerLacrimaConfig  pid-23091                            W  MessengerLacrimaConfig.laterInit
2026-06-04 20:41:35.690 ٢٣٠٩١-٢٣١١٣ AppInitScheduler|Run    pid-23091                            W    Finished MessengerMCPPluginInitializer in 34ms
2026-06-04 20:41:35.691 ٢٣٠٩١-٢٣١١٣ AppInitScheduler|Run    pid-23091                            W  Running InitLogging, order=78, priorityHint=NORMAL 
2026-06-04 20:41:35.698 ٢٣٠٩١-٢٣١٢٤ AppInitScheduler|Run    pid-23091                            W    Finished InitExecutors in 104ms
2026-06-04 20:41:35.698 ٢٣٠٩١-٢٣١٢٤ msgr.AppIn...r|Schedule pid-23091                            W    Executing 414:StringResourcesDelegate
2026-06-04 20:41:35.698 ٢٣٠٩١-٢٣١١٣ msgr.AppIn...eduler|Run pid-23091                            W    Finished InitLogging in 8ms
2026-06-04 20:41:35.699 ٢٣٠٩١-٢٣١١٣ msgr.AppIn...eduler|Run pid-23091                            W  Running StringResourcesDelegate [*], order=29, priorityHint=HIGH 
2026-06-04 20:41:35.699 ٢٣٠٩١-٢٣١٢٤ msgr.AppIn...eduler|Run pid-23091                            W  Running InitSystrace, order=85, priorityHint=NORMAL 
2026-06-04 20:41:35.699 ٢٣٠٩١-٢٣١٢٤ msgr.AppIn...eduler|Run pid-23091                            W    Finished InitSystrace in 0ms
2026-06-04 20:41:35.701 ٢٣٠٩١-٢٣١٢٤ msgr.AppIn...eduler|Run pid-23091                            W  Running LogController, order=89, priorityHint=NORMAL 
2026-06-04 20:41:35.702 ٢٣٠٩١-٢٣١١١ msgr.AppIn...eduler|Run pid-23091                            W    Finished InitAuthentication in 109ms
2026-06-04 20:41:35.705 ٢٣٠٩١-٢٣١١١ msgr.AppIn...r|Schedule pid-23091                            W    Executing 261:MobileConfigAdminIdInit
2026-06-04 20:41:35.705 ٢٣٠٩١-٢٣١١١ msgr.AppIn...r|Schedule pid-23091                            W    Executing 263:MobileConfigInit
2026-06-04 20:41:35.705 ٢٣٠٩١-٢٣١١١ msgr.AppIn...r|Schedule pid-23091                            W    Executing 149:ErrorReporterSecondaryInit
2026-06-04 20:41:35.706 ٢٣٠٩١-٢٣١١١ msgr.AppIn...eduler|Run pid-23091                            W  Running MobileConfigAdminIdInit [*], order=24, priorityHint=VERY_HIGH 
2026-06-04 20:41:35.708 ٢٣٠٩١-٢٣١٢٣ msgr.AppIn...eduler|Run pid-23091                            W    Finished INeedInitForGatekeepersListenerRegister in 34ms
2026-06-04 20:41:35.711 ٢٣٠٩١-٢٣١٢٣ msgr.AppIn...eduler|Run pid-23091                            W  Running MobileConfigInit [*], order=25, priorityHint=VERY_HIGH 
2026-06-04 20:41:35.715 ٢٣٠٩١-٢٣١١٢ msgr.AppIn...eduler|Run pid-23091                            W    Finished MobileConfigSessionlessInit in 121ms
2026-06-04 20:41:35.715 ٢٣٠٩١-٢٣١١٢ msgr.AppIn...r|Schedule pid-23091                            W    Executing 131:E2EForceMobileConfigSessionlessFetch
2026-06-04 20:41:35.715 ٢٣٠٩١-٢٣١١٢ msgr.AppIn...r|Schedule pid-23091                            W    Executing 376:PrivacyUiiDetectionLogger
2026-06-04 20:41:35.715 ٢٣٠٩١-٢٣١١٢ msgr.AppIn...eduler|Run pid-23091                            W  Running E2EForceMobileConfigSessionlessFetch [*], order=32, priorityHint=NORMAL 
2026-06-04 20:41:35.717 ٢٣٠٩١-٢٣١١٢ msgr.AppIn...eduler|Run pid-23091                            W    Finished E2EForceMobileConfigSessionlessFetch in 2ms
2026-06-04 20:41:35.721 ٢٣٠٩١-٢٣١١٢ msgr.AppIn...r|Schedule pid-23091                            W    Executing 267:MobileConfigSessionlessLaterInit
2026-06-04 20:41:35.721 ٢٣٠٩١-٢٣١١٢ msgr.AppIn...eduler|Run pid-23091                            W  Running PrivacyUiiDetectionLogger [*], order=38, priorityHint=LOW 
2026-06-04 20:41:35.726 ٢٣٠٩١-٢٣١١١ msgr.AppIn...eduler|Run pid-23091                            W    Finished MobileConfigAdminIdInit in 21ms
2026-06-04 20:41:35.726 ٢٣٠٩١-٢٣١١١ msgr.AppIn...r|Schedule pid-23091                            W    Executing 448:WarmVolumeCache
2026-06-04 20:41:35.726 ٢٣٠٩١-٢٣١١١ msgr.AppIn...r|Schedule pid-23091                            W    Executing 262:MobileConfigAdminIdLaterInit
2026-06-04 20:41:35.726 ٢٣٠٩١-٢٣١١١ msgr.AppIn...eduler|Run pid-23091                            W  Running WarmVolumeCache, order=52, priorityHint=HIGH 
2026-06-04 20:41:35.729 ٢٣٠٩١-٢٣١١١ msgr.AppIn...eduler|Run pid-23091                            W    Finished WarmVolumeCache in 2ms
2026-06-04 20:41:35.729 ٢٣٠٩١-٢٣١١١ msgr.AppIn...eduler|Run pid-23091                            W  Running ErrorReporterSecondaryInit, order=61, priorityHint=NORMAL 
2026-06-04 20:41:35.730 ٢٣٠٩١-٢٣١١٢ msgr.AppIn...eduler|Run pid-23091                            W    Finished PrivacyUiiDetectionLogger in 9ms
2026-06-04 20:41:35.731 ٢٣٠٩١-٢٣١١٢ msgr.AppIn...eduler|Run pid-23091                            W  Running MessengerBindToFirebaseProcess, order=92, priorityHint=NORMAL 
2026-06-04 20:41:35.731   ٥٢٠-٥٢٠   WifiHAL                 android.hardware.wifi@1.0-service    E  wifi_get_logger_supported_feature_set: Error -3 happened. 
2026-06-04 20:41:35.732 ٢٣٠٩١-٢٣١١٢ msgr.AppIn...eduler|Run pid-23091                            W    Finished MessengerBindToFirebaseProcess in 1ms
2026-06-04 20:41:35.732 ٢٣٠٩١-٢٣١١٢ msgr.AppIn...eduler|Run pid-23091                            W  Running MessengerInstacrashLoopBugReport, order=93, priorityHint=NORMAL 
2026-06-04 20:41:35.733 ٢٣٠٩١-٢٣١١٢ msgr.AppIn...eduler|Run pid-23091                            W    Finished MessengerInstacrashLoopBugReport in 0ms
2026-06-04 20:41:35.733 ٢٣٠٩١-٢٣١١٢ msgr.AppIn...eduler|Run pid-23091                            W  Running MessengerThemeInitializer, order=95, priorityHint=NORMAL 
2026-06-04 20:41:35.734 ٢٣٠٩١-٢٣١٢٥ msgr.AppIn...eduler|Run pid-23091                            W    Finished FixieActivityManagerHook in 130ms
2026-06-04 20:41:35.735 ٢٣٠٩١-٢٣١٢٥ msgr.AppIn...eduler|Run pid-23091                            W  Running MprotectCode, order=96, priorityHint=NORMAL 
2026-06-04 20:41:35.736 ٢٣٠٩١-٢٣١١٢ msgr.AppIn...eduler|Run pid-23091                            W    Finished MessengerThemeInitializer in 2ms
2026-06-04 20:41:35.736 ٢٣٠٩١-٢٣١١٢ msgr.AppIn...eduler|Run pid-23091                            W  Running ObjectCountJestE2EBridge, order=98, priorityHint=NORMAL 
2026-06-04 20:41:35.736 ٢٣٠٩١-٢٣١١٢ msgr.AppIn...eduler|Run pid-23091                            W    Finished ObjectCountJestE2EBridge in 0ms
2026-06-04 20:41:35.737 ٢٣٠٩١-٢٣١٢٥ msgr.AppIn...eduler|Run pid-23091                            W    Finished MprotectCode in 2ms
2026-06-04 20:41:35.737 ٢٣٠٩١-٢٣١١٢ msgr.AppIn...eduler|Run pid-23091                            W  Running OrcaFirstInstallInitializer, order=99, priorityHint=NORMAL 
2026-06-04 20:41:35.737 ٢٣٠٩١-٢٣١٢٥ msgr.AppIn...eduler|Run pid-23091                            W  Running RasFileInitializer, order=101, priorityHint=NORMAL 
2026-06-04 20:41:35.737 ٢٣٠٩١-٢٣١٢٥ msgr.AppIn...eduler|Run pid-23091                            W    Finished RasFileInitializer in 0ms
2026-06-04 20:41:35.738 ٢٢٩٣٢-٢٢٩٩٣ fb4a.BaseA...tatusUtils com.facebook.katana                  W  Remote app took too long to respond, using default status.
2026-06-04 20:41:35.738 ٢٣٠٩١-٢٣١٢٥ msgr.AppIn...eduler|Run pid-23091                            W  Running RegisterMainLooperTracer, order=102, priorityHint=NORMAL 
2026-06-04 20:41:35.739 ٢٣٠٩١-٢٣١٢٥ msgr.AppIn...eduler|Run pid-23091                            W    Finished RegisterMainLooperTracer in 1ms
2026-06-04 20:41:35.739 ٢٣٠٩١-٢٣١٢٥ msgr.AppIn...eduler|Run pid-23091                            W  Running RegisterMessengerBackgroundRestartedReceiver, order=103, priorityHint=NORMAL 
2026-06-04 20:41:35.739 ٢٣٠٩١-٢٣١١١ msgr.AppIn...eduler|Run pid-23091                            W    Finished ErrorReporterSecondaryInit in 10ms
2026-06-04 20:41:35.740 ٢٣٠٩١-٢٣١١١ msgr.AppIn...eduler|Run pid-23091                            W  Running SetupDynaBuilds, order=106, priorityHint=NORMAL 
2026-06-04 20:41:35.740 ٢٣٠٩١-٢٣١١١ msgr.AppIn...eduler|Run pid-23091                            W    Finished SetupDynaBuilds in 1ms
2026-06-04 20:41:35.740 ٢٣٠٩١-٢٣١١١ msgr.AppIn...eduler|Run pid-23091                            W  Running WhitehatOverlayInitializer, order=109, priorityHint=NORMAL 
2026-06-04 20:41:35.744 ٢٢٩٣٢-٢٣٠٨٣ fb4a.BaseA...tatusUtils com.facebook.katana                  W  Remote app took too long to respond, using default status.
2026-06-04 20:41:35.749 ٢٢٩٣٢-٢٣٠٨٣ zygote                  com.facebook.katana                  I  Deoptimizing boolean X.0Uq.containsKey(java.lang.Object) due to JIT inline cache
2026-06-04 20:41:35.749 ٢٢٩٣٢-٢٣٠٨٣ zygote                  com.facebook.katana                  I  Deoptimizing java.lang.Object X.0Uq.get(java.lang.Object) due to JIT inline cache
2026-06-04 20:41:35.749 ٢٢٩٣٢-٢٣٠٨٣ zygote                  com.facebook.katana                  I  Deoptimizing int X.0Uq.A04(java.lang.Object) due to JIT inline cache
2026-06-04 20:41:35.764 ٢٣٠٩١-٢٣١٢٣ msgr.AppIn...eduler|Run pid-23091                            W    Finished MobileConfigInit in 55ms
2026-06-04 20:41:35.764 ٢٣٠٩١-٢٣١٢٤ msgr.AppIn...eduler|Run pid-23091                            W    Finished LogController in 65ms
2026-06-04 20:41:35.764 ٢٣٠٩١-٢٣١٢٣ msgr.AppIn...r|Schedule pid-23091                            W    Executing 409:StartupQPLInit
2026-06-04 20:41:35.764 ٢٣٠٩١-٢٣١٢٤ msgr.AppIn...eduler|Run pid-23091                            W  Running MobileConfigAdminIdLaterInit, order=112, priorityHint=LOW 
2026-06-04 20:41:35.764 ٢٣٠٩١-٢٣١٢٣ msgr.AppIn...r|Schedule pid-23091                            W    Executing 3:AnalyticsLoggerInit
2026-06-04 20:41:35.764 ٢٣٠٩١-٢٣١١١ msgr.AppIn...eduler|Run pid-23091                            W    Finished WhitehatOverlayInitializer in 24ms
2026-06-04 20:41:35.764 ٢٣٠٩١-٢٣١٢٣ msgr.AppIn...r|Schedule pid-23091                            W    Executing 130:E2EForceMobileConfigFetch
2026-06-04 20:41:35.764 ٢٣٠٩١-٢٣١٢٣ msgr.AppIn...r|Schedule pid-23091                            W    Executing 159:FdidInitSync
2026-06-04 20:41:35.764 ٢٣٠٩١-٢٣١٢٣ msgr.AppIn...r|Schedule pid-23091                            W    Executing 232:LithoConfiguration
2026-06-04 20:41:35.764 ٢٣٠٩١-٢٣١٢٣ msgr.AppIn...r|Schedule pid-23091                            W    Executing 252:MessengerMdCoreBootstrap
2026-06-04 20:41:35.765 ٢٣٠٩١-٢٣١٢٣ msgr.AppIn...r|Schedule pid-23091                            W    Executing 253:MessengerMdCorePandoInit
2026-06-04 20:41:35.765 ٢٣٠٩١-٢٣١٢٣ msgr.AppIn...r|Schedule pid-23091                            W    Executing 255:MessengerMsysBootstrap
2026-06-04 20:41:35.765 ٢٣٠٩١-٢٣١٢٣ msgr.AppIn...r|Schedule pid-23091                            W    Executing 2:AnalyticsInit
2026-06-04 20:41:35.765 ٢٣٠٩١-٢٣١٢٣ msgr.AppIn...r|Schedule pid-23091                            W    Executing 114:ClientCacheEdgeManagerInitializer
2026-06-04 20:41:35.765 ٢٣٠٩١-٢٣١٢٣ msgr.AppIn...r|Schedule pid-23091                            W    Executing 115:ClientCacheEdgeManagerInitializerUserScoped
2026-06-04 20:41:35.765 ٢٣٠٩١-٢٣١٢٣ msgr.AppIn...r|Schedule pid-23091                            W    Executing 122:DgwEarlySyncInitializer
2026-06-04 20:41:35.765 ٢٣٠٩١-٢٣١٢٣ msgr.AppIn...r|Schedule pid-23091                            W    Executing 129:DownloadedFbResources
2026-06-04 20:41:35.765 ٢٣٠٩١-٢٣١٢٣ msgr.AppIn...r|Schedule pid-23091                            W    Executing 336:NotifyAppStateManagerOnCreateComplete
2026-06-04 20:41:35.765 ٢٣٠٩١-٢٣١٢٣ msgr.AppIn...r|Schedule pid-23091                            W    Executing 182:INeedInitForSharedPrefsListenerRegister
2026-06-04 20:41:35.765 ٢٣٠٩١-٢٣١٢٣ msgr.AppIn...r|Schedule pid-23091                            W    Executing 199:InitFury
2026-06-04 20:41:35.765 ٢٣٠٩١-٢٣١٢٣ msgr.AppIn...r|Schedule pid-23091                            W    Executing 206:InitMemoryDumpHandler
2026-06-04 20:41:35.765 ٢٣٠٩١-٢٣١٢٣ msgr.AppIn...r|Schedule pid-23091                            W    Executing 208:InitMessengerLoggers
2026-06-04 20:41:35.765 ٢٣٠٩١-٢٣١٢٣ msgr.AppIn...r|Schedule pid-23091                            W    Executing 212:InitPreWarmRsysEngine
2026-06-04 20:41:35.766 ٢٣٠٩١-٢٣١٢٣ msgr.AppIn...r|Schedule pid-23091                            W    Executing 225:InitTrafficNTS
2026-06-04 20:41:35.766 ٢٣٠٩١-٢٣١٢٣ msgr.AppIn...r|Schedule pid-23091                            W    Executing 237:LocationRequestDetector
2026-06-04 20:41:35.766 ٢٣٠٩١-٢٣١٢٣ msgr.AppIn...r|Schedule pid-23091                            W    Executing 244:MessageQueueDoctor
2026-06-04 20:41:35.766 ٢٣٠٩١-٢٣١٢٣ msgr.AppIn...r|Schedule pid-23091                            W    Executing 446:WarmFacebookEmojiFont
2026-06-04 20:41:35.766 ٢٣٠٩١-٢٣١٢٣ msgr.AppIn...r|Schedule pid-23091                            W    Executing 240:LongtailVoltronAppInit
2026-06-04 20:41:35.766 ٢٣٠٩١-٢٣١٢٣ msgr.AppIn...r|Schedule pid-23091                            W    Executing 256:MessengerScheduleInitMallocHooks
2026-06-04 20:41:35.767 ٢٣٠٩١-٢٣١٢٣ msgr.AppIn...eduler|Run pid-23091                            W  Running StartupQPLInit [*], order=28, priorityHint=VERY_HIGH 
2026-06-04 20:41:35.767 ٢٣٠٩١-٢٣١٢٣ msgr.Quick...ggerModule pid-23091                            W  Providing QPL... begin
2026-06-04 20:41:35.767 ٢٣٠٩١-٢٣١١١ msgr.AppIn...eduler|Run pid-23091                            W  Running AnalyticsLoggerInit [*], order=30, priorityHint=NORMAL 
2026-06-04 20:41:35.774 ٢٣٠٩١-٢٣١٢٤ msgr.AppIn...eduler|Run pid-23091                            W    Finished MobileConfigAdminIdLaterInit in 9ms
2026-06-04 20:41:35.774 ٢٣٠٩١-٢٣١١٣ msgr.FrscL...PackLoader pid-23091                            W  Loading FRSC strings for locale (en)
2026-06-04 20:41:35.774 ٢٣٠٩١-٢٣١٢٤ msgr.AppIn...eduler|Run pid-23091                            W  Running E2EForceMobileConfigFetch [*], order=31, priorityHint=NORMAL 
2026-06-04 20:41:35.774 ٢٣٠٩١-٢٣١٢٤ msgr.AppIn...eduler|Run pid-23091                            W    Finished E2EForceMobileConfigFetch in 0ms
2026-06-04 20:41:35.775 ٢٣٠٩١-٢٣١٢٤ msgr.AppIn...r|Schedule pid-23091                            W    Executing 264:MobileConfigLaterInit
2026-06-04 20:41:35.775 ٢٣٠٩١-٢٣١٢٤ msgr.AppIn...eduler|Run pid-23091                            W  Running FdidInitSync [*], order=33, priorityHint=NORMAL 
2026-06-04 20:41:35.779  ١٥٦٨-٧٠٠٩  BatteryStatsService     system_server                        E  no controller energy info supplied
2026-06-04 20:41:35.785 ٢٣٠٩١-٢٣١١٢ msgr.AppIn...eduler|Run pid-23091                            W    Finished OrcaFirstInstallInitializer in 49ms
2026-06-04 20:41:35.786 ٢٣٠٩١-٢٣١١٢ msgr.AppIn...eduler|Run pid-23091                            W  Running LithoConfiguration [*], order=37, priorityHint=NORMAL 
2026-06-04 20:41:35.800 ٢٧٦٠١-٢٢١٨٤ AppImportanceImpl       com.google.android.gms.persistent    I  (REDACTED) handleUidImportanceChange is invoked for uid=%d, importance=%d
2026-06-04 20:41:35.809 ٢٢٩٣٢-٢٣٠٨٧ ActivityThread          com.facebook.katana                  E  Failed to find provider info for com.android.launcher3.cornermark.unreadbadge
2026-06-04 20:41:35.835 ٢٣٠٩١-٢٣١٢٨ DexLibLoader            pid-23091                            E  could not find package com.google.android.art android.content.pm.PackageManager$NameNotFoundException: com.google.android.art
2026-06-04 20:41:35.836 ٢٣٠٩١-٢٣١١٣ msgr.AppIn...eduler|Run pid-23091                            W    Finished StringResourcesDelegate in 138ms
2026-06-04 20:41:35.837 ٢٣٠٩١-٢٣١٢١ msgr.AppIn...eduler|Run pid-23091                            W    Finished MessengerHighPriInitializer in 208ms
2026-06-04 20:41:35.838 ٢٣٠٩١-٢٣١٢١ msgr.AppIn...eduler|Run pid-23091                            W  Running MessengerMdCoreBootstrap, order=49, priorityHint=HIGH 
2026-06-04 20:41:35.839 ٢٣٠٩١-٢٣١٢١ msgr.AppIn...eduler|Run pid-23091                            W    Finished MessengerMdCoreBootstrap in 1ms
2026-06-04 20:41:35.839 ٢٣٠٩١-٢٣١٢١ msgr.AppIn...eduler|Run pid-23091                            W  Running MessengerMdCorePandoInit, order=50, priorityHint=HIGH 
2026-06-04 20:41:35.840 ٢٣٠٩١-٢٣١١٣ msgr.AppIn...eduler|Run pid-23091                            W  Running MessengerMsysBootstrap, order=51, priorityHint=HIGH 
2026-06-04 20:41:35.840 ٢٣٠٩١-٢٣١٢١ msgr.AppIn...eduler|Run pid-23091                            W    Finished MessengerMdCorePandoInit in 1ms
2026-06-04 20:41:35.840 ٢٣٠٩١-٢٣١٢١ msgr.AppIn...eduler|Run pid-23091                            W  Running AnalyticsInit, order=54, priorityHint=NORMAL 
2026-06-04 20:41:35.849 ٢٣٠٩١-٢٣١١٣ msgr.AppIn...eduler|Run pid-23091                            W    Finished MessengerMsysBootstrap in 8ms
2026-06-04 20:41:35.850 ٢٣٠٩١-٢٣١١٣ msgr.AppIn...eduler|Run pid-23091                            W  Running ClientCacheEdgeManagerInitializer, order=56, priorityHint=NORMAL 
2026-06-04 20:41:35.858 ٢٣٠٩١-٢٣١١٤ msgr.AppIn...eduler|Run pid-23091                            W    Finished FbSharedPreferenceInitializerAsync in 263ms
2026-06-04 20:41:35.861 ٢٣٠٩١-٢٣١٢٣ zygote                  pid-23091                            E  No implementation found for void com.facebook.quicklog.QuickPerformanceLoggerNativeProvider.nativeUpdateQPLInstance() (tried Java_com_facebook_quicklog_QuickPerformanceLoggerNativeProvider_nativeUpdateQPLInstance and Java_com_facebook_quicklog_QuickPerformanceLoggerNativeProvider_nativeUpdateQPLInstance__)
2026-06-04 20:41:35.861 ٢٣٠٩١-٢٣١٢٣ msgr.QPLProvider        pid-23091                            W  QuickPerformanceLoggerProvider failed to update native QPL instance, native library. This is expected during early app initialization
2026-06-04 20:41:35.861 ٢٣٠٩١-٢٣١٢١ msgr.AppIn...eduler|Run pid-23091                            W    Finished AnalyticsInit in 21ms
2026-06-04 20:41:35.861 ٢٣٠٩١-٢٣١٢١ msgr.AppIn...eduler|Run pid-23091                            W  Running DgwEarlySyncInitializer, order=58, priorityHint=NORMAL 
2026-06-04 20:41:35.861 ٢٣٠٩١-٢٣١١٤ msgr.AppIn...eduler|Run pid-23091                            W  Running ClientCacheEdgeManagerInitializerUserScoped, order=57, priorityHint=NORMAL 
2026-06-04 20:41:35.862 ٢٣٠٩١-٢٣١١٣ msgr.AppIn...eduler|Run pid-23091                            W    Finished ClientCacheEdgeManagerInitializer in 12ms
2026-06-04 20:41:35.862 ٢٣٠٩١-٢٣١١٣ msgr.AppIn...eduler|Run pid-23091                            W  Running DownloadedFbResources, order=60, priorityHint=NORMAL 
2026-06-04 20:41:35.863 ٢٣٠٩١-٢٣١٢١ msgr.AppIn...eduler|Run pid-23091                            W    Finished DgwEarlySyncInitializer in 2ms
2026-06-04 20:41:35.864 ٢٣٠٩١-٢٣١٢١ msgr.AppIn...r|Schedule pid-23091                            W    Executing 123:DgwPlatformizedSignalingProxyInitializerAppInit
2026-06-04 20:41:35.864 ٢٣٠٩١-٢٣١٢١ msgr.AppIn...eduler|Run pid-23091                            W  Running DgwPlatformizedSignalingProxyInitializerAppInit, order=59, priorityHint=NORMAL 
2026-06-04 20:41:35.868 ٢٣٠٩١-٢٣١١٤ msgr.AppIn...eduler|Run pid-23091                            W    Finished ClientCacheEdgeManagerInitializerUserScoped in 10ms
2026-06-04 20:41:35.869 ٢٣٠٩١-٢٣١١٤ msgr.AppIn...eduler|Run pid-23091                            W  Running NotifyAppStateManagerOnCreateComplete, order=62, priorityHint=NORMAL 
2026-06-04 20:41:35.869 ٢٣٠٩١-٢٣١٢٤ msgr.AppIn...eduler|Run pid-23091                            W    Finished FdidInitSync in 94ms
2026-06-04 20:41:35.869 ٢٣٠٩١-٢٣١٢٤ msgr.AppIn...eduler|Run pid-23091                            W  Running INeedInitForSharedPrefsListenerRegister, order=74, priorityHint=NORMAL 
2026-06-04 20:41:35.870 ٢٣٠٩١-٢٣١٢١ msgr.AppIn...eduler|Run pid-23091                            W    Finished DgwPlatformizedSignalingProxyInitializerAppInit in 6ms
2026-06-04 20:41:35.870 ٢٣٠٩١-٢٣١٢١ msgr.AppIn...eduler|Run pid-23091                            W  Running InitFury, order=76, priorityHint=NORMAL 
2026-06-04 20:41:35.878 ٢٣٠٩١-٢٣١٤٣ msgr.QPLConfig          pid-23091                            W  failed to load config (Fix with AI)
                                                                                                    java.io.FileNotFoundException: /data/user/0/com.facebook.orca/app_qpl/qpl_sampling_config_v2.null (No such file or directory)
                                                                                                    	at java.io.FileInputStream.open0(Native Method)
                                                                                                    	at java.io.FileInputStream.open(FileInputStream.java:200)
                                                                                                    	at java.io.FileInputStream.<init>(FileInputStream.java:150)
                                                                                                    	at X.1HU.A00(:36)
                                                                                                    	at X.1H0.run(:53)
                                                                                                    	at X.1AK.run(:2)
                                                                                                    	at java.util.concurrent.ThreadPoolExecutor.runWorker(ThreadPoolExecutor.java:1162)
