2026-06-04 20:41:36.101 ٢٣٠٩١-٢٣١٢٢ msgr.AppIn...eduler|Run pid-23091                            W  Running PreloadVideoPrivateSharing, order=117, priorityHint=LOW 
2026-06-04 20:41:36.102 ٢٣٠٩١-٢٣١١٣ msgr.AppIn...eduler|Run pid-23091                            W    Finished PreloadTabPreloadablesBackgroundPrefetch in 0ms
2026-06-04 20:41:36.102 ٢٣٠٩١-٢٣١٢٤ msgr.AppIn...eduler|Run pid-23091                            W    Finished SetupBlockingBackgroundComponentReporting in 0ms
2026-06-04 20:41:36.102 ٢٣٠٩١-٢٣١١٣ msgr.AppIn...eduler|Run pid-23091                            W  Running StartupQPLReplayer, order=120, priorityHint=LOW 
2026-06-04 20:41:36.103 ٢٣٠٩١-٢٣١٢٢ msgr.AppIn...eduler|Run pid-23091                            W    Finished PreloadVideoPrivateSharing in 1ms
2026-06-04 20:41:36.103 ٢٣٠٩١-٢٣١١٤ msgr.AppIn...eduler|Run pid-23091                            W    Finished PreloadHeroManager in 2ms
2026-06-04 20:41:36.135 ٢٣٠٩١-٢٣١٢٣ msgr.AppIn...eduler|Run pid-23091                            W    Finished INeedInitForBroadcastReceiverRegister in 41ms
2026-06-04 20:41:36.142 ٢٣٠٩١-٢٣١١٣ msgr.AppIn...eduler|Run pid-23091                            W    Finished StartupQPLReplayer in 40ms
2026-06-04 20:41:36.142 ٢٣٠٩١-٢٣١١٣ msgr.AppIn...r|Schedule pid-23091                            W    Executing 411:StartupQPLTransitToMatureStage
2026-06-04 20:41:36.142 ٢٣٠٩١-٢٣١١٣ msgr.AppIn...eduler|Run pid-23091                            W  Running StartupQPLTransitToMatureStage, order=121, priorityHint=LOW 
2026-06-04 20:41:36.143 ٢٣٠٩١-٢٣١١٣ msgr.AppIn...eduler|Run pid-23091                            W    Finished StartupQPLTransitToMatureStage in 1ms
2026-06-04 20:41:36.157 ٢٣٠٩١-٢٣١٢١ msgr.AppIn...eduler|Run pid-23091                            W    Finished ProfiloBridgeFactoryImpl in 58ms
2026-06-04 20:41:36.186 ٢٢٩٣٢-٢٣٠٨٧ fb4a.Bloks...orFetchQpl com.facebook.katana                  W  markerPoint is called unexpectedly with render location: BPS_COMPOSER
2026-06-04 20:41:36.196 ٢٣٠٩١-٢٣١٢٥ zygote                  pid-23091                            W  JNI RegisterNativeMethods: attempt to register 0 native methods for com.facebook.msys.mci.EventLoggingData
2026-06-04 20:41:36.198 ٢٢٩٣٢-٢٢٩٩٨ fb4a.Bloks...orFetchQpl com.facebook.katana                  W  markerPoint is called unexpectedly with render location: BPS_COMPOSER
2026-06-04 20:41:36.201 ٢٣٠٩١-٢٣١٢٥ msgr.AppState           pid-23091                            E  Returning default for firstRunInfo
2026-06-04 20:41:36.201 ٢٣٠٩١-٢٣١٢٥ msgr.AppState           pid-23091                            E  Returning default for firstRunInfo
2026-06-04 20:41:36.209 ٢٢٩٣٢-٢٢٩٨٠ fb4a.Bloks...orFetchQpl com.facebook.katana                  W  markerPoint is called unexpectedly with render location: BPS_COMPOSER
2026-06-04 20:41:36.209 ٢٢٩٣٢-٢٢٩٨٠ fb4a.Bloks...orFetchQpl com.facebook.katana                  W  success is called unexpectedly with render location: BPS_COMPOSER
2026-06-04 20:41:36.216 ٢٢٩٣٢-٢٣٠٨٦ fb4a.Bloks...orFetchQpl com.facebook.katana                  W  markerPoint is called unexpectedly with render location: BPS_VIDEO_PRODUCTION_UNIFICATION
2026-06-04 20:41:36.217 ٢٣٠٩١-٢٣١٢٥ msgr.AppState           pid-23091                            E  Returning default for firstRunInfo
2026-06-04 20:41:36.217 ٢٣٠٩١-٢٣١٢٥ msgr.AppState           pid-23091                            E  Returning default for firstRunInfo
2026-06-04 20:41:36.217 ٢٢٩٣٢-٢٢٩٨٠ fb4a.Bloks...orFetchQpl com.facebook.katana                  W  markerPoint is called unexpectedly with render location: BPS_COMPOSER
2026-06-04 20:41:36.217 ٢٢٩٣٢-٢٢٩٨٠ fb4a.Bloks...orFetchQpl com.facebook.katana                  W  success is called unexpectedly with render location: BPS_COMPOSER
2026-06-04 20:41:36.229 ٢٢٩٣٢-٢٢٩٨٠ fb4a.Bloks...orFetchQpl com.facebook.katana                  W  markerPoint is called unexpectedly with render location: BPS_VIDEO_PRODUCTION_UNIFICATION
2026-06-04 20:41:36.229 ٢٢٩٣٢-٢٢٩٨٠ fb4a.Bloks...orFetchQpl com.facebook.katana                  W  success is called unexpectedly with render location: BPS_VIDEO_PRODUCTION_UNIFICATION
2026-06-04 20:41:36.230 ٢٣٠٩١-٢٣٠٩٦ zygote                  pid-23091                            I  Do partial code cache collection, code=51KB, data=52KB
2026-06-04 20:41:36.231 ٢٣٠٩١-٢٣٠٩٦ zygote                  pid-23091                            I  After code cache collection, code=51KB, data=52KB
2026-06-04 20:41:36.231 ٢٣٠٩١-٢٣٠٩٦ zygote                  pid-23091                            I  Increasing code cache capacity to 256KB
2026-06-04 20:41:36.235 ٢٣٠٩١-٢٣١٢٥ msgr.AppIn...eduler|Run pid-23091                            W    Finished RunPerfMarkers in 142ms
2026-06-04 20:41:36.235 ٢٣٠٩١-٢٣١٢٥ msgr.AppIn...r|Schedule pid-23091                            W    Executing 215:InitPushLiteSdk
2026-06-04 20:41:36.235 ٢٣٠٩١-٢٣١٢٥ msgr.AppIn...r|Schedule pid-23091                            W    Executing 249:MessengerInboxCloseConnectionsLater
2026-06-04 20:41:36.235 ٢٣٠٩١-٢٣١٢٥ msgr.AppIn...r|Schedule pid-23091                            W    Executing 254:MessengerMdCoreSecondPhaseBootstrap
2026-06-04 20:41:36.236 ٢٣٠٩١-٢٣١١١ msgr.AppIn...eduler|Run pid-23091                            W  Running InitPushLiteSdk [*], order=36, priorityHint=NORMAL 
2026-06-04 20:41:36.236 ٢٣٠٩١-٢٣١٢٢ msgr.AppIn...eduler|Run pid-23091                            W  Running MessengerInboxCloseConnectionsLater, order=47, priorityHint=HIGH 
2026-06-04 20:41:36.236 ٢٣٠٩١-٢٣١١٤ msgr.AppIn...eduler|Run pid-23091                            W  Running MessengerMdCoreSecondPhaseBootstrap, order=94, priorityHint=NORMAL 
2026-06-04 20:41:36.236 ٢٣٠٩١-٢٣١٢٢ msgr.AppIn...eduler|Run pid-23091                            W    Finished MessengerInboxCloseConnectionsLater in 0ms
2026-06-04 20:41:36.236 ٢٣٠٩١-٢٣١١٤ msgr.AppIn...eduler|Run pid-23091                            W    Finished MessengerMdCoreSecondPhaseBootstrap in 0ms
2026-06-04 20:41:36.249 ٢٣٠٩١-٢٣١١١ msgr.AppIn...eduler|Run pid-23091                            W    Finished InitPushLiteSdk in 13ms
2026-06-04 20:41:36.250 ٢٣٠٩١-٢٣١١١ msgr.AppIn...r|Schedule pid-23091                            W    Executing 444:WaitForUIDependenciesInitializer
2026-06-04 20:41:36.250 ٢٣٠٩١-٢٣١١١ msgr.AppIn...r|Schedule pid-23091                            W    Executing 214:InitPushabilityCheck
2026-06-04 20:41:36.250 ٢٣٠٩١-٢٣١١١ msgr.AppIn...eduler|Run pid-23091                            W  Running WaitForUIDependenciesInitializer [*], order=39, priorityHint=CRITICAL_PATH 
2026-06-04 20:41:36.250 ٢٣٠٩١-٢٣١٢٣ msgr.AppIn...eduler|Run pid-23091                            W  Running InitPushabilityCheck, order=82, priorityHint=NORMAL 
2026-06-04 20:41:36.251 ٢٣٠٩١-٢٣١١١ msgr.AppIn...eduler|Run pid-23091                            W    Finished WaitForUIDependenciesInitializer in 1ms
2026-06-04 20:41:36.251 ٢٣٠٩١-٢٣١١١ msgr.AppIn...r|Schedule pid-23091                            W    Executing 125:DismissSplashScreens
2026-06-04 20:41:36.252 ٢٣٠٩١-٢٣١١١ msgr.AppIn...r|Schedule pid-23091                            W    Executing 164:FixieScheduleIdleWork
2026-06-04 20:41:36.252 ٢٣٠٩١-٢٣١١١ msgr.AppIn...r|Schedule pid-23091                            W    Executing 241:M4ABackgroundSchedulerAppInitJob
2026-06-04 20:41:36.252 ٢٣٠٩١-٢٣١١١ msgr.AppIn...r|Schedule pid-23091                            W    Executing 389:ReplayBroadcastReceivedDuringAppInit
2026-06-04 20:41:36.252 ٢٣٠٩١-٢٣١١١ msgr.AppIn...r|Schedule pid-23091                            W    Executing 394:ScheduleLowPriWork
2026-06-04 20:41:36.252 ٢٣٠٩١-٢٣١١١ msgr.AppIn...r|Schedule pid-23091                            W    Executing 447:WarmUpColdStartReceiver
2026-06-04 20:41:36.253 ٢٣٠٩١-٢٣١١١ msgr.AppIn...eduler|Run pid-23091                            W  Running FixieScheduleIdleWork, order=68, priorityHint=NORMAL 
2026-06-04 20:41:36.253 ٢٣٠٩١-٢٣١٢١ msgr.AppIn...eduler|Run pid-23091                            W  Running M4ABackgroundSchedulerAppInitJob, order=90, priorityHint=NORMAL 
2026-06-04 20:41:36.254 ٢٣٠٩١-٢٣١٢١ msgr.AppIn...eduler|Run pid-23091                            W    Finished M4ABackgroundSchedulerAppInitJob in 0ms
2026-06-04 20:41:36.254 ٢٣٠٩١-٢٣١٢١ msgr.AppIn...eduler|Run pid-23091                            W  Running ReplayBroadcastReceivedDuringAppInit, order=104, priorityHint=NORMAL 
2026-06-04 20:41:36.254 ٢٣٠٩١-٢٣١١٣ msgr.AppIn...eduler|Run pid-23091                            W  Running DismissSplashScreens [*], order=40, priorityHint=CRITICAL_PATH 
2026-06-04 20:41:36.255 ٢٣٠٩١-٢٣١١٣ msgr.InitStatus         pid-23091                            W  Providers unblocked (247304413)
2026-06-04 20:41:36.255 ٢٣٠٩١-٢٣١٢١ msgr.AppIn...eduler|Run pid-23091                            W    Finished ReplayBroadcastReceivedDuringAppInit in 0ms
2026-06-04 20:41:36.255 ٢٣٠٩١-٢٣١١٣ msgr.InitStatus         pid-23091                            W  Services unblocked (13120594)
2026-06-04 20:41:36.255 ٢٣٠٩١-٢٣١١٠ msgr.InitStatus         pid-23091                            W  Unblocked Provider (247304413)
2026-06-04 20:41:36.255 ٢٣٠٩١-٢٣١٠٤ msgr.InitStatus         pid-23091                            W  Unblocked Provider (247304413)
2026-06-04 20:41:36.255 ٢٣٠٩١-٢٣١٢١ msgr.AppIn...eduler|Run pid-23091                            W  Running ScheduleLowPriWork, order=105, priorityHint=NORMAL 
2026-06-04 20:41:36.255 ٢٣٠٩١-٢٣١١٣ msgr.InitStatus         pid-23091                            W  BroadcastReceivers unblocked (245068579)
2026-06-04 20:41:36.255 ٢٣٠٩١-٢٣١١١ msgr.AppIn...eduler|Run pid-23091                            W    Finished FixieScheduleIdleWork in 0ms
2026-06-04 20:41:36.255 ٢٣٠٩١-٢٣١١٣ msgr.AppIn...eduler|Run pid-23091                            W    Finished DismissSplashScreens in 1ms
2026-06-04 20:41:36.255 ٢٣٠٩١-٢٣١١٣ msgr.AppIn...r|Schedule pid-23091                            W    Executing 270:MqttEarlySyncInitializerAfterAppCreate
2026-06-04 20:41:36.255 ٢٣٠٩١-٢٣١١٣ msgr.AppIn...eduler|Run pid-23091                            W  Running MqttEarlySyncInitializerAfterAppCreate, order=97, priorityHint=NORMAL 
2026-06-04 20:41:36.255 ٢٣٠٩١-٢٣١١١ msgr.AppIn...eduler|Run pid-23091                            W  Running WarmUpColdStartReceiver, order=108, priorityHint=NORMAL 
2026-06-04 20:41:36.256 ٢٣٠٩١-٢٣١٢٣ msgr.AppIn...eduler|Run pid-23091                            W    Finished InitPushabilityCheck in 5ms
2026-06-04 20:41:36.256 ٢٣٠٩١-٢٣١٢١ msgr.AppIn...eduler|Run pid-23091                            W    Finished ScheduleLowPriWork in 1ms
2026-06-04 20:41:36.256 ٢٣٠٩١-٢٣١١٢ msgr.AppIn...eduler|Run pid-23091                            W    Finished ZeroLibraryInitializer in 163ms
2026-06-04 20:41:36.256 ٢٣٠٩١-٢٣١١٠ msgr.InitStatus         pid-23091                            W  Not blocking Provider (247304413)
2026-06-04 20:41:36.256 ٢٣٠٩١-٢٣١١٢ msgr.AppIn...r|Schedule pid-23091                            W    Executing 216:InitReliableMedia
2026-06-04 20:41:36.256 ٢٣٠٩١-٢٣١١٢ msgr.AppIn...eduler|Run pid-23091                            W  Running InitReliableMedia, order=84, priorityHint=NORMAL 
2026-06-04 20:41:36.257 ٢٣٠٩١-٢٣١١١ msgr.AppIn...eduler|Run pid-23091                            W    Finished WarmUpColdStartReceiver in 2ms
2026-06-04 20:41:36.257 ٢٣٠٩١-٢٣١١٢ msgr.AppIn...eduler|Run pid-23091                            W    Finished InitReliableMedia in 1ms
2026-06-04 20:41:36.258 ٢٣٠٩١-٢٣١٠٤ msgr.InitStatus         pid-23091                            W  Not blocking Provider (247304413)
2026-06-04 20:41:36.276 ٢٣٠٩١-٢٣١١٠ ComponentDiscovery      com.facebook.orca                    W  Class com.google.firebase.dynamicloading.DynamicLoadingRegistrar is not an found.
2026-06-04 20:41:36.307 ٢٣٠٩١-٢٣١١٣ msgr.AppIn...eduler|Run com.facebook.orca                    W    Finished MqttEarlySyncInitializerAfterAppCreate in 52ms
2026-06-04 20:41:36.307 ٢٣٠٩١-٢٣١١٣ msgr.AppIn...r|Schedule com.facebook.orca                    W  Pending tasks reached zero, maybe shutting down…
2026-06-04 20:41:36.307 ٢٣٠٩١-٢٣١١٣ msgr.AppIn...eduler|Run com.facebook.orca                    W  All work finished.
2026-06-04 20:41:36.333  ١٥٦٨-٧٠٠٩  ActivityManager         system_server                        W  Background start not allowed: service Intent { cmp=com.facebook.orca/com.facebook.mqtt.service.MqttServiceV2 (has extras) } to com.facebook.orca/com.facebook.mqtt.service.MqttServiceV2 from pid=23091 uid=10121 pkg=com.facebook.orca
2026-06-04 20:41:36.335 ٢٣٠٩١-٢٣١٦٦ msgr.RtiGr...thodHelper com.facebook.orca                    W  [AI] Failed to start service due to IllegalStateException on Android O (Fix with AI)
                                                                                                    java.lang.IllegalStateException: Not allowed to start service Intent { cmp=com.facebook.orca/com.facebook.mqtt.service.MqttServiceV2 (has extras) }: app is in background uid UidRecord{ae8334f u0a121 CEM  idle procs:1 seq(0,0,0)}
                                                                                                    	at android.app.ContextImpl.startServiceCommon(ContextImpl.java:1517)
                                                                                                    	at android.app.ContextImpl.startService(ContextImpl.java:1473)
                                                                                                    	at android.content.ContextWrapper.startService(ContextWrapper.java:644)
                                                                                                    	at X.07v.DMA(:30)
                                                                                                    	at X.1Ze.A00(:66)
                                                                                                    	at X.1Ze.A01(:22)
                                                                                                    	at X.1Wa.A04(:50)
                                                                                                    	at X.1Wa.A06(:36)
                                                                                                    	at X.1Z1.run(:100)
                                                                                                    	at android.os.Handler.handleCallback(Handler.java:789)
                                                                                                    	at android.os.Handler.dispatchMessage(Handler.java:98)
                                                                                                    	at android.os.Looper.loop(Looper.java:164)
                                                                                                    	at android.os.HandlerThread.run(HandlerThread.java:65)
                                                                                                    	at X.19B.run(:0)
2026-06-04 20:41:36.337 ٢٢٩٣٢-٢٣٠٨١ SecurityDi...aryLoaders com.facebook.katana                  W  Invalid blocklist fetched from MC: . Default one will be used.
2026-06-04 20:41:36.349 ٢٣٠٩١-٢٣١٦٦ msgr.RtiGr...thodHelper com.facebook.orca                    W  [AI] Failed to start service due to IllegalStateException on Android O (Fix with AI)
                                                                                                    java.lang.IllegalStateException: Not allowed to start service Intent { cmp=com.facebook.orca/com.facebook.mqtt.service.MqttServiceV2 (has extras) }: app is in background uid UidRecord{ae8334f u0a121 SVC  idle procs:1 seq(0,0,0)}
                                                                                                    	at android.app.ContextImpl.startServiceCommon(ContextImpl.java:1517)
                                                                                                    	at android.app.ContextImpl.startService(ContextImpl.java:1473)
                                                                                                    	at android.content.ContextWrapper.startService(ContextWrapper.java:644)
                                                                                                    	at X.07v.DMA(:30)
                                                                                                    	at X.1Ze.A00(:66)
                                                                                                    	at X.1Ze.A01(:22)
                                                                                                    	at X.1Wa.A04(:50)
                                                                                                    	at X.1Zh.run(:14)
                                                                                                    	at android.os.Handler.handleCallback(Handler.java:789)
                                                                                                    	at android.os.Handler.dispatchMessage(Handler.java:98)
                                                                                                    	at android.os.Looper.loop(Looper.java:164)
                                                                                                    	at android.os.HandlerThread.run(HandlerThread.java:65)
                                                                                                    	at X.19B.run(:0)
2026-06-04 20:41:36.350 ٢٢٩٣٢-٢٣٠٨١ soloader.A...foProvider com.facebook.katana                  W  initialized: getApplicationInfo: yes; myUserId: yes
2026-06-04 20:41:36.376 ٢٢٩٣٢-٢٣٠٨١ fb4a.SyncInitializer    com.facebook.katana                  W  Start regular sync initialization
2026-06-04 20:41:36.383 ٢٣٠٩١-٢٣١٠٩ msgr.AppIn...eduler|Run com.facebook.orca                    W  DeadlockMonitor exiting.
2026-06-04 20:41:36.409 ٢٣٠٩١-٢٣١٧٢ zygote                  com.facebook.orca                    I  Deoptimizing boolean X.1A6.Aej(X.1Bw, long, boolean) due to JIT inline cache
2026-06-04 20:41:36.395   ٥١٤-٥١٤   memtrack@1.0-se         and...hardware.memtrack@1.0-service  W  type=1400 audit(0.0:657118): avc: denied { search } for name="proc" dev="debugfs" ino=14354 scontext=u:r:hal_memtrack_default:s0 tcontext=u:object_r:qti_debugfs:s0 tclass=dir permissive=0
2026-06-04 20:41:36.409 ٢٣٠٩١-٢٣١٧٢ zygote                  com.facebook.orca                    I  Deoptimizing boolean X.1A6.Aej(X.1Bw, long, boolean) due to JIT inline cache
2026-06-04 20:41:36.435   ٥١٤-٥١٤   chatty                  and...hardware.memtrack@1.0-service  I  uid=1000(system) memtrack@1.0-se expire 2 lines
2026-06-04 20:41:36.435   ٥١٤-٥١٤   memtrack@1.0-se         and...hardware.memtrack@1.0-service  W  type=1400 audit(0.0:657121): avc: denied { search } for name="proc" dev="debugfs" ino=14354 scontext=u:r:hal_memtrack_default:s0 tcontext=u:object_r:qti_debugfs:s0 tclass=dir permissive=0
2026-06-04 20:41:36.454 ٢٣٠٩١-٢٣١٧٢ msgr.MqttXplatPublisher com.facebook.orca                    W  Disabling publisher and flushing pending tasks
2026-06-04 20:41:36.457 ٢٣٠٩١-٢٣١٧٢ msgr.MqttXplatPublisher com.facebook.orca                    W  Disabling publisher and flushing pending tasks
2026-06-04 20:41:36.485   ٥١٤-٥١٤   memtrack@1.0-se         and...hardware.memtrack@1.0-service  W  type=1400 audit(0.0:657122): avc: denied { search } for name="proc" dev="debugfs" ino=14354 scontext=u:r:hal_memtrack_default:s0 tcontext=u:object_r:qti_debugfs:s0 tclass=dir permissive=0
2026-06-04 20:41:36.511  ١٥٦٨-٢٨٢٣  ActivityManager         system_server                        I  Killing 22932:com.facebook.katana/u0a119 (adj 902): 156446k from cached
2026-06-04 20:41:36.548  ١٥٦٨-٢٨٢٣  ActivityManager         system_server                        W  Application dead when creating service ServiceRecord{385455 u0 com.facebook.katana/com.facebook.video.heroplayer.service.HeroKeepAliveService}
2026-06-04 20:41:36.576  ١٥٦٨-٨٩٥٩  ConnectivityService     system_server                        D  ConnectivityService NetworkRequestInfo binderDied(NetworkRequest [ TRACK_DEFAULT id=17694, [ Capabilities: INTERNET&NOT_RESTRICTED&TRUSTED&NOT_VPN] ], android.os.BinderProxy@6bfe6a)
2026-06-04 20:41:36.576  ١٥٦٨-٧٠٠٩  ConnectivityService     system_server                        D  ConnectivityService NetworkRequestInfo binderDied(NetworkRequest [ TRACK_DEFAULT id=17695, [ Capabilities: INTERNET&NOT_RESTRICTED&TRUSTED&NOT_VPN] ], android.os.BinderProxy@57bcf5b)
2026-06-04 20:41:36.576  ١٥٦٨-١٨٥٣  ConnectivityService     system_server                        D  ConnectivityService NetworkRequestInfo binderDied(NetworkRequest [ TRACK_DEFAULT id=17696, [ Capabilities: INTERNET&NOT_RESTRICTED&TRUSTED&NOT_VPN] ], android.os.BinderProxy@a4733f8)
2026-06-04 20:41:36.576  ١٥٦٨-١٨٤٣  ConnectivityService     system_server                        D  releasing NetworkRequest [ TRACK_DEFAULT id=17694, [ Capabilities: INTERNET&NOT_RESTRICTED&TRUSTED&NOT_VPN] ] (CALLBACK_RELEASED)
2026-06-04 20:41:36.577  ١٥٦٨-١٨٤٣  ConnectivityService     system_server                        E  RemoteException caught trying to send a callback msg for NetworkRequest [ TRACK_DEFAULT id=17694, [ Capabilities: INTERNET&NOT_RESTRICTED&TRUSTED&NOT_VPN] ]
2026-06-04 20:41:36.578  ١٥٦٨-١٨٤٣  ConnectivityService     system_server                        D  releasing NetworkRequest [ TRACK_DEFAULT id=17696, [ Capabilities: INTERNET&NOT_RESTRICTED&TRUSTED&NOT_VPN] ] (CALLBACK_RELEASED)
2026-06-04 20:41:36.578  ٢٠٥٧-٢٠٥٧  QtiRilInterface         com.android.phone                    E  instance = com.qualcomm.qti.internal.telephony.QtiRilInterface@2b8626a
2026-06-04 20:41:36.578  ١٥٦٨-١٨٤٣  ConnectivityService     system_server                        E  RemoteException caught trying to send a callback msg for NetworkRequest [ TRACK_DEFAULT id=17696, [ Capabilities: INTERNET&NOT_RESTRICTED&TRUSTED&NOT_VPN] ]
2026-06-04 20:41:36.579  ١٥٦٨-١٨٤٣  ConnectivityService     system_server                        D  releasing NetworkRequest [ TRACK_DEFAULT id=17695, [ Capabilities: INTERNET&NOT_RESTRICTED&TRUSTED&NOT_VPN] ] (CALLBACK_RELEASED)
2026-06-04 20:41:36.579  ١٥٦٨-١٨٤٣  ConnectivityService     system_server                        E  RemoteException caught trying to send a callback msg for NetworkRequest [ TRACK_DEFAULT id=17695, [ Capabilities: INTERNET&NOT_RESTRICTED&TRUSTED&NOT_VPN] ]
2026-06-04 20:41:36.586  ١٥٦٨-٢٨٢٣  ActivityManager         system_server                        E  Attempting to schedule restart of ServiceRecord{385455 u0 com.facebook.katana/com.facebook.video.heroplayer.service.HeroKeepAliveService} when found in map: null
2026-06-04 20:41:36.598  ١٥٦٨-٢٨٢٣  ActivityManager         system_server                        W  Exception when starting service com.facebook.katana/com.facebook.video.heroplayer.service.HeroKeepAliveService (Fix with AI)
                                                                                                    android.os.DeadObjectException
                                                                                                    	at android.os.BinderProxy.transactNative(Native Method)
                                                                                                    	at android.os.BinderProxy.transact(Binder.java:748)
                                                                                                    	at android.app.IApplicationThread$Stub$Proxy.scheduleCreateService(IApplicationThread.java:1329)
                                                                                                    	at com.android.server.am.ActiveServices.realStartServiceLocked(ActiveServices.java:2321)
                                                                                                    	at com.android.server.am.ActiveServices.bringUpServiceLocked(ActiveServices.java:2206)
                                                                                                    	at com.android.server.am.ActiveServices.bindServiceLocked(ActiveServices.java:1458)
                                                                                                    	at com.android.server.am.ActivityManagerService.bindService(ActivityManagerService.java:18772)
                                                                                                    	at android.app.IActivityManager$Stub.onTransact(IActivityManager.java:584)
                                                                                                    	at com.android.server.am.ActivityManagerService.onTransact(ActivityManagerService.java:3150)
                                                                                                    	at android.os.Binder.execTransact(Binder.java:674)
2026-06-04 20:41:36.600 ٢٧٦٠١-٢٢١٨٤ AppImportanceImpl       com.google.android.gms.persistent    I  (REDACTED) handleUidImportanceChange is invoked for uid=%d, importance=%d
2026-06-04 20:41:36.602  ٢٠٥٧-٢٠٥٧  QC_RIL_OEM_HOOK         com.android.phone                    D  dds phoneId: 0
2026-06-04 20:41:36.603  ٢١٦٤-٢١٦٤  QcrilMsgTu...aceManager com.qualcomm.qcrilmsgtunnel          D  handleMessage what = 1
2026-06-04 20:41:36.604  ٢١٦٤-٢١٦٤  QcrilOemhookMsgTunnel   com.qualcomm.qcrilmsgtunnel          I  [0]invokeOemRilRequestRaw: serial=55414 length=20
2026-06-04 20:41:36.606  ٢١٦٤-٢١٩٦  QcrilOemhookMsgTunnel   com.qualcomm.qcrilmsgtunnel          I  [0]processOemHookResponse serial no: 55414 error: 0length=0
2026-06-04 20:41:36.607  ٢١٦٤-٢١٦٤  QcrilMsgTu...aceManager com.qualcomm.qcrilmsgtunnel          D  handleMessage what = 2
2026-06-04 20:41:36.607  ٢٠٥٧-٢٠٥٧  QC_RIL_OEM_HOOK         com.android.phone                    D  sendOemRilRequestRaw returns value = 0
2026-06-04 20:41:36.607  ٢٠٥٧-٢٠٥٧  QC_RIL_OEM_HOOK         com.android.phone                    D  dds phoneId: 0
2026-06-04 20:41:36.607  ٢١٦٤-٢١٩٦  QcrilOemhookMsgTunnel   com.qualcomm.qcrilmsgtunnel          I  [0]processOemHookIndication length=28
2026-06-04 20:41:36.607  ٢١٦٤-٢١٦٤  QcrilMsgTu...aceManager com.qualcomm.qcrilmsgtunnel          D  handleMessage what = 1
2026-06-04 20:41:36.608  ٢١٦٤-٢١٦٤  QcrilOemhookMsgTunnel   com.qualcomm.qcrilmsgtunnel          I  [1]invokeOemRilRequestRaw: serial=55415 length=20
2026-06-04 20:41:36.608  ٢١٦٤-٢١٦٤  QcrilMsgTu...aceManager com.qualcomm.qcrilmsgtunnel          D  handleMessage what = 0
2026-06-04 20:41:36.610  ٢١٦٤-٢١٩٦  QcrilOemhookMsgTunnel   com.qualcomm.qcrilmsgtunnel          I  [1]processOemHookResponse serial no: 55415 error: 0length=0
2026-06-04 20:41:36.611  ٢١٦٤-٢١٦٤  QcrilMsgTu...aceManager com.qualcomm.qcrilmsgtunnel          D  handleMessage what = 2
2026-06-04 20:41:36.611  ٢١٦٤-٢١٩٦  QcrilOemhookMsgTunnel   com.qualcomm.qcrilmsgtunnel          I  [1]processOemHookIndication length=28
2026-06-04 20:41:36.611  ٢١٦٤-٢١٦٤  QcrilMsgTu...aceManager com.qualcomm.qcrilmsgtunnel          D  handleMessage what = 0
2026-06-04 20:41:36.612  ٢٠٥٧-٢٠٥٧  QC_RIL_OEM_HOOK         com.android.phone                    D  sendOemRilRequestRaw returns value = 0
2026-06-04 20:41:36.613  ٢٠٥٧-٢٠٥٧  QtiRilInterface         com.android.phone                    E  instance = com.qualcomm.qti.internal.telephony.QtiRilInterface@2b8626a
2026-06-04 20:41:36.615  ٢٠٥٧-٢٠٥٧  QC_RIL_OEM_HOOK         com.android.phone                    D  dds phoneId: 0
2026-06-04 20:41:36.615  ٢١٦٤-٢١٦٤  QcrilMsgTu...aceManager com.qualcomm.qcrilmsgtunnel          D  handleMessage what = 1
2026-06-04 20:41:36.617  ٢١٦٤-٢١٦٤  QcrilOemhookMsgTunnel   com.qualcomm.qcrilmsgtunnel          I  [0]invokeOemRilRequestRaw: serial=55416 length=20
2026-06-04 20:41:36.618  ٢١٦٤-٢١٩٦  QcrilOemhookMsgTunnel   com.qualcomm.qcrilmsgtunnel          I  [0]processOemHookResponse serial no: 55416 error: 0length=0
2026-06-04 20:41:36.618  ٢١٦٤-٢١٦٤  QcrilMsgTu...aceManager com.qualcomm.qcrilmsgtunnel          D  handleMessage what = 2
2026-06-04 20:41:36.623  ٢٠٥٧-٢٠٥٧  QC_RIL_OEM_HOOK         com.android.phone                    D  sendOemRilRequestRaw returns value = 0
2026-06-04 20:41:36.623  ٢٠٥٧-٢٠٥٧  QC_RIL_OEM_HOOK         com.android.phone                    D  dds phoneId: 0
2026-06-04 20:41:36.624  ٢١٦٤-٢١٦٤  QcrilMsgTu...aceManager com.qualcomm.qcrilmsgtunnel          D  handleMessage what = 1
2026-06-04 20:41:36.624  ٢١٦٤-٢١٩٦  QcrilOemhookMsgTunnel   com.qualcomm.qcrilmsgtunnel          I  [0]processOemHookIndication length=28
2026-06-04 20:41:36.624  ٢١٦٤-٢١٦٤  QcrilOemhookMsgTunnel   com.qualcomm.qcrilmsgtunnel          I  [1]invokeOemRilRequestRaw: serial=55417 length=20
2026-06-04 20:41:36.625  ٢١٦٤-٢١٦٤  QcrilMsgTu...aceManager com.qualcomm.qcrilmsgtunnel          D  handleMessage what = 0
2026-06-04 20:41:36.625  ٢١٦٤-٢١٩٦  QcrilOemhookMsgTunnel   com.qualcomm.qcrilmsgtunnel          I  [1]processOemHookResponse serial no: 55417 error: 0length=0
2026-06-04 20:41:36.626  ٢١٦٤-٢١٦٤  QcrilMsgTu...aceManager com.qualcomm.qcrilmsgtunnel          D  handleMessage what = 2
2026-06-04 20:41:36.626  ٢١٦٤-٢١٩٦  QcrilOemhookMsgTunnel   com.qualcomm.qcrilmsgtunnel          I  [1]processOemHookIndication length=28
2026-06-04 20:41:36.626  ٢١٦٤-٢١٦٤  QcrilMsgTu...aceManager com.qualcomm.qcrilmsgtunnel          D  handleMessage what = 0
2026-06-04 20:41:36.627  ٢٠٥٧-٢٠٥٧  QC_RIL_OEM_HOOK         com.android.phone                    D  sendOemRilRequestRaw returns value = 0
2026-06-04 20:41:36.627  ٢٠٥٧-٢٠٥٧  QtiRilInterface         com.android.phone                    E  instance = com.qualcomm.qti.internal.telephony.QtiRilInterface@2b8626a
2026-06-04 20:41:36.630  ٢٠٥٧-٢٠٥٧  QC_RIL_OEM_HOOK         com.android.phone                    D  dds phoneId: 0
2026-06-04 20:41:36.630  ٢١٦٤-٢١٦٤  QcrilMsgTu...aceManager com.qualcomm.qcrilmsgtunnel          D  handleMessage what = 1
2026-06-04 20:41:36.631  ٢١٦٤-٢١٦٤  QcrilOemhookMsgTunnel   com.qualcomm.qcrilmsgtunnel          I  [0]invokeOemRilRequestRaw: serial=55418 length=20
2026-06-04 20:41:36.632  ٢١٦٤-٢١٩٦  QcrilOemhookMsgTunnel   com.qualcomm.qcrilmsgtunnel          I  [0]processOemHookResponse serial no: 55418 error: 0length=0
2026-06-04 20:41:36.632  ٢١٦٤-٢١٦٤  QcrilMsgTu...aceManager com.qualcomm.qcrilmsgtunnel          D  handleMessage what = 2
2026-06-04 20:41:36.633  ٢٠٥٧-٢٠٥٧  QC_RIL_OEM_HOOK         com.android.phone                    D  sendOemRilRequestRaw returns value = 0
2026-06-04 20:41:36.633  ٢٠٥٧-٢٠٥٧  QC_RIL_OEM_HOOK         com.android.phone                    D  dds phoneId: 0
2026-06-04 20:41:36.633  ٢١٦٤-٢١٦٤  QcrilMsgTu...aceManager com.qualcomm.qcrilmsgtunnel          D  handleMessage what = 1
2026-06-04 20:41:36.634  ٢١٦٤-٢١٦٤  QcrilOemhookMsgTunnel   com.qualcomm.qcrilmsgtunnel          I  [1]invokeOemRilRequestRaw: serial=55419 length=20
2026-06-04 20:41:36.634  ٢١٦٤-٢١٦٤  QcrilMsgTu...aceManager com.qualcomm.qcrilmsgtunnel          D  handleMessage what = 0
2026-06-04 20:41:36.635  ٢١٦٤-٢١٩٦  QcrilOemhookMsgTunnel   com.qualcomm.qcrilmsgtunnel          I  [1]processOemHookResponse serial no: 55419 error: 0length=0
2026-06-04 20:41:36.635  ٢١٦٤-٢١٦٤  QcrilMsgTu...aceManager com.qualcomm.qcrilmsgtunnel          D  handleMessage what = 2
2026-06-04 20:41:36.636  ٢٠٥٧-٢٠٥٧  QC_RIL_OEM_HOOK         com.android.phone                    D  sendOemRilRequestRaw returns value = 0
2026-06-04 20:41:36.637  ٢١٦٤-٢١٩٦  QcrilOemhookMsgTunnel   com.qualcomm.qcrilmsgtunnel          I  [1]processOemHookIndication length=28
2026-06-04 20:41:36.637  ٢١٦٤-٢١٦٤  QcrilMsgTu...aceManager com.qualcomm.qcrilmsgtunnel          D  handleMessage what = 0
2026-06-04 20:41:36.665  ٢٠٥٧-٢٠٥٧  QC_RIL_OEM_HOOK         com.android.phone                    D  Received Broadcast Intent ACTION_UNSOL_RESPONSE_OEM_HOOK_RAW
2026-06-04 20:41:36.665  ٢٠٥٧-٢٠٥٧  QC_RIL_OEM_HOOK         com.android.phone                    D  Oem ID in QCRILHOOK UNSOL RESP is QOEMHOOK
2026-06-04 20:41:36.665  ٢٠٥٧-٢٠٥٧  QC_RIL_OEM_HOOK         com.android.phone                    D  Received Broadcast Intent ACTION_UNSOL_RESPONSE_OEM_HOOK_RAW
2026-06-04 20:41:36.665  ٢٠٣١-٢٠٣١  QC_RIL_OEM_HOOK         com.qualcomm.qti.telephonyservice    D  Received Broadcast Intent ACTION_UNSOL_RESPONSE_OEM_HOOK_RAW
2026-06-04 20:41:36.665  ٢٠٥٧-٢٠٥٧  QC_RIL_OEM_HOOK         com.android.phone                    D  Oem ID in QCRILHOOK UNSOL RESP is QOEMHOOK
2026-06-04 20:41:36.665  ٢٠٥٧-٢٠٥٧  QC_RIL_OEM_HOOK         com.android.phone                    D  Received Broadcast Intent ACTION_UNSOL_RESPONSE_OEM_HOOK_RAW
2026-06-04 20:41:36.665  ٢٠٣١-٢٠٣١  QC_RIL_OEM_HOOK         com.qualcomm.qti.telephonyservice    D  Oem ID in QCRILHOOK UNSOL RESP is QOEMHOOK
2026-06-04 20:41:36.665  ٢٠٥٧-٢٠٥٧  QC_RIL_OEM_HOOK         com.android.phone                    D  Oem ID in QCRILHOOK UNSOL RESP is QOEMHOOK
2026-06-04 20:41:36.665  ٢٠٣١-٢٠٣١  QC_RIL_OEM_HOOK         com.qualcomm.qti.telephonyservice    D  Received Broadcast Intent ACTION_UNSOL_RESPONSE_OEM_HOOK_RAW
2026-06-04 20:41:36.665  ٢٠٥٧-٢٠٥٧  QC_RIL_OEM_HOOK         com.android.phone                    D  Received Broadcast Intent ACTION_UNSOL_RESPONSE_OEM_HOOK_RAW
2026-06-04 20:41:36.665  ٢٠٣١-٢٠٣١  QC_RIL_OEM_HOOK         com.qualcomm.qti.telephonyservice    D  Oem ID in QCRILHOOK UNSOL RESP is QOEMHOOK
2026-06-04 20:41:36.665  ٢٠٥٧-٢٠٥٧  QC_RIL_OEM_HOOK         com.android.phone                    D  Oem ID in QCRILHOOK UNSOL RESP is QOEMHOOK
2026-06-04 20:41:36.666  ٢٠٣١-٢٠٣١  QC_RIL_OEM_HOOK         com.qualcomm.qti.telephonyservice    D  Received Broadcast Intent ACTION_UNSOL_RESPONSE_OEM_HOOK_RAW
2026-06-04 20:41:36.666  ٢٠٥٧-٢٠٥٧  QC_RIL_OEM_HOOK         com.android.phone                    D  Received Broadcast Intent ACTION_UNSOL_RESPONSE_OEM_HOOK_RAW
2026-06-04 20:41:36.666  ٢٠٣١-٢٠٣١  QC_RIL_OEM_HOOK         com.qualcomm.qti.telephonyservice    D  Oem ID in QCRILHOOK UNSOL RESP is QOEMHOOK
2026-06-04 20:41:36.666  ٢٠٥٧-٢٠٥٧  QC_RIL_OEM_HOOK         com.android.phone                    D  Oem ID in QCRILHOOK UNSOL RESP is QOEMHOOK
2026-06-04 20:41:36.666  ٢٠٥٧-٢٠٥٧  QC_RIL_OEM_HOOK         com.android.phone                    D  Received Broadcast Intent ACTION_UNSOL_RESPONSE_OEM_HOOK_RAW
2026-06-04 20:41:36.666  ٢٠٥٧-٢٠٥٧  QC_RIL_OEM_HOOK         com.android.phone                    D  Oem ID in QCRILHOOK UNSOL RESP is QOEMHOOK
2026-06-04 20:41:36.666  ٢٠٥٧-٢٠٥٧  QC_RIL_OEM_HOOK         com.android.phone                    D  Received Broadcast Intent ACTION_UNSOL_RESPONSE_OEM_HOOK_RAW
2026-06-04 20:41:36.666  ٢٠٥٧-٢٠٥٧  QC_RIL_OEM_HOOK         com.android.phone                    D  Oem ID in QCRILHOOK UNSOL RESP is QOEMHOOK
2026-06-04 20:41:36.667  ٢٠٣١-٢٠٣١  QC_RIL_OEM_HOOK         com.qualcomm.qti.telephonyservice    D  Received Broadcast Intent ACTION_UNSOL_RESPONSE_OEM_HOOK_RAW
2026-06-04 20:41:36.667  ٢٠٣١-٢٠٣١  QC_RIL_OEM_HOOK         com.qualcomm.qti.telephonyservice    D  Oem ID in QCRILHOOK UNSOL RESP is QOEMHOOK
2026-06-04 20:41:36.667  ٢٠٣١-٢٠٣١  QC_RIL_OEM_HOOK         com.qualcomm.qti.telephonyservice    D  Received Broadcast Intent ACTION_UNSOL_RESPONSE_OEM_HOOK_RAW
2026-06-04 20:41:36.667  ٢٠٣١-٢٠٣١  QC_RIL_OEM_HOOK         com.qualcomm.qti.telephonyservice    D  Oem ID in QCRILHOOK UNSOL RESP is QOEMHOOK
2026-06-04 20:41:36.667  ٢٠٣١-٢٠٣١  QC_RIL_OEM_HOOK         com.qualcomm.qti.telephonyservice    D  Received Broadcast Intent ACTION_UNSOL_RESPONSE_OEM_HOOK_RAW
2026-06-04 20:41:36.667  ٢٠٣١-٢٠٣١  QC_RIL_OEM_HOOK         com.qualcomm.qti.telephonyservice    D  Oem ID in QCRILHOOK UNSOL RESP is QOEMHOOK
2026-06-04 20:41:36.667  ٢٠٥٧-٢٠٥٧  QC_RIL_OEM_HOOK         com.android.phone                    D  Received Broadcast Intent ACTION_UNSOL_RESPONSE_OEM_HOOK_RAW
2026-06-04 20:41:36.667  ٢٠٥٧-٢٠٥٧  QC_RIL_OEM_HOOK         com.android.phone                    D  Oem ID in QCRILHOOK UNSOL RESP is QOEMHOOK
2026-06-04 20:41:36.667  ٢٠٥٧-٢٠٥٧  QC_RIL_OEM_HOOK         com.android.phone                    D  Received Broadcast Intent ACTION_UNSOL_RESPONSE_OEM_HOOK_RAW
2026-06-04 20:41:36.667  ٢٠٥٧-٢٠٥٧  QC_RIL_OEM_HOOK         com.android.phone                    D  Oem ID in QCRILHOOK UNSOL RESP is QOEMHOOK
2026-06-04 20:41:36.667  ٢٠٥٧-٢٠٥٧  QC_RIL_OEM_HOOK         com.android.phone                    D  Received Broadcast Intent ACTION_UNSOL_RESPONSE_OEM_HOOK_RAW
2026-06-04 20:41:36.667  ٢٠٥٧-٢٠٥٧  QC_RIL_OEM_HOOK         com.android.phone                    D  Oem ID in QCRILHOOK UNSOL RESP is QOEMHOOK
2026-06-04 20:41:36.667  ٢٠٥٧-٢٠٥٧  QC_RIL_OEM_HOOK         com.android.phone                    D  Received Broadcast Intent ACTION_UNSOL_RESPONSE_OEM_HOOK_RAW
2026-06-04 20:41:36.667  ٢٠٥٧-٢٠٥٧  QC_RIL_OEM_HOOK         com.android.phone                    D  Oem ID in QCRILHOOK UNSOL RESP is QOEMHOOK
2026-06-04 20:41:36.668  ٢٠٥٧-٢٠٥٧  QC_RIL_OEM_HOOK         com.android.phone                    D  Received Broadcast Intent ACTION_UNSOL_RESPONSE_OEM_HOOK_RAW
2026-06-04 20:41:36.668  ٢٠٥٧-٢٠٥٧  QC_RIL_OEM_HOOK         com.android.phone                    D  Oem ID in QCRILHOOK UNSOL RESP is QOEMHOOK
2026-06-04 20:41:36.669  ١٥٦٨-١٦٥٣  BroadcastQueue          system_server                        W  Background execution not allowed: receiving Intent { act=android.intent.action.DROPBOX_ENTRY_ADDED flg=0x10 (has extras) } to com.google.android.gms/.stats.service.DropBoxEntryAddedReceiver
2026-06-04 20:41:36.701  ١٨٨٧-١٨٨٧  BAR                     com.android.systemui                 E  hideflag=================1vis===true
2026-06-04 20:41:36.755   ٥١٤-٥١٤   chatty                  and...hardware.memtrack@1.0-service  I  uid=1000(system) memtrack@1.0-se expire 4 lines
2026-06-04 20:41:36.755   ٥١٤-٥١٤   memtrack@1.0-se         and...hardware.memtrack@1.0-service  W  type=1400 audit(0.0:657135): avc: denied { search } for name="proc" dev="debugfs" ino=14354 scontext=u:r:hal_memtrack_default:s0 tcontext=u:object_r:qti_debugfs:s0 tclass=dir permissive=0
2026-06-04 20:41:37.096 ٢٢٩٢٧-٢٢٩٢٧ Sensors                 sensors.qcom                         E  sns_debug_mr.c(366):Sensors DIAG Init: Waiting for diag service timed out
2026-06-04 20:41:37.096 ٢٢٩٢٧-٢٢٩٢٧ Sensors                 sensors.qcom                         E  sns_debug_main.c(488):Sensors DIAG init: Can't register with debug
2026-06-04 20:41:37.096 ٢٢٩٢٧-٢٢٩٢٧ Sensors                 sensors.qcom                         E  sns_init_la.c(165):Error 5 initializing sns_debug_test_init2
2026-06-04 20:41:38.677 ٢٥٨١٦-٧٤٤٠  zygote64                com.google.android.gms               I  Explicit concurrent copying GC freed 31023(1422KB) AllocSpace objects, 6(120KB) LOS objects, 25% free, 21MB/29MB, paused 749us total 320.278ms
2026-06-04 20:41:40.328 ٢٣٠٩١-٢٣١٠٥ zygote                  com.facebook.orca                    I  Waiting for a blocking GC ProfileSaver
2026-06-04 20:41:40.401 ٢٣٠٩١-٢٣١٠٥ zygote                  com.facebook.orca                    I  WaitForGcToComplete blocked for 73.442ms for cause ProfileSaver
2026-06-04 20:41:40.401 ٢٣٠٩١-٢٣٠٩٩ JavaBinder              com.facebook.orca                    W  BinderProxy is being destroyed but the application did not call unlinkToDeath to unlink all of its death recipients beforehand.  Releasing leaked death recipient: X.0BO
2026-06-04 20:41:43.326  ١٥٦٨-٢٣٠٣٩ NetworkMon...A+) - 218] system_server                        D  PROBE_HTTP http://www.google.cn/generate_204 Probably not a portal: exception java.net.SocketTimeoutException: timeout
2026-06-04 20:41:43.345  ١٥٦٨-٢٣٠٣٨ NetworkMon...A+) - 218] system_server                        D  PROBE_HTTPS https://www.google.cn/generate_204 Probably not a portal: exception java.net.SocketTimeoutException: timeout
2026-06-04 20:41:46.208  ١٥٦٨-٢٢٨٧٢ NetworkMon...A+) - 218] system_server                        D  PROBE_FALLBACK http://play.googleapis.com/generate_204 Probably not a portal: exception java.net.SocketTimeoutException: timeout
2026-06-04 20:41:46.257  ١٥٦٨-١٨٤٣  ConnectivityService     system_server                        D  NetworkAgentInfo [MOBILE (HSPA+) - 218] validation failed
2026-06-04 20:41:46.322 ٢٣٠٩١-٢٣١٤١ msgr.com.f...sysMailbox com.facebook.orca                    W  runWithMailbox cancelled for empty session
2026-06-04 20:41:46.324  ١٥٦٨-٢٨٢٣  ConnectivityService     system_server                        D  requestNetwork for uid/pid:10121/23091 NetworkRequest [ TRACK_DEFAULT id=17697, [ Capabilities: INTERNET&NOT_RESTRICTED&TRUSTED&NOT_VPN] ]
2026-06-04 20:41:46.325  ١٥٦٨-١٨٣٧  WIFI_UT                 system_server                        D  got request NetworkRequest [ TRACK_DEFAULT id=17697, [ Capabilities: INTERNET&NOT_RESTRICTED&TRUSTED&NOT_VPN] ] with score 60
2026-06-04 20:41:46.325  ١٥٦٨-١٨٣٧  WIFI                    system_server                        D  got request NetworkRequest [ TRACK_DEFAULT id=17697, [ Capabilities: INTERNET&NOT_RESTRICTED&TRUSTED&NOT_VPN] ] with score 60
2026-06-04 20:41:46.325  ١٥٦٨-١٨٦٣  Ethernet                system_server                        D  got request NetworkRequest [ TRACK_DEFAULT id=17697, [ Capabilities: INTERNET&NOT_RESTRICTED&TRUSTED&NOT_VPN] ] with score 60
2026-06-04 20:41:46.326  ٢٠٥٧-٢٠٥٧  PhoneSwitc...stListener com.android.phone                    D  got request NetworkRequest [ TRACK_DEFAULT id=17697, [ Capabilities: INTERNET&NOT_RESTRICTED&TRUSTED&NOT_VPN] ] with score 60
2026-06-04 20:41:46.327  ٢٠٥٧-٢٠٥٧  QtiRilInterface         com.android.phone                    E  instance = com.qualcomm.qti.internal.telephony.QtiRilInterface@2b8626a
2026-06-04 20:41:46.330  ٢٠٥٧-٢٠٥٧  QC_RIL_OEM_HOOK         com.android.phone                    D  dds phoneId: 0
2026-06-04 20:41:46.330  ٢١٦٤-٢١٦٤  QcrilMsgTu...aceManager com.qualcomm.qcrilmsgtunnel          D  handleMessage what = 1
2026-06-04 20:41:46.332  ٢١٦٤-٢١٦٤  QcrilOemhookMsgTunnel   com.qualcomm.qcrilmsgtunnel          I  [0]invokeOemRilRequestRaw: serial=55420 length=20
2026-06-04 20:41:46.333  ٢١٦٤-٢١٩٦  QcrilOemhookMsgTunnel   com.qualcomm.qcrilmsgtunnel          I  [0]processOemHookResponse serial no: 55420 error: 0length=0
2026-06-04 20:41:46.333  ٢١٦٤-٢١٦٤  QcrilMsgTu...aceManager com.qualcomm.qcrilmsgtunnel          D  handleMessage what = 2
2026-06-04 20:41:46.333  ٢٠٥٧-٢٠٥٧  QC_RIL_OEM_HOOK         com.android.phone                    D  sendOemRilRequestRaw returns value = 0
2026-06-04 20:41:46.334  ٢٠٥٧-٢٠٥٧  QC_RIL_OEM_HOOK         com.android.phone                    D  dds phoneId: 0
2026-06-04 20:41:46.334  ٢١٦٤-٢١٦٤  QcrilMsgTu...aceManager com.qualcomm.qcrilmsgtunnel          D  handleMessage what = 1
2026-06-04 20:41:46.335  ٢١٦٤-٢١٦٤  QcrilOemhookMsgTunnel   com.qualcomm.qcrilmsgtunnel          I  [1]invokeOemRilRequestRaw: serial=55421 length=20
2026-06-04 20:41:46.337  ٢١٦٤-٢١٩٦  QcrilOemhookMsgTunnel   com.qualcomm.qcrilmsgtunnel          I  [0]processOemHookIndication length=28
2026-06-04 20:41:46.338  ٢١٦٤-٢١٦٤  QcrilMsgTu...aceManager com.qualcomm.qcrilmsgtunnel          D  handleMessage what = 0
2026-06-04 20:41:46.338  ٢١٦٤-٢١٩٦  QcrilOemhookMsgTunnel   com.qualcomm.qcrilmsgtunnel          I  [1]processOemHookResponse serial no: 55421 error: 0length=0
2026-06-04 20:41:46.339  ٢١٦٤-٢١٦٤  QcrilMsgTu...aceManager com.qualcomm.qcrilmsgtunnel          D  handleMessage what = 2
2026-06-04 20:41:46.340  ٢٠٥٧-٢٠٥٧  QC_RIL_OEM_HOOK         com.android.phone                    D  sendOemRilRequestRaw returns value = 0
2026-06-04 20:41:46.340  ٢٠٥٧-٢٠٥٧  QC_RIL_OEM_HOOK         com.android.phone                    D  Received Broadcast Intent ACTION_UNSOL_RESPONSE_OEM_HOOK_RAW
2026-06-04 20:41:46.340  ٢٠٥٧-٢٠٥٧  QC_RIL_OEM_HOOK         com.android.phone                    D  Oem ID in QCRILHOOK UNSOL RESP is QOEMHOOK
2026-06-04 20:41:46.340  ٢٠٥٧-٢٠٥٧  QC_RIL_OEM_HOOK         com.android.phone                    D  Received Broadcast Intent ACTION_UNSOL_RESPONSE_OEM_HOOK_RAW
2026-06-04 20:41:46.340  ٢٠٥٧-٢٠٥٧  QC_RIL_OEM_HOOK         com.android.phone                    D  Oem ID in QCRILHOOK UNSOL RESP is QOEMHOOK
2026-06-04 20:41:46.341  ٢٠٣١-٢٠٣١  QC_RIL_OEM_HOOK         com.qualcomm.qti.telephonyservice    D  Received Broadcast Intent ACTION_UNSOL_RESPONSE_OEM_HOOK_RAW
2026-06-04 20:41:46.341  ٢٠٣١-٢٠٣١  QC_RIL_OEM_HOOK         com.qualcomm.qti.telephonyservice    D  Oem ID in QCRILHOOK UNSOL RESP is QOEMHOOK
2026-06-04 20:41:46.342  ٢١٦٤-٢١٩٦  QcrilOemhookMsgTunnel   com.qualcomm.qcrilmsgtunnel          I  [1]processOemHookIndication length=28
2026-06-04 20:41:46.343  ٢١٦٤-٢١٦٤  QcrilMsgTu...aceManager com.qualcomm.qcrilmsgtunnel          D  handleMessage what = 0
2026-06-04 20:41:46.345  ٢٠٣١-٢٠٣١  QC_RIL_OEM_HOOK         com.qualcomm.qti.telephonyservice    D  Received Broadcast Intent ACTION_UNSOL_RESPONSE_OEM_HOOK_RAW
2026-06-04 20:41:46.345  ٢٠٥٧-٢٠٥٧  QC_RIL_OEM_HOOK         com.android.phone                    D  Received Broadcast Intent ACTION_UNSOL_RESPONSE_OEM_HOOK_RAW
2026-06-04 20:41:46.345  ٢٠٣١-٢٠٣١  QC_RIL_OEM_HOOK         com.qualcomm.qti.telephonyservice    D  Oem ID in QCRILHOOK UNSOL RESP is QOEMHOOK
2026-06-04 20:41:46.346  ٢٠٥٧-٢٠٥٧  QC_RIL_OEM_HOOK         com.android.phone                    D  Oem ID in QCRILHOOK UNSOL RESP is QOEMHOOK
2026-06-04 20:41:46.346  ٢٠٥٧-٢٠٥٧  QC_RIL_OEM_HOOK         com.android.phone                    D  Received Broadcast Intent ACTION_UNSOL_RESPONSE_OEM_HOOK_RAW
2026-06-04 20:41:46.346  ٢٠٥٧-٢٠٥٧  QC_RIL_OEM_HOOK         com.android.phone                    D  Oem ID in QCRILHOOK UNSOL RESP is QOEMHOOK
2026-06-04 20:41:46.351 ٢٣٠٩١-٢٣١٦٦ zygote                  com.facebook.orca                    I  Deoptimizing boolean X.18Z.hasNext() due to JIT inline cache
2026-06-04 20:41:46.358  ١٥٦٨-١٦٥٣  BroadcastQueue          system_server                        W  Background execution not allowed: receiving Intent { act=android.intent.action.DROPBOX_ENTRY_ADDED flg=0x10 (has extras) } to com.google.android.gms/.stats.service.DropBoxEntryAddedReceiver
2026-06-04 20:41:46.387 ٢٣٠٩١-٢٣١٦٣ msgr.Defau...workConfig com.facebook.orca                    W  com.facebook.orca: getShouldCheckCertsInternal: true
2026-06-04 20:41:46.396 ٢٣٠٩١-٢٣١٨٧ NetworkSecurityConfig   com.facebook.orca                    D  Using Network Security Config from resource (name removed) debugBuild: false
2026-06-04 20:41:46.401 ٢٣٠٩١-٢٣١٨٧ msgr.msys               com.facebook.orca                    E  E[N mns:DGWClient]MNSHTTPClientCreateWithThreadName(265)=>AESCE: MBEDTLS_AESCE_C is NOT enabled.
2026-06-04 20:41:46.401 ٢٣٠٩١-٢٣١٨٧ soft_error.cpp          com.facebook.orca                    W  [DGWClientConfig] : numFailuresForFallback: value 0 outside valid range [1, 100] <force_oncall:mi_client_infra:force_oncall>
2026-06-04 20:41:46.404 ٢٣٠٩١-٢٣١٨٧ soft_error.cpp          com.facebook.orca                    W  [DGWClientConfig] : sgConnectTimeout: value 0 outside valid range [1, 120] <force_oncall:mi_client_infra:force_oncall>
2026-06-04 20:41:46.404 ٢٣٠٩١-٢٣١٨٧ soft_error.cpp          com.facebook.orca                    W  [DGWClientConfig] : sgPingTimeout: value 0 outside valid range [1, 60] <force_oncall:mi_client_infra:force_oncall>
2026-06-04 20:41:46.404 ٢٣٠٩١-٢٣١٨٧ soft_error.cpp          com.facebook.orca                    W  [DGWClientConfig] : tunnelConnectTimeout: value 0 outside valid range [1, 120] <force_oncall:mi_client_infra:force_oncall>
2026-06-04 20:41:46.405 ٢٣٠٩١-٢٣١٨٧ soft_error.cpp          com.facebook.orca                    W  [DGWClientConfig] : tunnelConnectAckTimeout: value 0 outside valid range [1, 120] <force_oncall:mi_client_infra:force_oncall>
2026-06-04 20:41:46.407  ١٥٦٨-٨٩٥١  ConnectivityService     system_server                        D  requestNetwork for uid/pid:10121/23091 NetworkRequest [ TRACK_DEFAULT id=17698, [ Capabilities: INTERNET&NOT_RESTRICTED&TRUSTED&NOT_VPN] ]
2026-06-04 20:41:46.408  ١٥٦٨-١٨٣٧  WIFI_UT                 system_server                        D  got request NetworkRequest [ TRACK_DEFAULT id=17698, [ Capabilities: INTERNET&NOT_RESTRICTED&TRUSTED&NOT_VPN] ] with score 60
2026-06-04 20:41:46.408  ١٥٦٨-١٨٦٣  Ethernet                system_server                        D  got request NetworkRequest [ TRACK_DEFAULT id=17698, [ Capabilities: INTERNET&NOT_RESTRICTED&TRUSTED&NOT_VPN] ] with score 60
2026-06-04 20:41:46.408  ١٥٦٨-١٨٣٧  WIFI                    system_server                        D  got request NetworkRequest [ TRACK_DEFAULT id=17698, [ Capabilities: INTERNET&NOT_RESTRICTED&TRUSTED&NOT_VPN] ] with score 60
2026-06-04 20:41:46.409  ٢٠٥٧-٢٠٥٧  PhoneSwitc...stListener com.android.phone                    D  got request NetworkRequest [ TRACK_DEFAULT id=17698, [ Capabilities: INTERNET&NOT_RESTRICTED&TRUSTED&NOT_VPN] ] with score 60
2026-06-04 20:41:46.409  ٢٠٥٧-٢٠٥٧  QtiRilInterface         com.android.phone                    E  instance = com.qualcomm.qti.internal.telephony.QtiRilInterface@2b8626a
2026-06-04 20:41:46.413  ٢٠٥٧-٢٠٥٧  QC_RIL_OEM_HOOK         com.android.phone                    D  dds phoneId: 0
2026-06-04 20:41:46.414  ٢١٦٤-٢١٦٤  QcrilMsgTu...aceManager com.qualcomm.qcrilmsgtunnel          D  handleMessage what = 1
2026-06-04 20:41:46.414  ٢١٦٤-٢١٦٤  QcrilOemhookMsgTunnel   com.qualcomm.qcrilmsgtunnel          I  [0]invokeOemRilRequestRaw: serial=55422 length=20
2026-06-04 20:41:46.415  ٢١٦٤-٢١٩٦  QcrilOemhookMsgTunnel   com.qualcomm.qcrilmsgtunnel          I  [0]processOemHookResponse serial no: 55422 error: 0length=0
2026-06-04 20:41:46.416  ٢١٦٤-٢١٦٤  QcrilMsgTu...aceManager com.qualcomm.qcrilmsgtunnel          D  handleMessage what = 2
2026-06-04 20:41:46.416  ٢٠٥٧-٢٠٥٧  QC_RIL_OEM_HOOK         com.android.phone                    D  sendOemRilRequestRaw returns value = 0
2026-06-04 20:41:46.416  ٢٠٥٧-٢٠٥٧  QC_RIL_OEM_HOOK         com.android.phone                    D  dds phoneId: 0
