                                                                                                    	at java.lang.Thread.run(Thread.java:764)
2026-06-04 20:46:40.631 ٢٣٨٨٠-٢٣٩٣١ zygote                  com.facebook.katana                  W  JNI RegisterNativeMethods: attempt to register 0 native methods for com.facebook.msys.mci.EventLoggingData
2026-06-04 20:46:40.647 ٢٣٨٨٠-٢٣٩٣١ NetworkSecurityConfig   com.facebook.katana                  D  Using Network Security Config from resource (name removed) debugBuild: false
2026-06-04 20:46:40.656 ٢٣٨٨٠-٢٣٩٣١ soft_error.cpp          com.facebook.katana                  W  [DGWClientConfig] : sgConnectTimeout: value 0 outside valid range [1, 120] <force_oncall:mi_client_infra:force_oncall>
2026-06-04 20:46:40.656 ٢٣٨٨٠-٢٣٩٣١ soft_error.cpp          com.facebook.katana                  W  [DGWClientConfig] : sgPingTimeout: value 0 outside valid range [1, 60] <force_oncall:mi_client_infra:force_oncall>
2026-06-04 20:46:40.656 ٢٣٨٨٠-٢٣٩٣١ soft_error.cpp          com.facebook.katana                  W  [DGWClientConfig] : tunnelConnectTimeout: value 0 outside valid range [1, 120] <force_oncall:mi_client_infra:force_oncall>
2026-06-04 20:46:40.656 ٢٣٨٨٠-٢٣٩٣١ soft_error.cpp          com.facebook.katana                  W  [DGWClientConfig] : tunnelConnectAckTimeout: value 0 outside valid range [1, 120] <force_oncall:mi_client_infra:force_oncall>
2026-06-04 20:46:40.663  ١٥٦٨-٨٩٥٠  ConnectivityService     system_server                        D  requestNetwork for uid/pid:10119/23880 NetworkRequest [ TRACK_DEFAULT id=17707, [ Capabilities: INTERNET&NOT_RESTRICTED&TRUSTED&NOT_VPN] ]
2026-06-04 20:46:40.664  ١٥٦٨-١٨٣٧  WIFI_UT                 system_server                        D  got request NetworkRequest [ TRACK_DEFAULT id=17707, [ Capabilities: INTERNET&NOT_RESTRICTED&TRUSTED&NOT_VPN] ] with score 60
2026-06-04 20:46:40.664  ١٥٦٨-١٨٦٣  Ethernet                system_server                        D  got request NetworkRequest [ TRACK_DEFAULT id=17707, [ Capabilities: INTERNET&NOT_RESTRICTED&TRUSTED&NOT_VPN] ] with score 60
2026-06-04 20:46:40.664  ١٥٦٨-١٨٣٧  WIFI                    system_server                        D  got request NetworkRequest [ TRACK_DEFAULT id=17707, [ Capabilities: INTERNET&NOT_RESTRICTED&TRUSTED&NOT_VPN] ] with score 60
2026-06-04 20:46:40.665  ٢٠٥٧-٢٠٥٧  PhoneSwitc...stListener com.android.phone                    D  got request NetworkRequest [ TRACK_DEFAULT id=17707, [ Capabilities: INTERNET&NOT_RESTRICTED&TRUSTED&NOT_VPN] ] with score 60
2026-06-04 20:46:40.665 ٢٣٨٨٠-٢٣٩٢٥ fb4a.Quick...ggerModule com.facebook.katana                  W  Provided QPL: 33340532
2026-06-04 20:46:40.666  ٢٠٥٧-٢٠٥٧  QtiRilInterface         com.android.phone                    E  instance = com.qualcomm.qti.internal.telephony.QtiRilInterface@2b8626a
2026-06-04 20:46:40.670  ٢٠٥٧-٢٠٥٧  QC_RIL_OEM_HOOK         com.android.phone                    D  dds phoneId: 0
2026-06-04 20:46:40.670  ٢١٦٤-٢١٦٤  QcrilMsgTu...aceManager com.qualcomm.qcrilmsgtunnel          D  handleMessage what = 1
2026-06-04 20:46:40.671  ٢١٦٤-٢١٦٤  QcrilOemhookMsgTunnel   com.qualcomm.qcrilmsgtunnel          I  [0]invokeOemRilRequestRaw: serial=55444 length=20
2026-06-04 20:46:40.672  ٢١٦٤-٢١٩٦  QcrilOemhookMsgTunnel   com.qualcomm.qcrilmsgtunnel          I  [0]processOemHookResponse serial no: 55444 error: 0length=0
2026-06-04 20:46:40.672  ٢١٦٤-٢١٦٤  QcrilMsgTu...aceManager com.qualcomm.qcrilmsgtunnel          D  handleMessage what = 2
2026-06-04 20:46:40.673  ٢٠٥٧-٢٠٥٧  QC_RIL_OEM_HOOK         com.android.phone                    D  sendOemRilRequestRaw returns value = 0
2026-06-04 20:46:40.673  ٢٠٥٧-٢٠٥٧  QC_RIL_OEM_HOOK         com.android.phone                    D  dds phoneId: 0
2026-06-04 20:46:40.674  ٢١٦٤-٢١٦٤  QcrilMsgTu...aceManager com.qualcomm.qcrilmsgtunnel          D  handleMessage what = 1
2026-06-04 20:46:40.674  ٢١٦٤-٢١٩٦  QcrilOemhookMsgTunnel   com.qualcomm.qcrilmsgtunnel          I  [0]processOemHookIndication length=28
2026-06-04 20:46:40.674  ٢١٦٤-٢١٦٤  QcrilOemhookMsgTunnel   com.qualcomm.qcrilmsgtunnel          I  [1]invokeOemRilRequestRaw: serial=55445 length=20
2026-06-04 20:46:40.675  ٢١٦٤-٢١٦٤  QcrilMsgTu...aceManager com.qualcomm.qcrilmsgtunnel          D  handleMessage what = 0
2026-06-04 20:46:40.675  ٢١٦٤-٢١٩٦  QcrilOemhookMsgTunnel   com.qualcomm.qcrilmsgtunnel          I  [1]processOemHookResponse serial no: 55445 error: 0length=0
2026-06-04 20:46:40.676  ٢١٦٤-٢١٦٤  QcrilMsgTu...aceManager com.qualcomm.qcrilmsgtunnel          D  handleMessage what = 2
2026-06-04 20:46:40.676  ٢٠٣١-٢٠٣١  QC_RIL_OEM_HOOK         com.qualcomm.qti.telephonyservice    D  Received Broadcast Intent ACTION_UNSOL_RESPONSE_OEM_HOOK_RAW
2026-06-04 20:46:40.676  ٢٠٣١-٢٠٣١  QC_RIL_OEM_HOOK         com.qualcomm.qti.telephonyservice    D  Oem ID in QCRILHOOK UNSOL RESP is QOEMHOOK
2026-06-04 20:46:40.676  ٢٠٥٧-٢٠٥٧  QC_RIL_OEM_HOOK         com.android.phone                    D  sendOemRilRequestRaw returns value = 0
2026-06-04 20:46:40.676  ٢٠٥٧-٢٠٥٧  QC_RIL_OEM_HOOK         com.android.phone                    D  Received Broadcast Intent ACTION_UNSOL_RESPONSE_OEM_HOOK_RAW
2026-06-04 20:46:40.676  ٢١٦٤-٢١٩٦  QcrilOemhookMsgTunnel   com.qualcomm.qcrilmsgtunnel          I  [1]processOemHookIndication length=28
2026-06-04 20:46:40.676  ٢٠٥٧-٢٠٥٧  QC_RIL_OEM_HOOK         com.android.phone                    D  Oem ID in QCRILHOOK UNSOL RESP is QOEMHOOK
2026-06-04 20:46:40.676  ٢٠٥٧-٢٠٥٧  QC_RIL_OEM_HOOK         com.android.phone                    D  Received Broadcast Intent ACTION_UNSOL_RESPONSE_OEM_HOOK_RAW
2026-06-04 20:46:40.676  ٢٠٥٧-٢٠٥٧  QC_RIL_OEM_HOOK         com.android.phone                    D  Oem ID in QCRILHOOK UNSOL RESP is QOEMHOOK
2026-06-04 20:46:40.677  ٢١٦٤-٢١٦٤  QcrilMsgTu...aceManager com.qualcomm.qcrilmsgtunnel          D  handleMessage what = 0
2026-06-04 20:46:40.678  ٢٠٣١-٢٠٣١  QC_RIL_OEM_HOOK         com.qualcomm.qti.telephonyservice    D  Received Broadcast Intent ACTION_UNSOL_RESPONSE_OEM_HOOK_RAW
2026-06-04 20:46:40.678  ٢٠٣١-٢٠٣١  QC_RIL_OEM_HOOK         com.qualcomm.qti.telephonyservice    D  Oem ID in QCRILHOOK UNSOL RESP is QOEMHOOK
2026-06-04 20:46:40.679  ٢٠٥٧-٢٠٥٧  QC_RIL_OEM_HOOK         com.android.phone                    D  Received Broadcast Intent ACTION_UNSOL_RESPONSE_OEM_HOOK_RAW
2026-06-04 20:46:40.679  ٢٠٥٧-٢٠٥٧  QC_RIL_OEM_HOOK         com.android.phone                    D  Oem ID in QCRILHOOK UNSOL RESP is QOEMHOOK
2026-06-04 20:46:40.679  ٢٠٥٧-٢٠٥٧  QC_RIL_OEM_HOOK         com.android.phone                    D  Received Broadcast Intent ACTION_UNSOL_RESPONSE_OEM_HOOK_RAW
2026-06-04 20:46:40.679  ٢٠٥٧-٢٠٥٧  QC_RIL_OEM_HOOK         com.android.phone                    D  Oem ID in QCRILHOOK UNSOL RESP is QOEMHOOK
2026-06-04 20:46:40.732 ٢٣٨٨٠-٢٣٩٤٠ fb4a.Fixie...etterFixer com.facebook.katana                  W  Enable Activity Stack Resetter
2026-06-04 20:46:40.772  ١٥٦٨-١٦٥٣  BroadcastQueue          system_server                        W  Background execution not allowed: receiving Intent { act=android.intent.action.DROPBOX_ENTRY_ADDED flg=0x10 (has extras) } to com.google.android.gms/.stats.service.DropBoxEntryAddedReceiver
2026-06-04 20:46:40.787 ٢٣٨٨٠-٢٣٩٤٠ LogPrintlnFixie         com.facebook.katana                  W  Hook disabled by config
2026-06-04 20:46:40.944 ٢٣٨٨٠-٢٣٩٤٠ zygote                  com.facebook.katana                  W  JNI RegisterNativeMethods: attempt to register 0 native methods for com.facebook.omnistore.OmnistoreCollectionFrontendHolder
2026-06-04 20:46:40.944 ٢٣٨٨٠-٢٣٨٨٥ zygote                  com.facebook.katana                  I  Do partial code cache collection, code=75KB, data=71KB
2026-06-04 20:46:40.945 ٢٣٨٨٠-٢٣٨٨٥ zygote                  com.facebook.katana                  I  After code cache collection, code=75KB, data=71KB
2026-06-04 20:46:40.945 ٢٣٨٨٠-٢٣٨٨٥ zygote                  com.facebook.katana                  I  Increasing code cache capacity to 512KB
2026-06-04 20:46:41.147 ٢٣٨٨٠-٢٣٩٤٠ zygote                  com.facebook.katana                  I  Deoptimizing java.util.LinkedHashSet X.0DE.A03(java.lang.Iterable, java.util.Set) due to JIT inline cache
2026-06-04 20:46:41.166 ٢٣٨٨٠-٢٤٠١١ Adreno                  com.facebook.katana                  I  QUALCOMM build                   : 368094a, I26dffed9a4
                                                                                                    Build Date                       : 12/03/17
                                                                                                    OpenGL ES Shader Compiler Version: EV031.22.00.01
                                                                                                    Local Branch                     : 
                                                                                                    Remote Branch                    : quic/gfx-adreno.lnx.1.9.r3-rel
                                                                                                    Remote Branch                    : NONE
                                                                                                    Reconstruct Branch               : NOTHING
2026-06-04 20:46:41.172 ٢٣٨٨٠-٢٤٠١١ Adreno                  com.facebook.katana                  I  PFP: 0x005ff087, ME: 0x005ff063
2026-06-04 20:46:41.189 ٢٣٨٨٠-٢٣٩٤٠ fb4a.lacrima            com.facebook.katana                  W  FbErrorReportingConfig.postStartupInit
2026-06-04 20:46:41.215 ٢٣٨٨٠-٢٣٩٢٥ fb4a.MobileConfigInit   com.facebook.katana                  E  MobileConfigDebug: endToEndConfigLevelConsistencyTests
2026-06-04 20:46:41.240 ٢٣٨٨٠-٢٣٩٤٠ fb4a.AppState           com.facebook.katana                  E  Returning default for firstRunInfo
2026-06-04 20:46:41.240 ٢٣٨٨٠-٢٣٩٤٠ fb4a.AppState           com.facebook.katana                  E  Returning default for firstRunInfo
2026-06-04 20:46:41.282 ٢٣٨٨٠-٢٣٩٢٥ fb4a.Heliu...nceManager com.facebook.katana                  W  Helium will not be used, skipping IAB cookie store restore
2026-06-04 20:46:41.409 ٢٣٨٨٠-٢٣٩٤٠ OptimizationRunner      com.facebook.katana                  W  Using cached optimization plans for 2 configurations
2026-06-04 20:46:41.409 ٢٣٨٨٠-٢٣٩٤٠ ExperimentConfigurator  com.facebook.katana                  W  onAppStartFinished completed: 0 configs executed
2026-06-04 20:46:41.463 ٢٣٨٨٠-٢٣٩٤٠ fb4a.ServiceInfoParser  com.facebook.katana                  W  X.4zz: Service com.facebook.browser.lite.BrowserLiteInMainProcessIntentService is missing meta key com.facebook.common.jobscheduler.compat.jobIds
2026-06-04 20:46:41.464 ٢٣٨٨٠-٢٣٩٤٠ fb4a.ServiceInfoParser  com.facebook.katana                  W  X.4zz: Service com.facebook.businessintegrity.cloakingdetection.service.CloakingDetectionService is missing meta key com.facebook.common.jobscheduler.compat.jobIds
2026-06-04 20:46:41.464 ٢٣٨٨٠-٢٣٩٤٠ fb4a.ServiceInfoParser  com.facebook.katana                  W  X.4zz: Service com.facebook.contacts.service.ContactLocaleChangeService is missing meta key com.facebook.common.jobscheduler.compat.jobIds
2026-06-04 20:46:41.464 ٢٣٨٨٠-٢٣٩٤٠ fb4a.ServiceInfoParser  com.facebook.katana                  W  X.4zz: Service com.facebook.common.zopt.ZOptBackgroundService is missing meta key com.facebook.common.jobscheduler.compat.jobIds
2026-06-04 20:46:41.464 ٢٣٨٨٠-٢٣٩٤٠ fb4a.ServiceInfoParser  com.facebook.katana                  W  X.4zz: Service com.facebook.analytics2.fabric.onefabric.FFAlarmUploadJobService is missing meta key com.facebook.common.jobscheduler.compat.jobIds
2026-06-04 20:46:41.464 ٢٣٨٨٠-٢٣٩٤٠ fb4a.ServiceInfoParser  com.facebook.katana                  W  X.4zz: Service com.facebook.falco.jobscheduler.FFJobService is missing meta key com.facebook.common.jobscheduler.compat.jobIds
2026-06-04 20:46:41.464 ٢٣٨٨٠-٢٣٩٤٠ fb4a.ServiceInfoParser  com.facebook.katana                  W  X.4zz: Service com.facebook.registration.notification.RegistrationNotificationService is missing meta key com.facebook.common.jobscheduler.compat.jobIds
2026-06-04 20:46:41.464 ٢٣٨٨٠-٢٣٩٤٠ fb4a.ServiceInfoParser  com.facebook.katana                  W  X.4zz: Service com.facebook.notifications.appwidget.bugreporter.NotificationsWidgetDebugHelper is missing meta key com.facebook.common.jobscheduler.compat.jobIds
2026-06-04 20:46:41.464 ٢٣٨٨٠-٢٣٩٤٠ fb4a.ServiceInfoParser  com.facebook.katana                  W  X.4zz: Service com.facebook.account.login.notification.LoginNotificationService is missing meta key com.facebook.common.jobscheduler.compat.jobIds
2026-06-04 20:46:41.464 ٢٣٨٨٠-٢٣٩٤٠ fb4a.ServiceInfoParser  com.facebook.katana                  W  X.4zz: Service com.facebook.battery.monitor.ContinuousBatteryMonitorService is missing meta key com.facebook.common.jobscheduler.compat.jobIds
2026-06-04 20:46:41.464 ٢٣٨٨٠-٢٣٩٤٠ fb4a.ServiceInfoParser  com.facebook.katana                  W  X.4zz: Service com.facebook.googleplay.GooglePlayInstallRefererService is missing meta key com.facebook.common.jobscheduler.compat.jobIds
2026-06-04 20:46:41.465 ٢٣٨٨٠-٢٣٩٤٠ fb4a.ServiceInfoParser  com.facebook.katana                  W  X.4zz: Service com.facebook.glc.GLCService is missing meta key com.facebook.common.jobscheduler.compat.jobIds
2026-06-04 20:46:41.465 ٢٣٨٨٠-٢٣٩٤٠ fb4a.ServiceInfoParser  com.facebook.katana                  W  X.4zz: Service com.facebook.papaya.fb.client.services.FBPapayaJobService is missing meta key com.facebook.common.jobscheduler.compat.jobIds
2026-06-04 20:46:41.465 ٢٣٨٨٠-٢٣٩٤٠ fb4a.ServiceInfoParser  com.facebook.katana                  W  X.4zz: Service com.google.android.datatransport.runtime.scheduling.jobscheduling.JobInfoSchedulerService is missing meta key com.facebook.common.jobscheduler.compat.jobIds
2026-06-04 20:46:41.465 ٢٣٨٨٠-٢٣٩٤٠ fb4a.ServiceInfoParser  com.facebook.katana                  W  X.4zz: Service com.facebook.push.fcm.FcmRegistrarFbJobIntentService is missing meta key com.facebook.common.jobscheduler.compat.jobIds
2026-06-04 20:46:41.465 ٢٣٨٨٠-٢٣٩٤٠ fb4a.ServiceInfoParser  com.facebook.katana                  W  X.4zz: Service com.facebook.push.fbpushdata.common.FbPushDataHandlerService is missing meta key com.facebook.common.jobscheduler.compat.jobIds
2026-06-04 20:46:41.465 ٢٣٨٨٠-٢٣٩٤٠ fb4a.ServiceInfoParser  com.facebook.katana                  W  X.4zz: Service com.facebook.conditionalworker.ConditionalWorkerService is missing meta key com.facebook.common.jobscheduler.compat.jobIds
2026-06-04 20:46:41.466 ٢٣٨٨٠-٢٣٩٤٠ fb4a.ServiceInfoParser  com.facebook.katana                  W  X.4zz: Service com.facebook.compost.service.CompostNotificationService is missing meta key com.facebook.common.jobscheduler.compat.jobIds
2026-06-04 20:46:41.466 ٢٣٨٨٠-٢٣٩٤٠ fb4a.ServiceInfoParser  com.facebook.katana                  W  X.4zz: Service com.facebook.messaging.notify.client.MessagesNotificationService is missing meta key com.facebook.common.jobscheduler.compat.jobIds
2026-06-04 20:46:41.466 ٢٣٨٨٠-٢٣٩٤٠ fb4a.ServiceInfoParser  com.facebook.katana                  W  X.4zz: Service com.facebook.confirmation.notification.ConfirmationNotificationService is missing meta key com.facebook.common.jobscheduler.compat.jobIds
2026-06-04 20:46:41.466 ٢٣٨٨٠-٢٣٩٤٠ fb4a.ServiceInfoParser  com.facebook.katana                  W  X.4zz: Service com.facebook.voltron.download.scheduledinstaller.OxygenScheduledInstallerJobService is missing meta key com.facebook.common.jobscheduler.compat.jobIds
2026-06-04 20:46:41.466 ٢٣٨٨٠-٢٣٩٤٠ fb4a.ServiceInfoParser  com.facebook.katana                  W  X.4zz: Service com.facebook.messaging.prefs.notifications.NotificationPrefsSyncService is missing meta key com.facebook.common.jobscheduler.compat.jobIds
2026-06-04 20:46:41.466 ٢٣٨٨٠-٢٣٩٤٠ fb4a.ServiceInfoParser  com.facebook.katana                  W  X.4zz: Service com.facebook.push.adm.ADMService is missing meta key com.facebook.common.jobscheduler.compat.jobIds
2026-06-04 20:46:41.466 ٢٣٨٨٠-٢٣٩٤٠ fb4a.ServiceInfoParser  com.facebook.katana                  W  X.4zz: Service com.facebook.push.adm.ADMBroadcastReceiverJobBase is missing meta key com.facebook.common.jobscheduler.compat.jobIds
2026-06-04 20:46:41.466 ٢٣٨٨٠-٢٣٩٤٠ fb4a.ServiceInfoParser  com.facebook.katana                  W  X.4zz: Service com.facebook.push.adm.ADMJobIntentService is missing meta key com.facebook.common.jobscheduler.compat.jobIds
2026-06-04 20:46:41.466 ٢٣٨٨٠-٢٣٩٤٠ fb4a.ServiceInfoParser  com.facebook.katana                  W  X.4zz: Service com.facebook.push.negativefeedback.PushNegativeFeedbackFbJobIntentService is missing meta key com.facebook.common.jobscheduler.compat.jobIds
2026-06-04 20:46:41.467 ٢٣٨٨٠-٢٣٩٤٠ fb4a.ServiceInfoParser  com.facebook.katana                  W  X.4zz: Service com.facebook.push.registration.RegistrarHelperService is missing meta key com.facebook.common.jobscheduler.compat.jobIds
2026-06-04 20:46:41.467 ٢٣٨٨٠-٢٣٩٤٠ fb4a.ServiceInfoParser  com.facebook.katana                  W  X.4zz: Service com.facebook.feed.platformads.AppInstallService is missing meta key com.facebook.common.jobscheduler.compat.jobIds
2026-06-04 20:46:41.467 ٢٣٨٨٠-٢٣٩٤٠ fb4a.ServiceInfoParser  com.facebook.katana                  W  X.4zz: Service com.google.android.gms.analytics.AnalyticsJobService is missing meta key com.facebook.common.jobscheduler.compat.jobIds
2026-06-04 20:46:41.467 ٢٣٨٨٠-٢٣٩٤٠ fb4a.ServiceInfoParser  com.facebook.katana                  W  X.4zz: Service com.facebook.oxygen.preloads.sdk.firstparty.managedappcache.IsManagedAppCacheJobService is missing meta key com.facebook.common.jobscheduler.compat.jobIds
2026-06-04 20:46:41.467 ٢٣٨٨٠-٢٣٩٤٠ fb4a.ServiceInfoParser  com.facebook.katana                  W  X.4zz: Service com.facebook.videolite.api.VideoUploadJobService is missing meta key com.facebook.common.jobscheduler.compat.jobIds
2026-06-04 20:46:41.467 ٢٣٨٨٠-٢٣٩٤٠ fb4a.ServiceInfoParser  com.facebook.katana                  W  X.4zz: Service com.facebook.videolite.api.jobscheduler.UploadJobSchedulerService is missing meta key com.facebook.common.jobscheduler.compat.jobIds
2026-06-04 20:46:41.468 ٢٣٨٨٠-٢٣٩٤٠ fb4a.ServiceInfoParser  com.facebook.katana                  W  X.4zz: Service androidx.work.impl.background.systemjob.SystemJobService is missing meta key com.facebook.common.jobscheduler.compat.jobIds
2026-06-04 20:46:41.468 ٢٣٨٨٠-٢٣٩٤٠ fb4a.ServiceInfoParser  com.facebook.katana                  W  X.4zz: Service com.facebook.push.mqtt.service.MqttPushHelperService is missing meta key com.facebook.common.jobscheduler.compat.jobIds
2026-06-04 20:46:41.468 ٢٣٨٨٠-٢٣٩٤٠ fb4a.ServiceInfoParser  com.facebook.katana                  W  X.4zz: Service com.facebook.reportaproblem.base.bugreport.BugReportUploadService is missing meta key com.facebook.common.jobscheduler.compat.jobIds
2026-06-04 20:46:41.468 ٢٣٨٨٠-٢٣٩٤٠ fb4a.ServiceInfoParser  com.facebook.katana                  W  X.4zz: Service com.facebook.appcomponentmanager.AppComponentManagerService is missing meta key com.facebook.common.jobscheduler.compat.jobIds
2026-06-04 20:46:41.468 ٢٣٨٨٠-٢٣٩٤٠ fb4a.ServiceInfoParser  com.facebook.katana                  W  X.4zz: Service com.facebook.fbservice.service.BlueServiceJobIntentService is missing meta key com.facebook.common.jobscheduler.compat.jobIds
2026-06-04 20:46:41.468 ٢٣٨٨٠-٢٣٩٤٠ fb4a.ServiceInfoParser  com.facebook.katana                  W  X.4zz: Service com.facebook.delayedworker.DelayedWorkerService is missing meta key com.facebook.common.jobscheduler.compat.jobIds
2026-06-04 20:46:41.468 ٢٣٨٨٠-٢٣٩٤٠ fb4a.ServiceInfoParser  com.facebook.katana                  W  X.4zz: Service com.facebook.analytics2.logger.service.LollipopUploadSafeService is missing meta key com.facebook.common.jobscheduler.compat.jobIds
2026-06-04 20:46:41.468 ٢٣٨٨٠-٢٣٩٤٠ fb4a.ServiceInfoParser  com.facebook.katana                  W  X.4zz: Service com.facebook.analytics2.logger.legacy.uploader.LollipopUploadService is missing meta key com.facebook.common.jobscheduler.compat.jobIds
2026-06-04 20:46:41.468 ٢٣٨٨٠-٢٣٩٤٠ fb4a.ServiceInfoParser  com.facebook.katana                  W  X.4zz: Service com.facebook.analytics2.logger.legacy.uploader.Analytics2UploadService is missing meta key com.facebook.common.jobscheduler.compat.jobIds
2026-06-04 20:46:41.476  ١٥٦٨-١٦٥٣  BroadcastQueue          system_server                        W  Permission Denial: broadcasting Intent { act=android.net.conn.CONNECTIVITY_CHANGE flg=0x4000010 (has extras) } from null (pid=-1, uid=-1) requires com.facebook.permission.prod.FB_APP_COMMUNICATION due to registered receiver BroadcastFilter{164f332 u0 ReceiverList{fac7f3d 23880 com.facebook.katana/10119/u0 remote:d67d894}}
2026-06-04 20:46:41.627 ٢٣٨٨٠-٢٣٩٤٠ fb4a.AppState           com.facebook.katana                  E  Returning default for firstRunInfo
2026-06-04 20:46:41.631 ٢٣٨٨٠-٢٣٩٤٧ fb4a.AppState           com.facebook.katana                  E  Returning default for firstRunInfo
2026-06-04 20:46:41.640 ٢٣٨٨٠-٢٤٠١٩ zygote                  com.facebook.katana                  I  Deoptimizing java.util.Iterator X.001.A16(java.util.Map) due to JIT inline cache
2026-06-04 20:46:41.660 ٢٣٨٨٠-٢٣٩٤٠ fb4a.AppState           com.facebook.katana                  E  Returning default for firstRunInfo
2026-06-04 20:46:41.677 ٢٣٨٨٠-٢٣٩٤٧ fb4a.ReqContexts        com.facebook.katana                  W  fail() skipped
2026-06-04 20:46:41.733 ٢٥٨١٦-٢٥٨١٦ BoundBrokerSvc          com.google.android.gms               D  onUnbind: Intent { act=com.google.android.mobstore.service.START pkg=com.google.android.gms }
2026-06-04 20:46:41.733 ٢٣٨٨٠-٢٣٩٤٧ zygote                  com.facebook.katana                  I  Deoptimizing boolean X.0Uq.containsKey(java.lang.Object) due to JIT inline cache
2026-06-04 20:46:41.733 ٢٣٨٨٠-٢٣٩٤٧ zygote                  com.facebook.katana                  I  Deoptimizing java.lang.Object X.0Uq.get(java.lang.Object) due to JIT inline cache
2026-06-04 20:46:41.734 ٢٣٨٨٠-٢٣٩٤٧ zygote                  com.facebook.katana                  I  Deoptimizing int X.0Uq.A04(java.lang.Object) due to JIT inline cache
2026-06-04 20:46:41.788 ٢٣٨٨٠-٢٣٩٢٥ ActivityThread          com.facebook.katana                  E  Failed to find provider info for com.android.launcher3.cornermark.unreadbadge
2026-06-04 20:46:42.072 ٢٣٨٨٠-٢٣٩٢٨ fb4a.InitStatus         com.facebook.katana                  W  Not blocking Provider (247304413)
2026-06-04 20:46:42.074 ٢٣٨٨٠-٢٣٩٢٨ fb4a.InitStatus         com.facebook.katana                  W  Not blocking Provider (247304413)
2026-06-04 20:46:42.181  ٢١٦٤-٢١٩٦  QcrilOemhookMsgTunnel   com.qualcomm.qcrilmsgtunnel          I  [1]processOemHookIndication length=21
2026-06-04 20:46:42.181  ٢١٦٤-٢١٦٤  QcrilMsgTu...aceManager com.qualcomm.qcrilmsgtunnel          D  handleMessage what = 0
2026-06-04 20:46:42.183  ٢٠٥٧-٢٠٥٧  QC_RIL_OEM_HOOK         com.android.phone                    D  Received Broadcast Intent ACTION_UNSOL_RESPONSE_OEM_HOOK_RAW
2026-06-04 20:46:42.183  ٢٠٥٧-٢٠٥٧  QC_RIL_OEM_HOOK         com.android.phone                    D  Oem ID in QCRILHOOK UNSOL RESP is QOEMHOOK
2026-06-04 20:46:42.184  ٢٠٥٧-٢٠٥٧  QC_RIL_OEM_HOOK         com.android.phone                    D  Received Broadcast Intent ACTION_UNSOL_RESPONSE_OEM_HOOK_RAW
2026-06-04 20:46:42.184  ٢٠٥٧-٢٠٥٧  QC_RIL_OEM_HOOK         com.android.phone                    D  Oem ID in QCRILHOOK UNSOL RESP is QOEMHOOK
2026-06-04 20:46:42.185  ٢٠٣١-٢٠٣١  QC_RIL_OEM_HOOK         com.qualcomm.qti.telephonyservice    D  Received Broadcast Intent ACTION_UNSOL_RESPONSE_OEM_HOOK_RAW
2026-06-04 20:46:42.185  ٢٠٣١-٢٠٣١  QC_RIL_OEM_HOOK         com.qualcomm.qti.telephonyservice    D  Oem ID in QCRILHOOK UNSOL RESP is QOEMHOOK
2026-06-04 20:46:42.202  ٢٠٥٧-٢٠٥٧  Auto-Reg CBListener     com.android.phone                    D  Cell Location Changed: [103,141173,30]for subscription: 1, ServiceState: 0
2026-06-04 20:46:42.202  ٢٠٥٧-٢٠٥٧  Auto-Reg CBListener     com.android.phone                    D  GsmCellLocation cid: 141173
2026-06-04 20:46:42.242  ٢٠٥٧-٢٠٥٧  Auto-Reg CBListener     com.android.phone                    D  DefaultDataSubId: 2, MCC: 425, MNC: 6, mIsSentCellInfo: true, hasCTSim: false
2026-06-04 20:46:42.306 ٢٣٨٨٠-٢٣٩٣٠ fb4a.Bloks...orFetchQpl com.facebook.katana                  W  markerPoint is called unexpectedly with render location: BPS_COMPOSER
2026-06-04 20:46:42.316 ٢٣٨٨٠-٢٣٩٣٩ fb4a.Bloks...orFetchQpl com.facebook.katana                  W  markerPoint is called unexpectedly with render location: BPS_COMPOSER
2026-06-04 20:46:42.319 ٢٣٨٨٠-٢٣٩٢٨ fb4a.Bloks...orFetchQpl com.facebook.katana                  W  markerPoint is called unexpectedly with render location: BPS_COMPOSER
2026-06-04 20:46:42.319 ٢٣٨٨٠-٢٣٩٢٨ fb4a.Bloks...orFetchQpl com.facebook.katana                  W  success is called unexpectedly with render location: BPS_COMPOSER
2026-06-04 20:46:42.326 ٢٣٨٨٠-٢٣٩٣٩ fb4a.Bloks...orFetchQpl com.facebook.katana                  W  markerPoint is called unexpectedly with render location: BPS_VIDEO_PRODUCTION_UNIFICATION
2026-06-04 20:46:42.329 ٢٣٨٨٠-٢٣٩٢٨ fb4a.Bloks...orFetchQpl com.facebook.katana                  W  markerPoint is called unexpectedly with render location: BPS_COMPOSER
2026-06-04 20:46:42.329 ٢٣٨٨٠-٢٣٩٢٨ fb4a.Bloks...orFetchQpl com.facebook.katana                  W  success is called unexpectedly with render location: BPS_COMPOSER
2026-06-04 20:46:42.342 ٢٣٨٨٠-٢٣٩٢٨ fb4a.Bloks...orFetchQpl com.facebook.katana                  W  markerPoint is called unexpectedly with render location: BPS_VIDEO_PRODUCTION_UNIFICATION
2026-06-04 20:46:42.343 ٢٣٨٨٠-٢٣٩٢٨ fb4a.Bloks...orFetchQpl com.facebook.katana                  W  success is called unexpectedly with render location: BPS_VIDEO_PRODUCTION_UNIFICATION
2026-06-04 20:46:42.399 ٢٣٨٨٠-٢٣٩٣٧ SecurityDi...aryLoaders com.facebook.katana                  W  Invalid blocklist fetched from MC: . Default one will be used.
2026-06-04 20:46:42.411 ٢٣٨٨٠-٢٤٠٣٤ soloader.A...foProvider com.facebook.katana                  W  initialized: getApplicationInfo: yes; myUserId: yes
2026-06-04 20:46:42.419 ٢٣٨٨٠-٢٤٠٣٥ fb4a.SyncInitializer    com.facebook.katana                  W  Start regular sync initialization
2026-06-04 20:46:42.594  ١٥٦٨-٨٩٥١  ActivityManager         system_server                        I  Killing 23880:com.facebook.katana/u0a119 (adj 900): 120213k from cached
2026-06-04 20:46:42.598  ١٥٦٨-٨٩٥١  ActivityManager         system_server                        W  Application dead when creating service ServiceRecord{84ebf24 u0 com.facebook.katana/com.facebook.video.heroplayer.service.HeroKeepAliveService}
2026-06-04 20:46:42.604  ١٥٦٨-٨٩٥١  ActivityManager         system_server                        E  Attempting to schedule restart of ServiceRecord{84ebf24 u0 com.facebook.katana/com.facebook.video.heroplayer.service.HeroKeepAliveService} when found in map: null
2026-06-04 20:46:42.604  ١٥٦٨-٨٩٥١  ActivityManager         system_server                        W  Exception when starting service com.facebook.katana/com.facebook.video.heroplayer.service.HeroKeepAliveService (Fix with AI)
                                                                                                    android.os.DeadObjectException
                                                                                                    	at android.os.BinderProxy.transactNative(Native Method)
                                                                                                    	at android.os.BinderProxy.transact(Binder.java:748)
                                                                                                    	at android.app.IApplicationThread$Stub$Proxy.scheduleCreateService(IApplicationThread.java:1329)
                                                                                                    	at com.android.server.am.ActiveServices.realStartServiceLocked(ActiveServices.java:2321)
                                                                                                    	at com.android.server.am.ActiveServices.bringUpServiceLocked(ActiveServices.java:2206)
                                                                                                    	at com.android.server.am.ActiveServices.bindServiceLocked(ActiveServices.java:1458)
                                                                                                    	at com.android.server.am.ActivityManagerService.bindService(ActivityManagerService.java:18772)
                                                                                                    	at android.app.IActivityManager$Stub.onTransact(IActivityManager.java:584)
                                                                                                    	at com.android.server.am.ActivityManagerService.onTransact(ActivityManagerService.java:3150)
                                                                                                    	at android.os.Binder.execTransact(Binder.java:674)
2026-06-04 20:46:42.606 ٢٧٦٠١-٢٣٦٦٨ AppImportanceImpl       com.google.android.gms.persistent    I  (REDACTED) handleUidImportanceChange is invoked for uid=%d, importance=%d
2026-06-04 20:46:42.636  ١٥٦٨-١٦٥٣  BroadcastQueue          system_server                        W  Background execution not allowed: receiving Intent { act=android.intent.action.DROPBOX_ENTRY_ADDED flg=0x10 (has extras) } to com.google.android.gms/.stats.service.DropBoxEntryAddedReceiver
2026-06-04 20:46:42.656  ١٥٦٨-٧٠٠٩  ConnectivityService     system_server                        D  ConnectivityService NetworkRequestInfo binderDied(NetworkRequest [ TRACK_DEFAULT id=17705, [ Capabilities: INTERNET&NOT_RESTRICTED&TRUSTED&NOT_VPN] ], android.os.BinderProxy@74aa990)
2026-06-04 20:46:42.657  ١٥٦٨-١٩١٤  ConnectivityService     system_server                        D  ConnectivityService NetworkRequestInfo binderDied(NetworkRequest [ TRACK_DEFAULT id=17706, [ Capabilities: INTERNET&NOT_RESTRICTED&TRUSTED&NOT_VPN] ], android.os.BinderProxy@fd44289)
2026-06-04 20:46:42.657  ١٥٦٨-١٨٤٣  ConnectivityService     system_server                        D  releasing NetworkRequest [ TRACK_DEFAULT id=17707, [ Capabilities: INTERNET&NOT_RESTRICTED&TRUSTED&NOT_VPN] ] (CALLBACK_RELEASED)
2026-06-04 20:46:42.658  ١٥٦٨-١٨٤٣  ConnectivityService     system_server                        E  RemoteException caught trying to send a callback msg for NetworkRequest [ TRACK_DEFAULT id=17707, [ Capabilities: INTERNET&NOT_RESTRICTED&TRUSTED&NOT_VPN] ]
2026-06-04 20:46:42.658  ١٥٦٨-١٨٤٣  ConnectivityService     system_server                        D  releasing NetworkRequest [ TRACK_DEFAULT id=17706, [ Capabilities: INTERNET&NOT_RESTRICTED&TRUSTED&NOT_VPN] ] (CALLBACK_RELEASED)
2026-06-04 20:46:42.658  ٢٠٥٧-٢٠٥٧  QtiRilInterface         com.android.phone                    E  instance = com.qualcomm.qti.internal.telephony.QtiRilInterface@2b8626a
2026-06-04 20:46:42.659  ١٥٦٨-١٨٤٣  ConnectivityService     system_server                        E  RemoteException caught trying to send a callback msg for NetworkRequest [ TRACK_DEFAULT id=17706, [ Capabilities: INTERNET&NOT_RESTRICTED&TRUSTED&NOT_VPN] ]
2026-06-04 20:46:42.659  ١٥٦٨-١٨٤٣  ConnectivityService     system_server                        D  releasing NetworkRequest [ TRACK_DEFAULT id=17705, [ Capabilities: INTERNET&NOT_RESTRICTED&TRUSTED&NOT_VPN] ] (CALLBACK_RELEASED)
2026-06-04 20:46:42.659  ١٥٦٨-١٨٤٣  ConnectivityService     system_server                        E  RemoteException caught trying to send a callback msg for NetworkRequest [ TRACK_DEFAULT id=17705, [ Capabilities: INTERNET&NOT_RESTRICTED&TRUSTED&NOT_VPN] ]
2026-06-04 20:46:42.662  ٢٠٥٧-٢٠٥٧  QC_RIL_OEM_HOOK         com.android.phone                    D  dds phoneId: 0
2026-06-04 20:46:42.662  ٢١٦٤-٢١٦٤  QcrilMsgTu...aceManager com.qualcomm.qcrilmsgtunnel          D  handleMessage what = 1
2026-06-04 20:46:42.663  ٢١٦٤-٢١٦٤  QcrilOemhookMsgTunnel   com.qualcomm.qcrilmsgtunnel          I  [0]invokeOemRilRequestRaw: serial=55446 length=20
2026-06-04 20:46:42.663  ٢١٦٤-٢١٩٦  QcrilOemhookMsgTunnel   com.qualcomm.qcrilmsgtunnel          I  [0]processOemHookResponse serial no: 55446 error: 0length=0
2026-06-04 20:46:42.664  ٢١٦٤-٢١٦٤  QcrilMsgTu...aceManager com.qualcomm.qcrilmsgtunnel          D  handleMessage what = 2
2026-06-04 20:46:42.664  ٢٠٥٧-٢٠٥٧  QC_RIL_OEM_HOOK         com.android.phone                    D  sendOemRilRequestRaw returns value = 0
2026-06-04 20:46:42.664  ٢٠٥٧-٢٠٥٧  QC_RIL_OEM_HOOK         com.android.phone                    D  dds phoneId: 0
2026-06-04 20:46:42.665  ٢١٦٤-٢١٦٤  QcrilMsgTu...aceManager com.qualcomm.qcrilmsgtunnel          D  handleMessage what = 1
2026-06-04 20:46:42.665  ٢١٦٤-٢١٩٦  QcrilOemhookMsgTunnel   com.qualcomm.qcrilmsgtunnel          I  [0]processOemHookIndication length=28
2026-06-04 20:46:42.665  ٢١٦٤-٢١٦٤  QcrilOemhookMsgTunnel   com.qualcomm.qcrilmsgtunnel          I  [1]invokeOemRilRequestRaw: serial=55447 length=20
2026-06-04 20:46:42.666  ٢١٦٤-٢١٦٤  QcrilMsgTu...aceManager com.qualcomm.qcrilmsgtunnel          D  handleMessage what = 0
2026-06-04 20:46:42.666  ٢١٦٤-٢١٩٦  QcrilOemhookMsgTunnel   com.qualcomm.qcrilmsgtunnel          I  [1]processOemHookResponse serial no: 55447 error: 0length=0
2026-06-04 20:46:42.667  ٢١٦٤-٢١٦٤  QcrilMsgTu...aceManager com.qualcomm.qcrilmsgtunnel          D  handleMessage what = 2
2026-06-04 20:46:42.667  ٢٠٥٧-٢٠٥٧  QC_RIL_OEM_HOOK         com.android.phone                    D  sendOemRilRequestRaw returns value = 0
2026-06-04 20:46:42.667  ٢٠٣١-٢٠٣١  QC_RIL_OEM_HOOK         com.qualcomm.qti.telephonyservice    D  Received Broadcast Intent ACTION_UNSOL_RESPONSE_OEM_HOOK_RAW
2026-06-04 20:46:42.667  ٢٠٣١-٢٠٣١  QC_RIL_OEM_HOOK         com.qualcomm.qti.telephonyservice    D  Oem ID in QCRILHOOK UNSOL RESP is QOEMHOOK
2026-06-04 20:46:42.668  ٢٠٥٧-٢٠٥٧  QC_RIL_OEM_HOOK         com.android.phone                    D  Received Broadcast Intent ACTION_UNSOL_RESPONSE_OEM_HOOK_RAW
2026-06-04 20:46:42.668  ٢٠٥٧-٢٠٥٧  QC_RIL_OEM_HOOK         com.android.phone                    D  Oem ID in QCRILHOOK UNSOL RESP is QOEMHOOK
2026-06-04 20:46:42.668  ٢٠٥٧-٢٠٥٧  QC_RIL_OEM_HOOK         com.android.phone                    D  Received Broadcast Intent ACTION_UNSOL_RESPONSE_OEM_HOOK_RAW
2026-06-04 20:46:42.668  ٢٠٥٧-٢٠٥٧  QC_RIL_OEM_HOOK         com.android.phone                    D  Oem ID in QCRILHOOK UNSOL RESP is QOEMHOOK
2026-06-04 20:46:42.668  ٢١٦٤-٢١٩٦  QcrilOemhookMsgTunnel   com.qualcomm.qcrilmsgtunnel          I  [1]processOemHookIndication length=28
2026-06-04 20:46:42.668  ٢١٦٤-٢١٦٤  QcrilMsgTu...aceManager com.qualcomm.qcrilmsgtunnel          D  handleMessage what = 0
2026-06-04 20:46:42.668  ٢٠٥٧-٢٠٥٧  QtiRilInterface         com.android.phone                    E  instance = com.qualcomm.qti.internal.telephony.QtiRilInterface@2b8626a
2026-06-04 20:46:42.670  ٢٠٣١-٢٠٣١  QC_RIL_OEM_HOOK         com.qualcomm.qti.telephonyservice    D  Received Broadcast Intent ACTION_UNSOL_RESPONSE_OEM_HOOK_RAW
2026-06-04 20:46:42.670  ٢٠٣١-٢٠٣١  QC_RIL_OEM_HOOK         com.qualcomm.qti.telephonyservice    D  Oem ID in QCRILHOOK UNSOL RESP is QOEMHOOK
2026-06-04 20:46:42.671  ٢٠٥٧-٢٠٥٧  QC_RIL_OEM_HOOK         com.android.phone                    D  dds phoneId: 0
2026-06-04 20:46:42.671  ٢١٦٤-٢١٦٤  QcrilMsgTu...aceManager com.qualcomm.qcrilmsgtunnel          D  handleMessage what = 1
2026-06-04 20:46:42.672  ٢١٦٤-٢١٦٤  QcrilOemhookMsgTunnel   com.qualcomm.qcrilmsgtunnel          I  [0]invokeOemRilRequestRaw: serial=55448 length=20
2026-06-04 20:46:42.672  ٢١٦٤-٢١٩٦  QcrilOemhookMsgTunnel   com.qualcomm.qcrilmsgtunnel          I  [0]processOemHookResponse serial no: 55448 error: 0length=0
2026-06-04 20:46:42.673  ٢١٦٤-٢١٦٤  QcrilMsgTu...aceManager com.qualcomm.qcrilmsgtunnel          D  handleMessage what = 2
2026-06-04 20:46:42.673  ٢٠٥٧-٢٠٥٧  QC_RIL_OEM_HOOK         com.android.phone                    D  sendOemRilRequestRaw returns value = 0
2026-06-04 20:46:42.673  ٢٠٥٧-٢٠٥٧  QC_RIL_OEM_HOOK         com.android.phone                    D  dds phoneId: 0
2026-06-04 20:46:42.674  ٢١٦٤-٢١٦٤  QcrilMsgTu...aceManager com.qualcomm.qcrilmsgtunnel          D  handleMessage what = 1
2026-06-04 20:46:42.674  ١٥٦٨-١٦٥٣  BroadcastQueue          system_server                        W  Background execution not allowed: receiving Intent { act=android.intent.action.DROPBOX_ENTRY_ADDED flg=0x10 (has extras) } to com.google.android.gms/.stats.service.DropBoxEntryAddedReceiver
2026-06-04 20:46:42.674  ٢١٦٤-٢١٦٤  QcrilOemhookMsgTunnel   com.qualcomm.qcrilmsgtunnel          I  [1]invokeOemRilRequestRaw: serial=55449 length=20
2026-06-04 20:46:42.675  ٢١٦٤-٢١٩٦  QcrilOemhookMsgTunnel   com.qualcomm.qcrilmsgtunnel          I  [0]processOemHookIndication length=28
2026-06-04 20:46:42.675  ٢١٦٤-٢١٦٤  QcrilMsgTu...aceManager com.qualcomm.qcrilmsgtunnel          D  handleMessage what = 0
2026-06-04 20:46:42.676  ٢١٦٤-٢١٩٦  QcrilOemhookMsgTunnel   com.qualcomm.qcrilmsgtunnel          I  [1]processOemHookResponse serial no: 55449 error: 0length=0
2026-06-04 20:46:42.676  ٢١٦٤-٢١٦٤  QcrilMsgTu...aceManager com.qualcomm.qcrilmsgtunnel          D  handleMessage what = 2
2026-06-04 20:46:42.677  ٢٠٥٧-٢٠٥٧  QC_RIL_OEM_HOOK         com.android.phone                    D  sendOemRilRequestRaw returns value = 0
2026-06-04 20:46:42.677  ٢٠٣١-٢٠٣١  QC_RIL_OEM_HOOK         com.qualcomm.qti.telephonyservice    D  Received Broadcast Intent ACTION_UNSOL_RESPONSE_OEM_HOOK_RAW
2026-06-04 20:46:42.678  ٢٠٣١-٢٠٣١  QC_RIL_OEM_HOOK         com.qualcomm.qti.telephonyservice    D  Oem ID in QCRILHOOK UNSOL RESP is QOEMHOOK
2026-06-04 20:46:42.677  ٢٠٥٧-٢٠٥٧  QtiRilInterface         com.android.phone                    E  instance = com.qualcomm.qti.internal.telephony.QtiRilInterface@2b8626a
2026-06-04 20:46:42.678  ٢١٦٤-٢١٩٦  QcrilOemhookMsgTunnel   com.qualcomm.qcrilmsgtunnel          I  [1]processOemHookIndication length=28
2026-06-04 20:46:42.678  ٢١٦٤-٢١٦٤  QcrilMsgTu...aceManager com.qualcomm.qcrilmsgtunnel          D  handleMessage what = 0
2026-06-04 20:46:42.680  ٢٠٣١-٢٠٣١  QC_RIL_OEM_HOOK         com.qualcomm.qti.telephonyservice    D  Received Broadcast Intent ACTION_UNSOL_RESPONSE_OEM_HOOK_RAW
2026-06-04 20:46:42.680  ٢٠٣١-٢٠٣١  QC_RIL_OEM_HOOK         com.qualcomm.qti.telephonyservice    D  Oem ID in QCRILHOOK UNSOL RESP is QOEMHOOK
2026-06-04 20:46:42.681  ٢٠٥٧-٢٠٥٧  QC_RIL_OEM_HOOK         com.android.phone                    D  dds phoneId: 0
2026-06-04 20:46:42.682  ٢١٦٤-٢١٦٤  QcrilMsgTu...aceManager com.qualcomm.qcrilmsgtunnel          D  handleMessage what = 1
2026-06-04 20:46:42.682  ٢١٦٤-٢١٦٤  QcrilOemhookMsgTunnel   com.qualcomm.qcrilmsgtunnel          I  [0]invokeOemRilRequestRaw: serial=55450 length=20
2026-06-04 20:46:42.683  ٢١٦٤-٢١٩٦  QcrilOemhookMsgTunnel   com.qualcomm.qcrilmsgtunnel          I  [0]processOemHookResponse serial no: 55450 error: 0length=0
2026-06-04 20:46:42.683  ٢١٦٤-٢١٦٤  QcrilMsgTu...aceManager com.qualcomm.qcrilmsgtunnel          D  handleMessage what = 2
2026-06-04 20:46:42.684  ٢٠٥٧-٢٠٥٧  QC_RIL_OEM_HOOK         com.android.phone                    D  sendOemRilRequestRaw returns value = 0
2026-06-04 20:46:42.684  ٢٠٥٧-٢٠٥٧  QC_RIL_OEM_HOOK         com.android.phone                    D  dds phoneId: 0
2026-06-04 20:46:42.684  ٢١٦٤-٢١٦٤  QcrilMsgTu...aceManager com.qualcomm.qcrilmsgtunnel          D  handleMessage what = 1
2026-06-04 20:46:42.685  ٢١٦٤-٢١٦٤  QcrilOemhookMsgTunnel   com.qualcomm.qcrilmsgtunnel          I  [1]invokeOemRilRequestRaw: serial=55451 length=20
2026-06-04 20:46:42.685  ٢١٦٤-٢١٩٦  QcrilOemhookMsgTunnel   com.qualcomm.qcrilmsgtunnel          I  [0]processOemHookIndication length=28
2026-06-04 20:46:42.685  ٢١٦٤-٢١٦٤  QcrilMsgTu...aceManager com.qualcomm.qcrilmsgtunnel          D  handleMessage what = 0
2026-06-04 20:46:42.686  ٢١٦٤-٢١٩٦  QcrilOemhookMsgTunnel   com.qualcomm.qcrilmsgtunnel          I  [1]processOemHookResponse serial no: 55451 error: 0length=0
2026-06-04 20:46:42.687  ٢١٦٤-٢١٦٤  QcrilMsgTu...aceManager com.qualcomm.qcrilmsgtunnel          D  handleMessage what = 2
2026-06-04 20:46:42.687  ٢٠٣١-٢٠٣١  QC_RIL_OEM_HOOK         com.qualcomm.qti.telephonyservice    D  Received Broadcast Intent ACTION_UNSOL_RESPONSE_OEM_HOOK_RAW
2026-06-04 20:46:42.687  ٢٠٣١-٢٠٣١  QC_RIL_OEM_HOOK         com.qualcomm.qti.telephonyservice    D  Oem ID in QCRILHOOK UNSOL RESP is QOEMHOOK
2026-06-04 20:46:42.687  ٢٠٥٧-٢٠٥٧  QC_RIL_OEM_HOOK         com.android.phone                    D  sendOemRilRequestRaw returns value = 0
2026-06-04 20:46:42.687  ٢١٦٤-٢١٩٦  QcrilOemhookMsgTunnel   com.qualcomm.qcrilmsgtunnel          I  [1]processOemHookIndication length=28
2026-06-04 20:46:42.687  ٢١٦٤-٢١٦٤  QcrilMsgTu...aceManager com.qualcomm.qcrilmsgtunnel          D  handleMessage what = 0
2026-06-04 20:46:42.687  ٢٠٥٧-٢٠٥٧  QC_RIL_OEM_HOOK         com.android.phone                    D  Received Broadcast Intent ACTION_UNSOL_RESPONSE_OEM_HOOK_RAW
2026-06-04 20:46:42.687  ٢٠٥٧-٢٠٥٧  QC_RIL_OEM_HOOK         com.android.phone                    D  Oem ID in QCRILHOOK UNSOL RESP is QOEMHOOK
2026-06-04 20:46:42.688  ٢٠٥٧-٢٠٥٧  QC_RIL_OEM_HOOK         com.android.phone                    D  Received Broadcast Intent ACTION_UNSOL_RESPONSE_OEM_HOOK_RAW
2026-06-04 20:46:42.688  ٢٠٥٧-٢٠٥٧  QC_RIL_OEM_HOOK         com.android.phone                    D  Oem ID in QCRILHOOK UNSOL RESP is QOEMHOOK
2026-06-04 20:46:42.688  ٢٠٥٧-٢٠٥٧  QC_RIL_OEM_HOOK         com.android.phone                    D  Received Broadcast Intent ACTION_UNSOL_RESPONSE_OEM_HOOK_RAW
2026-06-04 20:46:42.688  ٢٠٥٧-٢٠٥٧  QC_RIL_OEM_HOOK         com.android.phone                    D  Oem ID in QCRILHOOK UNSOL RESP is QOEMHOOK
2026-06-04 20:46:42.688  ٢٠٥٧-٢٠٥٧  QC_RIL_OEM_HOOK         com.android.phone                    D  Received Broadcast Intent ACTION_UNSOL_RESPONSE_OEM_HOOK_RAW
2026-06-04 20:46:42.688  ٢٠٥٧-٢٠٥٧  QC_RIL_OEM_HOOK         com.android.phone                    D  Oem ID in QCRILHOOK UNSOL RESP is QOEMHOOK
2026-06-04 20:46:42.688  ٢٠٥٧-٢٠٥٧  QC_RIL_OEM_HOOK         com.android.phone                    D  Received Broadcast Intent ACTION_UNSOL_RESPONSE_OEM_HOOK_RAW
2026-06-04 20:46:42.688  ٢٠٥٧-٢٠٥٧  QC_RIL_OEM_HOOK         com.android.phone                    D  Oem ID in QCRILHOOK UNSOL RESP is QOEMHOOK
2026-06-04 20:46:42.688  ٢٠٥٧-٢٠٥٧  QC_RIL_OEM_HOOK         com.android.phone                    D  Received Broadcast Intent ACTION_UNSOL_RESPONSE_OEM_HOOK_RAW
2026-06-04 20:46:42.688  ٢٠٥٧-٢٠٥٧  QC_RIL_OEM_HOOK         com.android.phone                    D  Oem ID in QCRILHOOK UNSOL RESP is QOEMHOOK
2026-06-04 20:46:42.688  ٢٠٥٧-٢٠٥٧  QC_RIL_OEM_HOOK         com.android.phone                    D  Received Broadcast Intent ACTION_UNSOL_RESPONSE_OEM_HOOK_RAW
2026-06-04 20:46:42.688  ٢٠٥٧-٢٠٥٧  QC_RIL_OEM_HOOK         com.android.phone                    D  Oem ID in QCRILHOOK UNSOL RESP is QOEMHOOK
2026-06-04 20:46:42.688  ٢٠٥٧-٢٠٥٧  QC_RIL_OEM_HOOK         com.android.phone                    D  Received Broadcast Intent ACTION_UNSOL_RESPONSE_OEM_HOOK_RAW
2026-06-04 20:46:42.688  ٢٠٥٧-٢٠٥٧  QC_RIL_OEM_HOOK         com.android.phone                    D  Oem ID in QCRILHOOK UNSOL RESP is QOEMHOOK
2026-06-04 20:46:42.688  ٢٠٣١-٢٠٣١  QC_RIL_OEM_HOOK         com.qualcomm.qti.telephonyservice    D  Received Broadcast Intent ACTION_UNSOL_RESPONSE_OEM_HOOK_RAW
2026-06-04 20:46:42.688  ٢٠٣١-٢٠٣١  QC_RIL_OEM_HOOK         com.qualcomm.qti.telephonyservice    D  Oem ID in QCRILHOOK UNSOL RESP is QOEMHOOK
2026-06-04 20:46:42.689  ٢٠٥٧-٢٠٥٧  QC_RIL_OEM_HOOK         com.android.phone                    D  Received Broadcast Intent ACTION_UNSOL_RESPONSE_OEM_HOOK_RAW
2026-06-04 20:46:42.689  ٢٠٥٧-٢٠٥٧  QC_RIL_OEM_HOOK         com.android.phone                    D  Oem ID in QCRILHOOK UNSOL RESP is QOEMHOOK
2026-06-04 20:46:42.689  ٢٠٥٧-٢٠٥٧  QC_RIL_OEM_HOOK         com.android.phone                    D  Received Broadcast Intent ACTION_UNSOL_RESPONSE_OEM_HOOK_RAW
2026-06-04 20:46:42.689  ٢٠٥٧-٢٠٥٧  QC_RIL_OEM_HOOK         com.android.phone                    D  Oem ID in QCRILHOOK UNSOL RESP is QOEMHOOK
2026-06-04 20:46:42.706  ١٨٨٧-١٨٨٧  BAR                     com.android.systemui                 E  hideflag=================1vis===true
2026-06-04 20:46:47.055 ٢٣٨٠٦-٢٣٨٤٥ WorkerManager           com....android.googlequicksearchbox  I  dispose()
2026-06-04 20:46:48.188 ٢٣٨٧٤-٢٣٨٧٤ Sensors                 sensors.qcom                         E  sns_main.c(447):Timeout waiting for SMGR service. Exit sensors daemon!
2026-06-04 20:46:48.188 ٢٣٨٧٤-٢٣٨٧٤ Sensors                 sensors.qcom                         W  sns_main.c(355):sns_main_exit called unlock daemon to exit
2026-06-04 20:46:48.189 ٢٣٨٧٤-٢٣٨٧٤ Sensors                 sensors.qcom                         E  sns_main.c(561):Exiting! Err 0
2026-06-04 20:46:48.235 ٢٤٠٤٢-٢٤٠٤٢ sensors.qcom            pid-24042                            W  type=1400 audit(0.0:657513): avc: denied { read write } for name="diag" dev="tmpfs" ino=6521 scontext=u:r:sensors:s0 tcontext=u:object_r:diag_device:s0 tclass=chr_file permissive=0
2026-06-04 20:46:48.250 ٢٤٠٤٢-٢٤٠٤٢ Diag_Lib                pid-24042                            E   Diag_LSM_Init: Failed to open handle to diag driver, error = 13
2026-06-04 20:46:48.250 ٢٤٠٤٢-٢٤٠٤٢ Sensors                 pid-24042                            W  sns_debug_main.c(442):Diag_LSM_Init failed: log packets and messages will not be available
2026-06-04 20:46:48.252 ٢٤٠٤٢-٢٤٠٤٤ Sensors                 pid-24042                            E  sns_fsa_la.c(84):realpath failed for directory name2
2026-06-04 20:46:48.252 ٢٤٠٤٢-٢٤٠٤٤ Sensors                 pid-24042                            E  sns_reg_la.c(289):Error creating registry file
2026-06-04 20:46:48.252 ٢٤٠٤٢-٢٤٠٤٤ Sensors                 pid-24042                            W  sns_reg_mr.c(367):File init failed 5
2026-06-04 20:46:54.645 ٢٤٠٤٧-٢٤٠٤٧ QCALOG                  pid-24047                            E  [mlid] Failed to load libminksocket
2026-06-04 20:46:58.255 ٢٤٠٤٢-٢٤٠٤٢ Sensors                 sensors.qcom                         E  sns_debug_mr.c(366):Sensors DIAG Init: Waiting for diag service timed out
2026-06-04 20:46:58.255 ٢٤٠٤٢-٢٤٠٤٢ Sensors                 sensors.qcom                         E  sns_debug_main.c(488):Sensors DIAG init: Can't register with debug
2026-06-04 20:46:58.255 ٢٤٠٤٢-٢٤٠٤٢ Sensors                 sensors.qcom                         E  sns_init_la.c(165):Error 5 initializing sns_debug_test_init2
2026-06-04 20:47:08.256 ٢٤٠٤٢-٢٤٠٤٢ Sensors                 sensors.qcom                         E  sns_main.c(447):Timeout waiting for SMGR service. Exit sensors daemon!
2026-06-04 20:47:08.256 ٢٤٠٤٢-٢٤٠٤٢ Sensors                 sensors.qcom                         W  sns_main.c(355):sns_main_exit called unlock daemon to exit
2026-06-04 20:47:08.256 ٢٤٠٤٢-٢٤٠٤٢ Sensors                 sensors.qcom                         E  sns_main.c(561):Exiting! Err 0
2026-06-04 20:47:08.325 ٢٤٠٤٨-٢٤٠٤٨ Diag_Lib                pid-24048                            E   Diag_LSM_Init: Failed to open handle to diag driver, error = 13
2026-06-04 20:47:08.325 ٢٤٠٤٨-٢٤٠٤٨ Sensors                 pid-24048                            W  sns_debug_main.c(442):Diag_LSM_Init failed: log packets and messages will not be available
2026-06-04 20:47:08.315 ٢٤٠٤٨-٢٤٠٤٨ sensors.qcom            pid-24048                            W  type=1400 audit(0.0:657514): avc: denied { read write } for name="diag" dev="tmpfs" ino=6521 scontext=u:r:sensors:s0 tcontext=u:object_r:diag_device:s0 tclass=chr_file permissive=0
2026-06-04 20:47:08.325 ٢٤٠٤٨-٢٤٠٤٨ Diag_Lib                pid-24048                            E   Diag_LSM_Init: Failed to open handle to diag driver, error = 13
2026-06-04 20:47:08.325 ٢٤٠٤٨-٢٤٠٤٨ Sensors                 pid-24048                            W  sns_debug_main.c(442):Diag_LSM_Init failed: log packets and messages will not be available
2026-06-04 20:47:08.327 ٢٤٠٤٨-٢٤٠٥٠ Sensors                 pid-24048                            E  sns_fsa_la.c(84):realpath failed for directory name2
2026-06-04 20:47:08.327 ٢٤٠٤٨-٢٤٠٥٠ Sensors                 pid-24048                            E  sns_reg_la.c(289):Error creating registry file
2026-06-04 20:47:08.327 ٢٤٠٤٨-٢٤٠٥٠ Sensors                 pid-24048                            W  sns_reg_mr.c(367):File init failed 5
2026-06-04 20:47:08.604  ١٥٦٨-١٨٢١  AlarmManager            system_server                        D  sending WAKEUP Alarm: act=WakingExecutorService.ACTION_ALARM.com.facebook.orca.Mqtt_Wakeup pkg=com.facebook.orca Pkg: com.facebook.orca
2026-06-04 20:47:08.611  ١٨٨٧-١٨٨٧  KeyguardUpdateMonitor   com.android.systemui                 D  received broadcast android.intent.action.TIME_TICK
2026-06-04 20:47:08.612  ١٨٨٧-١٨٨٧  KeyguardUpdateMonitor   com.android.systemui                 D  handleTimeUpdate
2026-06-04 20:47:08.625  ١٨٨٧-١٨٨٧  LenovoViewClock         com.android.systemui                 I  updateTime setActive=false
2026-06-04 20:47:08.626  ١٨٨٧-٢١٤٣  Clock                   com.android.systemui                 D  onReceive: action=android.intent.action.TIME_TICK, mShowSeconds=false
2026-06-04 20:47:08.627  ١٨٨٧-٢١٤٣  Clock                   com.android.systemui                 D  onReceive: action=android.intent.action.TIME_TICK, mShowSeconds=false
2026-06-04 20:47:08.628  ١٨٨٧-١٨٨٧  Clock                   com.android.systemui                 D  getSmallTime: is24=false, format=h:mm a, language=en, mClockFormatString=h:mm a, result=8:47 PM
