                                                                                                    	at exon.c(:com.google.android.gms@262230004@26.22.30 (040400-921289011):1)
                                                                                                    	at exnr.run(:com.google.android.gms@262230004@26.22.30 (040400-921289011):5)
                                                                                                    	at java.util.concurrent.Executors$RunnableAdapter.call(Executors.java:457)
                                                                                                    	at java.util.concurrent.FutureTask.run(FutureTask.java:266)
                                                                                                    	at java.util.concurrent.ScheduledThreadPoolExecutor$ScheduledFutureTask.run(ScheduledThreadPoolExecutor.java:301)
                                                                                                    	at java.util.concurrent.ThreadPoolExecutor.runWorker(ThreadPoolExecutor.java:1162)
                                                                                                    	at java.util.concurrent.ThreadPoolExecutor$Worker.run(ThreadPoolExecutor.java:636)
                                                                                                    	at java.lang.Thread.run(Thread.java:764)
                                                                                                    Caused by: exjo: 17: 17: API: Phenotype.API is not available on this device. Connection failed with: ConnectionResult{statusCode=DEVELOPER_ERROR, resolution=null, message=null, clientMethodKey=null}
                                                                                                    	at exjq.a(:com.google.android.gms@262230004@26.22.30 (040400-921289011):13)
                                                                                                    	at fsgk.d(:com.google.android.gms@262230004@26.22.30 (040400-921289011):3)
                                                                                                    	at fsgm.run(:com.google.android.gms@262230004@26.22.30 (040400-921289011):130)
                                                                                                    	at fsiv.execute(:com.google.android.gms@262230004@26.22.30 (040400-921289011):1)
                                                                                                    	at fsgu.g(:com.google.android.gms@262230004@26.22.30 (040400-921289011):1)
                                                                                                    	at fsgu.m(:com.google.android.gms@262230004@26.22.30 (040400-921289011):99)
                                                                                                    	at fsgu.r(:com.google.android.gms@262230004@26.22.30 (040400-921289011):14)
                                                                                                    	at ercj.hL(:com.google.android.gms@262230004@26.22.30 (040400-921289011):35)
                                                                                                    	at egnp.run(:com.google.android.gms@262230004@26.22.30 (040400-921289011):12)
                                                                                                    	at fsiv.execute(:com.google.android.gms@262230004@26.22.30 (040400-921289011):1)
                                                                                                    	at egnq.b(:com.google.android.gms@262230004@26.22.30 (040400-921289011):18)
                                                                                                    	at egof.b(:com.google.android.gms@262230004@26.22.30 (040400-921289011):34)
                                                                                                    	at egom.B(:com.google.android.gms@262230004@26.22.30 (040400-921289011):20)
                                                                                                    	at egnh.run(:com.google.android.gms@262230004@26.22.30 (040400-921289011):60)
                                                                                                    	at fsiv.execute(:com.google.android.gms@262230004@26.22.30 (040400-921289011):1)
                                                                                                    	at egni.b(:com.google.android.gms@262230004@26.22.30 (040400-921289011):8)
                                                                                                    	at egof.b(:com.google.android.gms@262230004@26.22.30 (040400-921289011):34)
                                                                                                    	at egoh.d(:com.google.android.gms@262230004@26.22.30 (040400-921289011):25)
                                                                                                    	at bejy.e(:com.google.android.gms@262230004@26.22.30 (040400-921289011):9)
                                                                                                    	at bemp.q(:com.google.android.gms@262230004@26.22.30 (040400-921289011):48)
                                                                                                    	at bemp.d(:com.google.android.gms@262230004@26.22.30 (040400-921289011):10)
                                                                                                    	at bemp.g(:com.google.android.gms@262230004@26.22.30 (040400-921289011):191)
                                                                                                    	at bemp.onConnectionFailed(:com.google.android.gms@262230004@26.22.30 (040400-921289011):2)
                                                                                                    	at bemr.run(:com.google.android.gms@262230004@26.22.30 (040400-921289011):70)
                                                                                                    	at android.os.Handler.handleCallback(Handler.java:789)
                                                                                                    	at android.os.Handler.dispatchMessage(Handler.java:98)
                                                                                                    	at ctrt.mo(:com.google.android.gms@262230004@26.22.30 (040400-921289011):1)
                                                                                                    	at ctrt.dispatchMessage(:com.google.android.gms@262230004@26.22.30 (040400-921289011):5)
                                                                                                    	at android.os.Looper.loop(Looper.java:164)
                                                                                                    	at android.os.HandlerThread.run(HandlerThread.java:65)
                                                                                                    Caused by: beid: 17: API: Phenotype.API is not available on this device. Connection failed with: ConnectionResult{statusCode=DEVELOPER_ERROR, resolution=null, message=null, clientMethodKey=null}
2026-06-04 20:47:29.926 ٢٤١٩٣-٢٤٣١٨ FlagStore               com.google.android.gm                W  	at bffo.a(:com.google.android.gms@262230004@26.22.30 (040400-921289011):15) (Fix with AI)
                                                                                                    	at bekb.a(:com.google.android.gms@262230004@26.22.30 (040400-921289011):1)
                                                                                                    	at bejy.e(:com.google.android.gms@262230004@26.22.30 (040400-921289011):5)
                                                                                                    	... 11 more
2026-06-04 20:47:29.951 ٢٤١٩٣-٢٤٣١٠ NetworkSecurityConfig   com.google.android.gm                D  Using Network Security Config from resource network_security_config debugBuild: false
2026-06-04 20:47:29.954 ٢٤١٩٣-٢٤٣١٠ ProviderInstaller       com.google.android.gm                I  Installed default security provider GmsCore_OpenSSL
2026-06-04 20:47:30.033 ٢٤١٩٣-٢٤٣١٣ linker                  com.google.android.gm                W  "/data/user_de/0/com.google.android.gms/app_chimera/m/00000183/n/arm64-v8a/libcronet.149.0.7827.22.so" unused DT entry: type 0x70000001 arg 0x0
2026-06-04 20:47:30.059 ٢٤١٩٣-٢٤٣٢٠ cn_HttpFlagsLoader      com.google.android.gm                I  HTTP flags log line (Impl): Using live production flag values from Google
2026-06-04 20:47:30.067 ٢٤١٩٣-٢٤٣١٣ cn_CronetLibraryLoader  com.google.android.gm                I  Cronet version: 149.0.7827.22, arch: aarch64
2026-06-04 20:47:31.235 ٢٧٦٠١-٢٧٦٠١ WearableService         com.google.android.gms.persistent    D  Creating wearable service asynchronously.
2026-06-04 20:47:31.241 ٢٤١٩٣-٢٤١٩٣ bexc                    com.google.android.gm                W  Failed to find local clusters.
2026-06-04 20:47:31.252 ٢٧٦٠١-٢١٧١٠ WearableService         com.google.android.gms.persistent    D  onGetService: waiting for onCreate to be completed.
2026-06-04 20:47:31.275 ٢٧٦٠١-٧٥٨٨  Wear_Controller         com.google.android.gms.persistent    I  Wearable module requires a companion app to be installed.
2026-06-04 20:47:31.275 ٢٧٦٠١-٧٥٨٨  WearableService         com.google.android.gms.persistent    I  Wearable Services not starting. Wear is not available on this device: MISSING_COMPANION_APP
2026-06-04 20:47:31.276 ٢٧٦٠١-٢١٧١٠ WearableService         com.google.android.gms.persistent    W  onGetService: Wear is not available on this device. Calling package: com.google.android.gm
2026-06-04 20:47:31.307 ٢٤١٩٣-٢٤٢٩٧ baet                    com.google.android.gm                W  Job(ItemListsService:stopItemList#0.26) Attempting to unregister unknown list: itemlist-ViewType(96)-2
2026-06-04 20:47:31.342 ٢٤١٩٣-٢٤١٩٣ pox                     com.google.android.gm                W  [Gmail] MailSyncAdapterService: MailSyncAdapterService is destroyed! [CONTEXT android_log_tag="MailSyncAdapterService" ]
2026-06-04 20:47:33.461 ٢٤١٩٣-٢٤٢١٤ zygote64                com.google.android.gm                I  Waiting for a blocking GC ProfileSaver
2026-06-04 20:47:33.495 ٢٤١٩٣-٢٤٢١٤ zygote64                com.google.android.gm                I  WaitForGcToComplete blocked for 34.229ms for cause ProfileSaver
2026-06-04 20:47:34.202 ٢٧٦٠١-٢٧٦٠١ BoundBrokerSvc          com.google.android.gms.persistent    D  onUnbind: Intent { act=com.google.android.gms.common.telemetry.service.START dat=chimera-action: cmp=com.google.android.gms/.chimera.PersistentApiService }
2026-06-04 20:47:34.575 ١٨٠٤٩-١٨٠٥٤ zygote64                com.whatsapp.w4b                     I  Compiler allocated 8MB to compile java.util.List X.0tQ.A01(java.util.Collection)
2026-06-04 20:47:35.670   ٥٢٠-٥٢٠   WifiHAL                 android.hardware.wifi@1.0-service    E  wifi_get_logger_supported_feature_set: Error -3 happened. 
2026-06-04 20:47:35.726  ١٥٦٨-٧٠٠٩  BatteryStatsService     system_server                        E  no controller energy info supplied
2026-06-04 20:47:38.368 ٢٤٢٠٩-٢٤٢٠٩ Sensors                 sensors.qcom                         E  sns_debug_mr.c(366):Sensors DIAG Init: Waiting for diag service timed out
2026-06-04 20:47:38.368 ٢٤٢٠٩-٢٤٢٠٩ Sensors                 sensors.qcom                         E  sns_debug_main.c(488):Sensors DIAG init: Can't register with debug
2026-06-04 20:47:38.368 ٢٤٢٠٩-٢٤٢٠٩ Sensors                 sensors.qcom                         E  sns_init_la.c(165):Error 5 initializing sns_debug_test_init2
2026-06-04 20:47:39.903  ١٥٦٨-٨٩٥٤  AppOps                  system_server                        W  Bad call: specified package com.google.android.gms under uid 10068 but it is really 10016 (Fix with AI)
                                                                                                    java.lang.RuntimeException: here
                                                                                                    	at com.android.server.AppOpsService.getOpsRawLocked(AppOpsService.java:1488)
                                                                                                    	at com.android.server.AppOpsService.checkPackage(AppOpsService.java:1105)
                                                                                                    	at com.android.internal.app.IAppOpsService$Stub.onTransact(IAppOpsService.java:169)
                                                                                                    	at android.os.Binder.execTransact(Binder.java:674)
2026-06-04 20:47:39.905 ٢٤١٩٣-٢٤٣١٧ GoogleApiManager        com.google.android.gm                E  Failed to get service from broker.  (Fix with AI)
                                                                                                    java.lang.SecurityException: Unknown calling package name 'com.google.android.gms'.
                                                                                                    	at android.os.Parcel.readException(Parcel.java:1943)
                                                                                                    	at android.os.Parcel.readException(Parcel.java:1889)
                                                                                                    	at bfig.a(:com.google.android.gms@262230004@26.22.30 (040400-921289011):36)
                                                                                                    	at bfgc.y(:com.google.android.gms@262230004@26.22.30 (040400-921289011):116)
                                                                                                    	at bemr.run(:com.google.android.gms@262230004@26.22.30 (040400-921289011):42)
                                                                                                    	at android.os.Handler.handleCallback(Handler.java:789)
                                                                                                    	at android.os.Handler.dispatchMessage(Handler.java:98)
                                                                                                    	at ctrt.mo(:com.google.android.gms@262230004@26.22.30 (040400-921289011):1)
                                                                                                    	at ctrt.dispatchMessage(:com.google.android.gms@262230004@26.22.30 (040400-921289011):5)
                                                                                                    	at android.os.Looper.loop(Looper.java:164)
                                                                                                    	at android.os.HandlerThread.run(HandlerThread.java:65)
2026-06-04 20:47:39.906 ٢٤١٩٣-٢٤٣١٧ GoogleApiManager        com.google.android.gm                W  Not showing notification since connectionResult is not user-facing: ConnectionResult{statusCode=DEVELOPER_ERROR, resolution=null, message=null, clientMethodKey=null}
2026-06-04 20:47:44.312 ٢٧٦٠١-٢٧٦٠١ BoundBrokerSvc          com.google.android.gms.persistent    D  onUnbind: Intent { act=com.google.android.gms.auth.aang.events.services.START dat=chimera-action: cmp=com.google.android.gms/.chimera.PersistentApiService }
2026-06-04 20:47:44.345 ٢٥٨١٦-٢٥٨١٦ BoundBrokerSvc          com.google.android.gms               D  onUnbind: Intent { act=com.google.android.mobstore.service.START pkg=com.google.android.gms }
2026-06-04 20:47:44.347 ٢٥٨١٦-٢٥٨١٦ BoundBrokerSvc          com.google.android.gms               D  onUnbind: Intent { act=com.google.android.gms.mdisync.service.START dat=chimera-action: cmp=com.google.android.gms/.chimera.GmsApiService }
2026-06-04 20:47:44.445 ٢٥٨١٦-٢٥٨١٦ BoundBrokerSvc          com.google.android.gms               D  onUnbind: Intent { act=com.google.android.gms.auth.service.START pkg=com.google.android.gms }
2026-06-04 20:47:48.369 ٢٤٢٠٩-٢٤٢٠٩ Sensors                 sensors.qcom                         E  sns_main.c(447):Timeout waiting for SMGR service. Exit sensors daemon!
2026-06-04 20:47:48.369 ٢٤٢٠٩-٢٤٢٠٩ Sensors                 sensors.qcom                         W  sns_main.c(355):sns_main_exit called unlock daemon to exit
2026-06-04 20:47:48.369 ٢٤٢٠٩-٢٤٢٠٩ Sensors                 sensors.qcom                         E  sns_main.c(561):Exiting! Err 0
2026-06-04 20:47:48.435 ٢٤٣٤٣-٢٤٣٤٣ sensors.qcom            pid-24343                            W  type=1400 audit(0.0:657552): avc: denied { read write } for name="diag" dev="tmpfs" ino=6521 scontext=u:r:sensors:s0 tcontext=u:object_r:diag_device:s0 tclass=chr_file permissive=0
2026-06-04 20:47:48.444 ٢٤٣٤٣-٢٤٣٤٣ Diag_Lib                pid-24343                            E   Diag_LSM_Init: Failed to open handle to diag driver, error = 13
2026-06-04 20:47:48.444 ٢٤٣٤٣-٢٤٣٤٣ Sensors                 pid-24343                            W  sns_debug_main.c(442):Diag_LSM_Init failed: log packets and messages will not be available
2026-06-04 20:47:48.447 ٢٤٣٤٣-٢٤٣٤٥ Sensors                 pid-24343                            E  sns_fsa_la.c(84):realpath failed for directory name2
2026-06-04 20:47:48.447 ٢٤٣٤٣-٢٤٣٤٥ Sensors                 pid-24343                            E  sns_reg_la.c(289):Error creating registry file
2026-06-04 20:47:48.447 ٢٤٣٤٣-٢٤٣٤٥ Sensors                 pid-24343                            W  sns_reg_mr.c(367):File init failed 5
2026-06-04 20:47:50.715   ٥١٤-٥١٤   memtrack@1.0-se         and...hardware.memtrack@1.0-service  W  type=1400 audit(0.0:657553): avc: denied { search } for name="proc" dev="debugfs" ino=14354 scontext=u:r:hal_memtrack_default:s0 tcontext=u:object_r:qti_debugfs:s0 tclass=dir permissive=0
2026-06-04 20:47:50.825   ٥١٤-٥١٤   chatty                  and...hardware.memtrack@1.0-service  I  uid=1000(system) memtrack@1.0-se identical 2 lines
2026-06-04 20:47:50.825   ٥١٤-٥١٤   memtrack@1.0-se         and...hardware.memtrack@1.0-service  W  type=1400 audit(0.0:657556): avc: denied { search } for name="proc" dev="debugfs" ino=14354 scontext=u:r:hal_memtrack_default:s0 tcontext=u:object_r:qti_debugfs:s0 tclass=dir permissive=0
2026-06-04 20:47:56.085  ١٨٨٧-١٨٨٧  KeyguardUpdateMonitor   com.android.systemui                 D  received broadcast android.intent.action.BATTERY_CHANGED
2026-06-04 20:47:56.088  ١٨٨٧-١٨٨٧  BatteryMeterView        com.android.systemui                 D  onBatteryLevelChanged: mLevel=90, mPluggedIn=true, mCharging=true, mShowPerc=true
2026-06-04 20:47:56.090  ١٨٨٧-١٨٨٧  BatteryMeterView        com.android.systemui                 D  onBatteryLevelChanged: mLevel=90, mPluggedIn=true, mCharging=true, mShowPerc=true
2026-06-04 20:47:56.091  ١٨٨٧-١٨٨٧  BatteryViews            com.android.systemui                 D  onBatteryLevelChanged: mLevel=90, mPluggedIn=true, mCharging=true, mShowPerc=true
2026-06-04 20:47:56.092  ١٨٨٧-١٨٨٧  BatteryMeterView        com.android.systemui                 D  onBatteryLevelChanged: mLevel=90, mPluggedIn=true, mCharging=true, mShowPerc=true
2026-06-04 20:47:56.094  ١٨٨٧-١٨٨٧  BatteryMeterView        com.android.systemui                 D  onBatteryLevelChanged: mLevel=90, mPluggedIn=true, mCharging=true, mShowPerc=true
2026-06-04 20:47:56.095  ١٨٨٧-١٨٨٧  jxt                     com.android.systemui                 I  onBatteryLevelChanged isModCharging=false,mModLevel=-1,mModPlugType=2,charging=true,pluggedIn=true
2026-06-04 20:47:56.097  ١٨٨٧-١٨٨٧  BatteryStatusView       com.android.systemui                 D  refreshViews: intent=#Intent;action=android.intent.action.BATTERY_CHANGED;launchFlags=0x60000010;S.technology=Li-ion;i.icon-small=17303324;i.max_charging_voltage=5000000;i.health=2;i.max_charging_current=500000;i.status=2;i.plugged=2;B.present=true;i.seq=108152;i.charge_counter=2400894;i.level=90;i.scale=100;i.temperature=305;i.voltage=4388;i.invalid_charger=0;end
2026-06-04 20:47:56.097  ١٨٨٧-١٨٨٧  BatteryStatusView       com.android.systemui                 D  refreshViews: mModLevel=-1, mModCharging=false, mLevel=90, mPluggedIn=true, mCharging=true
2026-06-04 20:47:56.097  ١٨٨٧-١٨٨٧  KeyguardUpdateMonitor   com.android.systemui                 D  handleBatteryUpdate
2026-06-04 20:47:57.655  ١٨٨٧-١٨٨٧  KeyguardUpdateMonitor   com.android.systemui                 D  received broadcast android.intent.action.BATTERY_CHANGED
2026-06-04 20:47:57.658  ١٨٨٧-١٨٨٧  BatteryMeterView        com.android.systemui                 D  onBatteryLevelChanged: mLevel=90, mPluggedIn=true, mCharging=true, mShowPerc=true
2026-06-04 20:47:57.660  ١٨٨٧-١٨٨٧  BatteryMeterView        com.android.systemui                 D  onBatteryLevelChanged: mLevel=90, mPluggedIn=true, mCharging=true, mShowPerc=true
2026-06-04 20:47:57.662  ١٨٨٧-١٨٨٧  BatteryViews            com.android.systemui                 D  onBatteryLevelChanged: mLevel=90, mPluggedIn=true, mCharging=true, mShowPerc=true
2026-06-04 20:47:57.663  ١٨٨٧-١٨٨٧  BatteryMeterView        com.android.systemui                 D  onBatteryLevelChanged: mLevel=90, mPluggedIn=true, mCharging=true, mShowPerc=true
2026-06-04 20:47:57.665  ١٨٨٧-١٨٨٧  BatteryMeterView        com.android.systemui                 D  onBatteryLevelChanged: mLevel=90, mPluggedIn=true, mCharging=true, mShowPerc=true
2026-06-04 20:47:57.666  ١٨٨٧-١٨٨٧  jxt                     com.android.systemui                 I  onBatteryLevelChanged isModCharging=false,mModLevel=-1,mModPlugType=2,charging=true,pluggedIn=true
2026-06-04 20:47:57.668  ١٨٨٧-١٨٨٧  BatteryStatusView       com.android.systemui                 D  refreshViews: intent=#Intent;action=android.intent.action.BATTERY_CHANGED;launchFlags=0x60000010;S.technology=Li-ion;i.icon-small=17303324;i.max_charging_voltage=5000000;i.health=2;i.max_charging_current=500000;i.status=2;i.plugged=2;B.present=true;i.seq=108153;i.charge_counter=2401003;i.level=90;i.scale=100;i.temperature=305;i.voltage=4388;i.invalid_charger=0;end
2026-06-04 20:47:57.668  ١٨٨٧-١٨٨٧  BatteryStatusView       com.android.systemui                 D  refreshViews: mModLevel=-1, mModCharging=false, mLevel=90, mPluggedIn=true, mCharging=true
2026-06-04 20:47:57.668  ١٨٨٧-١٨٨٧  KeyguardUpdateMonitor   com.android.systemui                 D  handleBatteryUpdate
2026-06-04 20:47:58.450 ٢٤٣٤٣-٢٤٣٤٣ Sensors                 sensors.qcom                         E  sns_debug_mr.c(366):Sensors DIAG Init: Waiting for diag service timed out
2026-06-04 20:47:58.450 ٢٤٣٤٣-٢٤٣٤٣ Sensors                 sensors.qcom                         E  sns_debug_main.c(488):Sensors DIAG init: Can't register with debug
2026-06-04 20:47:58.450 ٢٤٣٤٣-٢٤٣٤٣ Sensors                 sensors.qcom                         E  sns_init_la.c(165):Error 5 initializing sns_debug_test_init2
2026-06-04 20:48:08.450 ٢٤٣٤٣-٢٤٣٤٣ Sensors                 sensors.qcom                         E  sns_main.c(447):Timeout waiting for SMGR service. Exit sensors daemon!
2026-06-04 20:48:08.450 ٢٤٣٤٣-٢٤٣٤٣ Sensors                 sensors.qcom                         W  sns_main.c(355):sns_main_exit called unlock daemon to exit
2026-06-04 20:48:08.451 ٢٤٣٤٣-٢٤٣٤٣ Sensors                 sensors.qcom                         E  sns_main.c(561):Exiting! Err 0
2026-06-04 20:48:08.515 ٢٤٣٥٠-٢٤٣٥٠ sensors.qcom            pid-24350                            W  type=1400 audit(0.0:657557): avc: denied { read write } for name="diag" dev="tmpfs" ino=6521 scontext=u:r:sensors:s0 tcontext=u:object_r:diag_device:s0 tclass=chr_file permissive=0
2026-06-04 20:48:08.526 ٢٤٣٥٠-٢٤٣٥٠ Diag_Lib                pid-24350                            E   Diag_LSM_Init: Failed to open handle to diag driver, error = 13
2026-06-04 20:48:08.526 ٢٤٣٥٠-٢٤٣٥٠ Sensors                 pid-24350                            W  sns_debug_main.c(442):Diag_LSM_Init failed: log packets and messages will not be available
2026-06-04 20:48:08.528 ٢٤٣٥٠-٢٤٣٥٢ Sensors                 pid-24350                            E  sns_fsa_la.c(84):realpath failed for directory name2
2026-06-04 20:48:08.528 ٢٤٣٥٠-٢٤٣٥٢ Sensors                 pid-24350                            E  sns_reg_la.c(289):Error creating registry file
2026-06-04 20:48:08.528 ٢٤٣٥٠-٢٤٣٥٢ Sensors                 pid-24350                            W  sns_reg_mr.c(367):File init failed 5
2026-06-04 20:48:18.531 ٢٤٣٥٠-٢٤٣٥٠ Sensors                 sensors.qcom                         E  sns_debug_mr.c(366):Sensors DIAG Init: Waiting for diag service timed out
2026-06-04 20:48:18.531 ٢٤٣٥٠-٢٤٣٥٠ Sensors                 sensors.qcom                         E  sns_debug_main.c(488):Sensors DIAG init: Can't register with debug
2026-06-04 20:48:18.531 ٢٤٣٥٠-٢٤٣٥٠ Sensors                 sensors.qcom                         E  sns_init_la.c(165):Error 5 initializing sns_debug_test_init2
2026-06-04 20:48:19.033  ١٨٨٧-١٨٨٧  KeyguardUpdateMonitor   com.android.systemui                 D  received broadcast android.intent.action.BATTERY_CHANGED
2026-06-04 20:48:19.037  ١٨٨٧-١٨٨٧  BatteryMeterView        com.android.systemui                 D  onBatteryLevelChanged: mLevel=90, mPluggedIn=true, mCharging=true, mShowPerc=true
2026-06-04 20:48:19.039  ١٨٨٧-١٨٨٧  BatteryMeterView        com.android.systemui                 D  onBatteryLevelChanged: mLevel=90, mPluggedIn=true, mCharging=true, mShowPerc=true
2026-06-04 20:48:19.040  ١٨٨٧-١٨٨٧  BatteryViews            com.android.systemui                 D  onBatteryLevelChanged: mLevel=90, mPluggedIn=true, mCharging=true, mShowPerc=true
2026-06-04 20:48:19.042  ١٨٨٧-١٨٨٧  BatteryMeterView        com.android.systemui                 D  onBatteryLevelChanged: mLevel=90, mPluggedIn=true, mCharging=true, mShowPerc=true
2026-06-04 20:48:19.043  ١٨٨٧-١٨٨٧  BatteryMeterView        com.android.systemui                 D  onBatteryLevelChanged: mLevel=90, mPluggedIn=true, mCharging=true, mShowPerc=true
2026-06-04 20:48:19.044  ١٨٨٧-١٨٨٧  jxt                     com.android.systemui                 I  onBatteryLevelChanged isModCharging=false,mModLevel=-1,mModPlugType=2,charging=true,pluggedIn=true
2026-06-04 20:48:19.045  ١٨٨٧-١٨٨٧  BatteryStatusView       com.android.systemui                 D  refreshViews: intent=#Intent;action=android.intent.action.BATTERY_CHANGED;launchFlags=0x60000010;S.technology=Li-ion;i.icon-small=17303324;i.max_charging_voltage=5000000;i.health=2;i.max_charging_current=500000;i.status=2;i.plugged=2;B.present=true;i.seq=108154;i.charge_counter=2403310;i.level=90;i.scale=100;i.temperature=300;i.voltage=4403;i.invalid_charger=0;end
2026-06-04 20:48:19.045  ١٨٨٧-١٨٨٧  BatteryStatusView       com.android.systemui                 D  refreshViews: mModLevel=-1, mModCharging=false, mLevel=90, mPluggedIn=true, mCharging=true
2026-06-04 20:48:19.045  ١٨٨٧-١٨٨٧  KeyguardUpdateMonitor   com.android.systemui                 D  handleBatteryUpdate
2026-06-04 20:48:28.531 ٢٤٣٥٠-٢٤٣٥٠ Sensors                 sensors.qcom                         E  sns_main.c(447):Timeout waiting for SMGR service. Exit sensors daemon!
2026-06-04 20:48:28.531 ٢٤٣٥٠-٢٤٣٥٠ Sensors                 sensors.qcom                         W  sns_main.c(355):sns_main_exit called unlock daemon to exit
2026-06-04 20:48:28.532 ٢٤٣٥٠-٢٤٣٥٠ Sensors                 sensors.qcom                         E  sns_main.c(561):Exiting! Err 0
2026-06-04 20:48:28.565 ٢٤٣٥٥-٢٤٣٥٥ sensors.qcom            pid-24355                            W  type=1400 audit(0.0:657558): avc: denied { read write } for name="diag" dev="tmpfs" ino=6521 scontext=u:r:sensors:s0 tcontext=u:object_r:diag_device:s0 tclass=chr_file permissive=0
2026-06-04 20:48:28.583 ٢٤٣٥٥-٢٤٣٥٥ Diag_Lib                pid-24355                            E   Diag_LSM_Init: Failed to open handle to diag driver, error = 13
2026-06-04 20:48:28.583 ٢٤٣٥٥-٢٤٣٥٥ Sensors                 pid-24355                            W  sns_debug_main.c(442):Diag_LSM_Init failed: log packets and messages will not be available
2026-06-04 20:48:28.585 ٢٤٣٥٥-٢٤٣٥٧ Sensors                 pid-24355                            E  sns_fsa_la.c(84):realpath failed for directory name2
2026-06-04 20:48:28.585 ٢٤٣٥٥-٢٤٣٥٧ Sensors                 pid-24355                            E  sns_reg_la.c(289):Error creating registry file
2026-06-04 20:48:28.585 ٢٤٣٥٥-٢٤٣٥٧ Sensors                 pid-24355                            W  sns_reg_mr.c(367):File init failed 5
2026-06-04 20:48:29.355   ٥١٤-٥١٤   memtrack@1.0-se         and...hardware.memtrack@1.0-service  W  type=1400 audit(0.0:657559): avc: denied { search } for name="proc" dev="debugfs" ino=14354 scontext=u:r:hal_memtrack_default:s0 tcontext=u:object_r:qti_debugfs:s0 tclass=dir permissive=0
2026-06-04 20:48:29.415   ٥١٤-٥١٤   chatty                  and...hardware.memtrack@1.0-service  I  uid=1000(system) memtrack@1.0-se identical 2 lines
2026-06-04 20:48:29.415   ٥١٤-٥١٤   memtrack@1.0-se         and...hardware.memtrack@1.0-service  W  type=1400 audit(0.0:657562): avc: denied { search } for name="proc" dev="debugfs" ino=14354 scontext=u:r:hal_memtrack_default:s0 tcontext=u:object_r:qti_debugfs:s0 tclass=dir permissive=0
2026-06-04 20:48:29.708 ٢٤١٩٣-٢٤١٩٣ bexc                    com.google.android.gm                W  Already started: bexc@6748609
2026-06-04 20:48:38.589 ٢٤٣٥٥-٢٤٣٥٥ Sensors                 sensors.qcom                         E  sns_debug_mr.c(366):Sensors DIAG Init: Waiting for diag service timed out
2026-06-04 20:48:38.589 ٢٤٣٥٥-٢٤٣٥٥ Sensors                 sensors.qcom                         E  sns_debug_main.c(488):Sensors DIAG init: Can't register with debug
2026-06-04 20:48:38.589 ٢٤٣٥٥-٢٤٣٥٥ Sensors                 sensors.qcom                         E  sns_init_la.c(165):Error 5 initializing sns_debug_test_init2
2026-06-04 20:48:48.589 ٢٤٣٥٥-٢٤٣٥٥ Sensors                 sensors.qcom                         E  sns_main.c(447):Timeout waiting for SMGR service. Exit sensors daemon!
2026-06-04 20:48:48.589 ٢٤٣٥٥-٢٤٣٥٥ Sensors                 sensors.qcom                         W  sns_main.c(355):sns_main_exit called unlock daemon to exit
2026-06-04 20:48:48.590 ٢٤٣٥٥-٢٤٣٥٥ Sensors                 sensors.qcom                         E  sns_main.c(561):Exiting! Err 0
2026-06-04 20:48:48.635 ٢٤٣٦٧-٢٤٣٦٧ sensors.qcom            pid-24367                            W  type=1400 audit(0.0:657563): avc: denied { read write } for name="diag" dev="tmpfs" ino=6521 scontext=u:r:sensors:s0 tcontext=u:object_r:diag_device:s0 tclass=chr_file permissive=0
2026-06-04 20:48:48.652 ٢٤٣٦٧-٢٤٣٦٧ Diag_Lib                pid-24367                            E   Diag_LSM_Init: Failed to open handle to diag driver, error = 13
2026-06-04 20:48:48.652 ٢٤٣٦٧-٢٤٣٦٧ Sensors                 pid-24367                            W  sns_debug_main.c(442):Diag_LSM_Init failed: log packets and messages will not be available
2026-06-04 20:48:48.654 ٢٤٣٦٧-٢٤٣٦٩ Sensors                 pid-24367                            E  sns_fsa_la.c(84):realpath failed for directory name2
2026-06-04 20:48:48.654 ٢٤٣٦٧-٢٤٣٦٩ Sensors                 pid-24367                            E  sns_reg_la.c(289):Error creating registry file
2026-06-04 20:48:48.654 ٢٤٣٦٧-٢٤٣٦٩ Sensors                 pid-24367                            W  sns_reg_mr.c(367):File init failed 5
2026-06-04 20:48:49.725   ٥١٤-٥١٤   memtrack@1.0-se         and...hardware.memtrack@1.0-service  W  type=1400 audit(0.0:657564): avc: denied { search } for name="proc" dev="debugfs" ino=14354 scontext=u:r:hal_memtrack_default:s0 tcontext=u:object_r:qti_debugfs:s0 tclass=dir permissive=0
2026-06-04 20:48:50.125   ٥١٤-٥١٤   chatty                  and...hardware.memtrack@1.0-service  I  uid=1000(system) memtrack@1.0-se identical 20 lines
2026-06-04 20:48:50.125   ٥١٤-٥١٤   memtrack@1.0-se         and...hardware.memtrack@1.0-service  W  type=1400 audit(0.0:657585): avc: denied { search } for name="proc" dev="debugfs" ino=14354 scontext=u:r:hal_memtrack_default:s0 tcontext=u:object_r:qti_debugfs:s0 tclass=dir permissive=0
2026-06-04 20:48:58.657 ٢٤٣٦٧-٢٤٣٦٧ Sensors                 sensors.qcom                         E  sns_debug_mr.c(366):Sensors DIAG Init: Waiting for diag service timed out
2026-06-04 20:48:58.658 ٢٤٣٦٧-٢٤٣٦٧ Sensors                 sensors.qcom                         E  sns_debug_main.c(488):Sensors DIAG init: Can't register with debug
2026-06-04 20:48:58.658 ٢٤٣٦٧-٢٤٣٦٧ Sensors                 sensors.qcom                         E  sns_init_la.c(165):Error 5 initializing sns_debug_test_init2
2026-06-04 20:48:59.848 ٢٤١٩٣-٢٤١٩٨ zygote64                com.google.android.gm                I  Do partial code cache collection, code=6KB, data=23KB
2026-06-04 20:48:59.849 ٢٤١٩٣-٢٤١٩٨ zygote64                com.google.android.gm                I  After code cache collection, code=6KB, data=23KB
2026-06-04 20:48:59.849 ٢٤١٩٣-٢٤١٩٨ zygote64                com.google.android.gm                I  Increasing code cache capacity to 128KB
2026-06-04 20:48:59.857 ٢٤١٩٣-٢٤١٩٨ zygote64                com.google.android.gm                I  Do partial code cache collection, code=6KB, data=23KB
2026-06-04 20:48:59.858 ٢٤١٩٣-٢٤١٩٨ zygote64                com.google.android.gm                I  After code cache collection, code=6KB, data=23KB
2026-06-04 20:48:59.858 ٢٤١٩٣-٢٤١٩٨ zygote64                com.google.android.gm                I  Increasing code cache capacity to 256KB
2026-06-04 20:48:59.864 ٢٤١٩٣-٢٤١٩٨ zygote64                com.google.android.gm                I  Method exceeds compiler instruction limit: 25337 in void org.ccil.cowan.tagsoup.HTMLSchema.<init>()
2026-06-04 20:48:59.977 ٢٥٨١٦-٢٥٨١٦ BoundBrokerSvc          com.google.android.gms               D  onBind: Intent { act=com.google.android.gms.feedback.internal.IFeedbackService dat=chimera-action: cmp=com.google.android.gms/.chimera.GmsBoundBrokerService }
2026-06-04 20:48:59.977 ٢٥٨١٦-٢٥٨١٦ BoundBrokerSvc          com.google.android.gms               D  Loading bound service for intent: Intent { act=com.google.android.gms.feedback.internal.IFeedbackService dat=chimera-action: cmp=com.google.android.gms/.chimera.GmsBoundBrokerService }
2026-06-04 20:49:08.658 ٢٤٣٦٧-٢٤٣٦٧ Sensors                 sensors.qcom                         E  sns_main.c(447):Timeout waiting for SMGR service. Exit sensors daemon!
2026-06-04 20:49:08.658 ٢٤٣٦٧-٢٤٣٦٧ Sensors                 sensors.qcom                         W  sns_main.c(355):sns_main_exit called unlock daemon to exit
2026-06-04 20:49:08.659 ٢٤٣٦٧-٢٤٣٦٧ Sensors                 sensors.qcom                         E  sns_main.c(561):Exiting! Err 0
2026-06-04 20:49:08.715 ٢٤٣٧٨-٢٤٣٧٨ sensors.qcom            pid-24378                            W  type=1400 audit(0.0:657586): avc: denied { read write } for name="diag" dev="tmpfs" ino=6521 scontext=u:r:sensors:s0 tcontext=u:object_r:diag_device:s0 tclass=chr_file permissive=0
2026-06-04 20:49:08.728 ٢٤٣٧٨-٢٤٣٧٨ Diag_Lib                pid-24378                            E   Diag_LSM_Init: Failed to open handle to diag driver, error = 13
2026-06-04 20:49:08.728 ٢٤٣٧٨-٢٤٣٧٨ Sensors                 pid-24378                            W  sns_debug_main.c(442):Diag_LSM_Init failed: log packets and messages will not be available
2026-06-04 20:49:08.730 ٢٤٣٧٨-٢٤٣٨٠ Sensors                 pid-24378                            E  sns_fsa_la.c(84):realpath failed for directory name2
2026-06-04 20:49:08.730 ٢٤٣٧٨-٢٤٣٨٠ Sensors                 pid-24378                            E  sns_reg_la.c(289):Error creating registry file
2026-06-04 20:49:08.730 ٢٤٣٧٨-٢٤٣٨٠ Sensors                 pid-24378                            W  sns_reg_mr.c(367):File init failed 5
2026-06-04 20:49:18.733 ٢٤٣٧٨-٢٤٣٧٨ Sensors                 sensors.qcom                         E  sns_debug_mr.c(366):Sensors DIAG Init: Waiting for diag service timed out
2026-06-04 20:49:18.733 ٢٤٣٧٨-٢٤٣٧٨ Sensors                 sensors.qcom                         E  sns_debug_main.c(488):Sensors DIAG init: Can't register with debug
2026-06-04 20:49:18.733 ٢٤٣٧٨-٢٤٣٧٨ Sensors                 sensors.qcom                         E  sns_init_la.c(165):Error 5 initializing sns_debug_test_init2
2026-06-04 20:49:19.034  ١٨٨٧-١٨٨٧  KeyguardUpdateMonitor   com.android.systemui                 D  received broadcast android.intent.action.BATTERY_CHANGED
2026-06-04 20:49:19.037  ١٨٨٧-١٨٨٧  BatteryMeterView        com.android.systemui                 D  onBatteryLevelChanged: mLevel=90, mPluggedIn=true, mCharging=true, mShowPerc=true
2026-06-04 20:49:19.039  ١٨٨٧-١٨٨٧  BatteryMeterView        com.android.systemui                 D  onBatteryLevelChanged: mLevel=90, mPluggedIn=true, mCharging=true, mShowPerc=true
2026-06-04 20:49:19.040  ١٨٨٧-١٨٨٧  BatteryViews            com.android.systemui                 D  onBatteryLevelChanged: mLevel=90, mPluggedIn=true, mCharging=true, mShowPerc=true
2026-06-04 20:49:19.042  ١٨٨٧-١٨٨٧  BatteryMeterView        com.android.systemui                 D  onBatteryLevelChanged: mLevel=90, mPluggedIn=true, mCharging=true, mShowPerc=true
2026-06-04 20:49:19.044  ١٨٨٧-١٨٨٧  BatteryMeterView        com.android.systemui                 D  onBatteryLevelChanged: mLevel=90, mPluggedIn=true, mCharging=true, mShowPerc=true
2026-06-04 20:49:19.045  ١٨٨٧-١٨٨٧  jxt                     com.android.systemui                 I  onBatteryLevelChanged isModCharging=false,mModLevel=-1,mModPlugType=2,charging=true,pluggedIn=true
2026-06-04 20:49:19.049  ١٨٨٧-١٨٨٧  BatteryStatusView       com.android.systemui                 D  refreshViews: intent=#Intent;action=android.intent.action.BATTERY_CHANGED;launchFlags=0x60000010;S.technology=Li-ion;i.icon-small=17303324;i.max_charging_voltage=5000000;i.health=2;i.max_charging_current=500000;i.status=2;i.plugged=2;B.present=true;i.seq=108155;i.charge_counter=2409861;i.level=90;i.scale=100;i.temperature=297;i.voltage=4401;i.invalid_charger=0;end
2026-06-04 20:49:19.049  ١٨٨٧-١٨٨٧  BatteryStatusView       com.android.systemui                 D  refreshViews: mModLevel=-1, mModCharging=false, mLevel=90, mPluggedIn=true, mCharging=true
2026-06-04 20:49:19.049  ١٨٨٧-١٨٨٧  KeyguardUpdateMonitor   com.android.systemui                 D  handleBatteryUpdate
2026-06-04 20:49:19.709  ١٨٨٧-١٨٩٨  zygote64                com.android.systemui                 I  Background concurrent copying GC freed 493296(12MB) AllocSpace objects, 0(0B) LOS objects, 55% free, 9MB/21MB, paused 2.055ms total 152.740ms
2026-06-04 20:49:28.733 ٢٤٣٧٨-٢٤٣٧٨ Sensors                 sensors.qcom                         E  sns_main.c(447):Timeout waiting for SMGR service. Exit sensors daemon!
2026-06-04 20:49:28.733 ٢٤٣٧٨-٢٤٣٧٨ Sensors                 sensors.qcom                         W  sns_main.c(355):sns_main_exit called unlock daemon to exit
2026-06-04 20:49:28.733 ٢٤٣٧٨-٢٤٣٧٨ Sensors                 sensors.qcom                         E  sns_main.c(561):Exiting! Err 0
2026-06-04 20:49:28.745 ٢٤٣٨٤-٢٤٣٨٤ sensors.qcom            pid-24384                            W  type=1400 audit(0.0:657587): avc: denied { read write } for name="diag" dev="tmpfs" ino=6521 scontext=u:r:sensors:s0 tcontext=u:object_r:diag_device:s0 tclass=chr_file permissive=0
2026-06-04 20:49:28.759 ٢٤٣٨٤-٢٤٣٨٤ Diag_Lib                pid-24384                            E   Diag_LSM_Init: Failed to open handle to diag driver, error = 13
2026-06-04 20:49:28.759 ٢٤٣٨٤-٢٤٣٨٤ Sensors                 pid-24384                            W  sns_debug_main.c(442):Diag_LSM_Init failed: log packets and messages will not be available
2026-06-04 20:49:28.761 ٢٤٣٨٤-٢٤٣٨٦ Sensors                 pid-24384                            E  sns_fsa_la.c(84):realpath failed for directory name2
2026-06-04 20:49:28.761 ٢٤٣٨٤-٢٤٣٨٦ Sensors                 pid-24384                            E  sns_reg_la.c(289):Error creating registry file
2026-06-04 20:49:28.761 ٢٤٣٨٤-٢٤٣٨٦ Sensors                 pid-24384                            W  sns_reg_mr.c(367):File init failed 5
2026-06-04 20:49:29.694   ٥٢٠-٥٢٠   WifiHAL                 android.hardware.wifi@1.0-service    E  wifi_get_logger_supported_feature_set: Error -3 happened. 
2026-06-04 20:49:29.696  ١٨٨٧-١٨٨٧  KeyguardUpdateMonitor   com.android.systemui                 D  received broadcast android.intent.action.BATTERY_CHANGED
2026-06-04 20:49:29.700  ١٨٨٧-١٨٨٧  BatteryMeterView        com.android.systemui                 D  onBatteryLevelChanged: mLevel=91, mPluggedIn=true, mCharging=true, mShowPerc=true
2026-06-04 20:49:29.702  ١٨٨٧-١٨٨٧  BatteryMeterView        com.android.systemui                 D  onBatteryLevelChanged: mLevel=91, mPluggedIn=true, mCharging=true, mShowPerc=true
2026-06-04 20:49:29.702  ١٨٨٧-١٨٨٧  BatteryViews            com.android.systemui                 D  onBatteryLevelChanged: mLevel=91, mPluggedIn=true, mCharging=true, mShowPerc=true
2026-06-04 20:49:29.704  ١٨٨٧-١٨٨٧  BatteryMeterView        com.android.systemui                 D  onBatteryLevelChanged: mLevel=91, mPluggedIn=true, mCharging=true, mShowPerc=true
2026-06-04 20:49:29.705  ١٨٨٧-١٨٨٧  BatteryMeterView        com.android.systemui                 D  onBatteryLevelChanged: mLevel=91, mPluggedIn=true, mCharging=true, mShowPerc=true
2026-06-04 20:49:29.706  ١٨٨٧-١٨٨٧  jxt                     com.android.systemui                 I  onBatteryLevelChanged isModCharging=false,mModLevel=-1,mModPlugType=2,charging=true,pluggedIn=true
2026-06-04 20:49:29.709  ١٨٨٧-١٨٨٧  BatteryStatusView       com.android.systemui                 D  refreshViews: intent=#Intent;action=android.intent.action.BATTERY_CHANGED;launchFlags=0x60000010;S.technology=Li-ion;i.icon-small=17303324;i.max_charging_voltage=5000000;i.health=2;i.max_charging_current=500000;i.status=2;i.plugged=2;B.present=true;i.seq=108156;i.charge_counter=2411111;i.level=91;i.scale=100;i.temperature=297;i.voltage=4396;i.invalid_charger=0;end
2026-06-04 20:49:29.709  ١٨٨٧-١٨٨٧  BatteryStatusView       com.android.systemui                 D  refreshViews: mModLevel=-1, mModCharging=false, mLevel=91, mPluggedIn=true, mCharging=true
2026-06-04 20:49:29.713  ١٨٨٧-١٨٨٧  KeyguardUpdateMonitor   com.android.systemui                 D  handleBatteryUpdate
2026-06-04 20:49:29.749  ١٥٦٨-١٦٥٧  BatteryStatsService     system_server                        E  no controller energy info supplied
2026-06-04 20:49:31.244  ١٨٨٧-١٨٨٧  KeyguardUpdateMonitor   com.android.systemui                 D  received broadcast android.intent.action.BATTERY_CHANGED
2026-06-04 20:49:31.249  ١٨٨٧-١٨٨٧  BatteryMeterView        com.android.systemui                 D  onBatteryLevelChanged: mLevel=91, mPluggedIn=true, mCharging=true, mShowPerc=true
2026-06-04 20:49:31.250  ١٨٨٧-١٨٨٧  BatteryMeterView        com.android.systemui                 D  onBatteryLevelChanged: mLevel=91, mPluggedIn=true, mCharging=true, mShowPerc=true
2026-06-04 20:49:31.251  ١٨٨٧-١٨٨٧  BatteryViews            com.android.systemui                 D  onBatteryLevelChanged: mLevel=91, mPluggedIn=true, mCharging=true, mShowPerc=true
2026-06-04 20:49:31.253  ١٨٨٧-١٨٨٧  BatteryMeterView        com.android.systemui                 D  onBatteryLevelChanged: mLevel=91, mPluggedIn=true, mCharging=true, mShowPerc=true
2026-06-04 20:49:31.254  ١٨٨٧-١٨٨٧  BatteryMeterView        com.android.systemui                 D  onBatteryLevelChanged: mLevel=91, mPluggedIn=true, mCharging=true, mShowPerc=true
2026-06-04 20:49:31.255  ١٨٨٧-١٨٨٧  jxt                     com.android.systemui                 I  onBatteryLevelChanged isModCharging=false,mModLevel=-1,mModPlugType=2,charging=true,pluggedIn=true
2026-06-04 20:49:31.255  ١٨٨٧-١٨٨٧  KeyguardUpdateMonitor   com.android.systemui                 D  handleBatteryUpdate
2026-06-04 20:49:31.258  ١٨٨٧-١٨٨٧  BatteryStatusView       com.android.systemui                 D  refreshViews: intent=#Intent;action=android.intent.action.BATTERY_CHANGED;launchFlags=0x60000010;S.technology=Li-ion;i.icon-small=17303324;i.max_charging_voltage=5000000;i.health=2;i.max_charging_current=500000;i.status=2;i.plugged=2;B.present=true;i.seq=108157;i.charge_counter=2411247;i.level=91;i.scale=100;i.temperature=297;i.voltage=4396;i.invalid_charger=0;end
2026-06-04 20:49:31.258  ١٨٨٧-١٨٨٧  BatteryStatusView       com.android.systemui                 D  refreshViews: mModLevel=-1, mModCharging=false, mLevel=91, mPluggedIn=true, mCharging=true
2026-06-04 20:49:38.763 ٢٤٣٨٤-٢٤٣٨٤ Sensors                 sensors.qcom                         E  sns_debug_mr.c(366):Sensors DIAG Init: Waiting for diag service timed out
2026-06-04 20:49:38.763 ٢٤٣٨٤-٢٤٣٨٤ Sensors                 sensors.qcom                         E  sns_debug_main.c(488):Sensors DIAG init: Can't register with debug
2026-06-04 20:49:38.763 ٢٤٣٨٤-٢٤٣٨٤ Sensors                 sensors.qcom                         E  sns_init_la.c(165):Error 5 initializing sns_debug_test_init2
2026-06-04 20:49:38.991 ٢٥٨١٦-٧٤٤٠  zygote64                com.google.android.gms               I  Explicit concurrent copying GC freed 63969(2MB) AllocSpace objects, 8(460KB) LOS objects, 25% free, 21MB/28MB, paused 779us total 305.806ms
2026-06-04 20:49:45.098  ٧٧٣٩-٧٩٤٤  PhenotypeProcessReaper  com...gle.android.inputmethod.latin  I  Memory state is: 200
2026-06-04 20:49:46.317  ١٥٦٨-١٨٢١  AlarmManager            system_server                        D  sending WAKEUP Alarm: act=WakingExecutorService.ACTION_ALARM.com.facebook.orca.Mqtt_Wakeup pkg=com.facebook.orca Pkg: com.facebook.orca
2026-06-04 20:49:46.324  ١٨٨٧-١٨٨٧  KeyguardUpdateMonitor   com.android.systemui                 D  received broadcast android.intent.action.TIME_TICK
2026-06-04 20:49:46.324  ١٨٨٧-١٨٨٧  KeyguardUpdateMonitor   com.android.systemui                 D  handleTimeUpdate
2026-06-04 20:49:46.338  ١٨٨٧-١٨٨٧  LenovoViewClock         com.android.systemui                 I  updateTime setActive=false
2026-06-04 20:49:46.339  ١٨٨٧-٢١٤٣  Clock                   com.android.systemui                 D  onReceive: action=android.intent.action.TIME_TICK, mShowSeconds=false
2026-06-04 20:49:46.341  ١٨٨٧-٢١٤٣  Clock                   com.android.systemui                 D  onReceive: action=android.intent.action.TIME_TICK, mShowSeconds=false
2026-06-04 20:49:46.341  ١٨٨٧-١٨٨٧  Clock                   com.android.systemui                 D  getSmallTime: is24=false, format=h:mm a, language=en, mClockFormatString=h:mm a, result=8:49 PM
2026-06-04 20:49:46.343  ١٨٨٧-٢١٤٣  Clock                   com.android.systemui                 D  onReceive: action=android.intent.action.TIME_TICK, mShowSeconds=false
2026-06-04 20:49:46.344  ١٨٨٧-١٨٨٧  Clock                   com.android.systemui                 D  getSmallTime: is24=false, format=h:mm a, language=en, mClockFormatString=h:mm a, result=8:49 PM
2026-06-04 20:49:46.348  ١٨٨٧-١٨٨٧  Clock                   com.android.systemui                 D  getSmallTime: is24=false, format=h:mm a, language=en, mClockFormatString=h:mm a, result=8:49 PM
2026-06-04 20:49:48.764 ٢٤٣٨٤-٢٤٣٨٤ Sensors                 sensors.qcom                         E  sns_main.c(447):Timeout waiting for SMGR service. Exit sensors daemon!
2026-06-04 20:49:48.764 ٢٤٣٨٤-٢٤٣٨٤ Sensors                 sensors.qcom                         W  sns_main.c(355):sns_main_exit called unlock daemon to exit
2026-06-04 20:49:48.764 ٢٤٣٨٤-٢٤٣٨٤ Sensors                 sensors.qcom                         E  sns_main.c(561):Exiting! Err 0
2026-06-04 20:49:48.825 ٢٤٣٩١-٢٤٣٩١ sensors.qcom            pid-24391                            W  type=1400 audit(0.0:657588): avc: denied { read write } for name="diag" dev="tmpfs" ino=6521 scontext=u:r:sensors:s0 tcontext=u:object_r:diag_device:s0 tclass=chr_file permissive=0
2026-06-04 20:49:48.840 ٢٤٣٩١-٢٤٣٩١ Diag_Lib                pid-24391                            E   Diag_LSM_Init: Failed to open handle to diag driver, error = 13
2026-06-04 20:49:48.840 ٢٤٣٩١-٢٤٣٩١ Sensors                 pid-24391                            W  sns_debug_main.c(442):Diag_LSM_Init failed: log packets and messages will not be available
2026-06-04 20:49:48.845 ٢٤٣٩١-٢٤٣٩٣ Sensors                 pid-24391                            E  sns_fsa_la.c(84):realpath failed for directory name2
2026-06-04 20:49:48.845 ٢٤٣٩١-٢٤٣٩٣ Sensors                 pid-24391                            E  sns_reg_la.c(289):Error creating registry file
2026-06-04 20:49:48.845 ٢٤٣٩١-٢٤٣٩٣ Sensors                 pid-24391                            W  sns_reg_mr.c(367):File init failed 5
2026-06-04 20:49:56.827  ١٥٦٨-١٨٢١  AlarmManager            system_server                        D  sending WAKEUP Alarm: act=com.whatsapp.MessageHandler.LOGOUT_ACTION pkg=com.whatsapp.w4b Pkg: com.whatsapp.w4b
2026-06-04 20:49:57.095 ١٨٠٤٩-١٨١٣٠ msys                    com.whatsapp.w4b                     E  E[N WA]_WAJMNSStreamImplOnMNSFailure(287)=>[LogLevel:I] WAJMNSStream/impl/callback/onMNSFailure/p=0x7d706cc680 (error=MNSTCPSocketReceive(): Received EOF)
2026-06-04 20:49:57.096 ١٨٠٤٩-١٨١٣٠ msys                    com.whatsapp.w4b                     E  E[N WA]_WAJMNSStreamImplCreateConnectionReport(194)=>[LogLevel:I] WAJMNSStream/impl/report port=5222, connectedIPVersion=4, resolvedIPAddressCount=1, dnsResolutionStartTimeMS=407886749, dnsResolutionEndTimeMS=407886749, dnsCacheHit=Yes, connectStartTimeMS=407886749, connectEndTimeMS=407886816, proxyConnectStartTimeMS=0, proxyConnectEndTimeMS=0
2026-06-04 20:49:57.096 ١٨٠٤٩-١٨١٣٠ msys                    com.whatsapp.w4b                     E  E[N WA]_WAJMNSStreamImplUpdateStreamState(230)=>[LogLevel:I] WAJMNSStream/impl/state-changed/p=0x7d706cc680 (connected=>disconnected)
