2026-06-04 20:47:08.628  ١٨٨٧-٢١٤٣  Clock                   com.android.systemui                 D  onReceive: action=android.intent.action.TIME_TICK, mShowSeconds=false
2026-06-04 20:47:08.629  ١٨٨٧-١٨٨٧  Clock                   com.android.systemui                 D  getSmallTime: is24=false, format=h:mm a, language=en, mClockFormatString=h:mm a, result=8:47 PM
2026-06-04 20:47:08.631  ١٨٨٧-١٨٨٧  Clock                   com.android.systemui                 D  getSmallTime: is24=false, format=h:mm a, language=en, mClockFormatString=h:mm a, result=8:47 PM
2026-06-04 20:47:08.765   ٥١٤-٥١٤   memtrack@1.0-se         and...hardware.memtrack@1.0-service  W  type=1400 audit(0.0:657517): avc: denied { search } for name="proc" dev="debugfs" ino=14354 scontext=u:r:hal_memtrack_default:s0 tcontext=u:object_r:qti_debugfs:s0 tclass=dir permissive=0
2026-06-04 20:47:15.672  ١٥٦٨-١٨٢١  AlarmManager            system_server                        D  sending WAKEUP Alarm: act=com.whatsapp.MessageHandler.LOGOUT_ACTION pkg=com.whatsapp Pkg: com.whatsapp
2026-06-04 20:47:16.966  ١٥٦٨-١٨٢١  AlarmManager            system_server                        D  sending WAKEUP Alarm: alarm.operation is null. Alarm uid: 1000
2026-06-04 20:47:17.006  ١٥٦٨-١٥٦٨  ActivityManager         system_server                        I  Start proc 24053:com.whatsapp/u0a111 for service com.whatsapp/androidx.work.impl.background.systemjob.SystemJobService
2026-06-04 20:47:17.061 ٢٧٦٠١-٢٣٦٦٨ AppImportanceImpl       com.google.android.gms.persistent    I  (REDACTED) handleUidImportanceChange is invoked for uid=%d, importance=%d
2026-06-04 20:47:17.121 ٢٤٠٥٣-٢٤٠٥٣ ResourceType            pid-24053                            W  ResTable_typeSpec entry count inconsistent: given 1169, previously 4409
2026-06-04 20:47:17.122 ٢٤٠٥٣-٢٤٠٥٣ ResourceType            pid-24053                            W  ResTable_typeSpec entry count inconsistent: given 3740, previously 3757
2026-06-04 20:47:17.122 ٢٤٠٥٣-٢٤٠٥٣ ResourceType            pid-24053                            W  ResTable_typeSpec entry count inconsistent: given 214, previously 1933
2026-06-04 20:47:17.139 ٢٤٠٥٣-٢٤٠٥٣ LoadedApk               pid-24053                            I  No resource references to update in package zui.platform
2026-06-04 20:47:17.162 ٢٤٠٥٣-٢٤٠٥٣ FirebaseApp             pid-24053                            I  Device unlocked: initializing all Firebase APIs for app [DEFAULT]
2026-06-04 20:47:17.199 ٢٤٠٥٣-٢٤٠٥٣ FirebaseInitProvider    pid-24053                            I  FirebaseApp initialization successful
2026-06-04 20:47:17.238 ٢٤٠٥٣-٢٤٠٥٣ ProcessNameUtil         pid-24053                            I  getMyProcessName
2026-06-04 20:47:17.239 ٢٤٠٥٣-٢٤٠٥٣ ProcessNameUtil         pid-24053                            I  getMyProcessName/1/processing time: 0 ms
2026-06-04 20:47:17.240 ٢٤٠٥٣-٢٤٠٥٣ ProcessNameUtil         pid-24053                            I  isSecondaryProcess/process name: com.whatsapp/processing time: 2 ms
2026-06-04 20:47:17.316 ٢٤٠٥٣-٢٤٠٥٨ zygote64                pid-24053                            I  Do partial code cache collection, code=22KB, data=28KB
2026-06-04 20:47:17.316 ٢٤٠٥٣-٢٤٠٥٨ zygote64                pid-24053                            I  After code cache collection, code=13KB, data=22KB
2026-06-04 20:47:17.316 ٢٤٠٥٣-٢٤٠٥٨ zygote64                pid-24053                            I  Increasing code cache capacity to 128KB
2026-06-04 20:47:17.317 ٢٤٠٥٣-٢٤٠٥٨ zygote64                pid-24053                            I  Compiler allocated 4MB to compile java.lang.Object X.08L.A00(org.xmlpull.v1.XmlPullParser, java.lang.String[])
2026-06-04 20:47:17.318 ٢٤٠٥٣-٢٤٠٥٨ zygote64                pid-24053                            I  Do partial code cache collection, code=28KB, data=46KB
2026-06-04 20:47:17.319 ٢٤٠٥٣-٢٤٠٥٨ zygote64                pid-24053                            I  After code cache collection, code=28KB, data=46KB
2026-06-04 20:47:17.319 ٢٤٠٥٣-٢٤٠٥٨ zygote64                pid-24053                            I  Increasing code cache capacity to 256KB
2026-06-04 20:47:17.322 ٢٤٠٥٣-٢٤٠٥٨ zygote64                com.whatsapp                         I  Do full code cache collection, code=29KB, data=116KB
2026-06-04 20:47:17.322 ٢٤٠٥٣-٢٤٠٥٨ zygote64                com.whatsapp                         I  After code cache collection, code=16KB, data=11KB
2026-06-04 20:47:17.323 ٢٤٠٥٣-٢٤٠٥٨ zygote64                com.whatsapp                         I  Do partial code cache collection, code=16KB, data=105KB
2026-06-04 20:47:17.324 ٢٤٠٥٣-٢٤٠٥٨ zygote64                com.whatsapp                         I  After code cache collection, code=16KB, data=105KB
2026-06-04 20:47:17.324 ٢٤٠٥٣-٢٤٠٥٨ zygote64                com.whatsapp                         I  Increasing code cache capacity to 512KB
2026-06-04 20:47:17.325 ٢٤٠٥٣-٢٤٠٥٨ zygote64                com.whatsapp                         I  Do full code cache collection, code=16KB, data=220KB
2026-06-04 20:47:17.325 ٢٤٠٥٣-٢٤٠٥٨ zygote64                com.whatsapp                         I  After code cache collection, code=16KB, data=11KB
2026-06-04 20:47:17.330 ٢٤٠٥٣-٢٤٠٥٨ zygote64                com.whatsapp                         I  Method exceeds compiler instruction limit: 17803 in void X.07q.<init>()
2026-06-04 20:47:17.380 ٢٤٠٥٣-٢٤٠٥٨ zygote64                com.whatsapp                         I  Compiler allocated 4MB to compile java.lang.Object X.08L.A00(org.xmlpull.v1.XmlPullParser, java.lang.String[])
2026-06-04 20:47:17.411 ٢٤٠٥٣-٢٤٠٥٣ SoLoader                com.whatsapp                         W  Initializing SoLoader: 0
2026-06-04 20:47:17.413 ٢٤٠٥٣-٢٤٠٥٣ SoLoader                com.whatsapp                         I  Recording new base apk path: /data/app/com.whatsapp-nSH-IarUfw4EArjcvMiLIg==/base.apk
                                                                                                    Previously recorded 0 base apk paths.
2026-06-04 20:47:17.414 ٢٤٠٥٣-٢٤٠٥٣ SoLoader                com.whatsapp                         I  Preparing SO source: DirectorySoSource[root = /vendor/lib64 flags = 2]
2026-06-04 20:47:17.414 ٢٤٠٥٣-٢٤٠٥٣ SoLoader                com.whatsapp                         I  Preparing SO source: DirectorySoSource[root = /system_ext/lib64 flags = 2]
2026-06-04 20:47:17.414 ٢٤٠٥٣-٢٤٠٥٣ SoLoader                com.whatsapp                         I  Preparing SO source: DirectorySoSource[root = /system/lib64 flags = 2]
2026-06-04 20:47:17.414 ٢٤٠٥٣-٢٤٠٥٣ SoLoader                com.whatsapp                         I  Preparing SO source: DirectApkSoSource[root = [/data/app/com.whatsapp-nSH-IarUfw4EArjcvMiLIg==/base.apk!/lib/arm64-v8a, /data/app/com.whatsapp-nSH-IarUfw4EArjcvMiLIg==/split_config.arm64_v8a.apk!/lib/arm64-v8a, /data/app/com.whatsapp-nSH-IarUfw4EArjcvMiLIg==/split_config.xxhdpi.apk!/lib/arm64-v8a]]
2026-06-04 20:47:17.585 ٢٤٠٥٣-٢٤٠٥٣ SoLoader                com.whatsapp                         I  Preparing SO source: ApplicationSoSource[DirectorySoSource[root = /data/app/com.whatsapp-nSH-IarUfw4EArjcvMiLIg==/lib/arm64 flags = 0]]
2026-06-04 20:47:17.586 ٢٤٠٥٣-٢٤٠٥٣ SoLoader                com.whatsapp                         W  SoLoader initialized: 8
2026-06-04 20:47:17.596 ٢٤٠٥٣-٢٤٠٥٣ SoLoader                com.whatsapp                         W  Loading wa_log on the main thread
2026-06-04 20:47:17.601 ٢٤٠٥٣-٢٤٠٥٣ linker                  com.whatsapp                         W  "/data/data/com.whatsapp/files/decompressed/libs.spo/libwa_log.so" unused DT entry: type 0x70000001 arg 0x0
2026-06-04 20:47:17.602 ٢٤٠٥٣-٢٤٠٥٣ SoLoader                com.whatsapp                         W  Loading essential on the main thread
2026-06-04 20:47:17.614 ٢٤٠٥٣-٢٤٠٥٣ linker                  com.whatsapp                         W  "/data/data/com.whatsapp/files/decompressed/libs.spo/libfbjni.so" unused DT entry: type 0x70000001 arg 0x0
2026-06-04 20:47:17.615 ٢٤٠٥٣-٢٤٠٥٣ linker                  com.whatsapp                         W  "/data/data/com.whatsapp/files/decompressed/libs.spo/libfbsofterror.so" unused DT entry: type 0x70000001 arg 0x0
2026-06-04 20:47:17.618 ٢٤٠٥٣-٢٤٠٥٣ SoLoader                com.whatsapp                         W  Loading fb on the main thread
2026-06-04 20:47:17.619 ٢٤٠٥٣-٢٤٠٥٣ zygote64                com.whatsapp                         I  Thread[1,tid=24053,Native,Thread*=0x7d9e8bfa00,peer=0x74797730,"main"] recursive attempt to load library "/data/data/com.whatsapp/files/decompressed/libs.spo/libfb.so"
2026-06-04 20:47:17.620 ٢٤٠٥٣-٢٤٠٥٣ essential-jni           com.whatsapp                         I  JNI_OnLoad start
2026-06-04 20:47:17.620 ٢٤٠٥٣-٢٤٠٥٣ essential-jni           com.whatsapp                         I  fbjni lambda running
2026-06-04 20:47:17.620 ٢٤٠٥٣-٢٤٠٥٣ SigquitBasedANRDetector com.whatsapp                         D  Registered
2026-06-04 20:47:17.620 ٢٤٠٥٣-٢٤٠٥٣ essential-jni           com.whatsapp                         I  JNI_OnLoad lambda complete
2026-06-04 20:47:17.642 ٢٤٠٥٣-٢٤٠٥٣ SigquitBasedANRDetector com.whatsapp                         D  Initialized
2026-06-04 20:47:17.647 ٢٤٠٥٣-٢٤٠٥٣ SigquitBasedANRDetector com.whatsapp                         I  Function _ZN3art13SignalCatcher6OutputERKNSt3__112basic_stringIcNS1_11char_traitsIcEENS1_9allocatorIcEEEE hooked with result=0
2026-06-04 20:47:17.647 ٢٤٠٥٣-٢٤٠٥٣ SigquitBasedANRDetector com.whatsapp                         D  Detector started
2026-06-04 20:47:17.651 ٢٤٠٥٣-٢٤٠٥٣ SoLoader                com.whatsapp                         W  Loading rtvip on the main thread
2026-06-04 20:47:17.666 ٢٤٠٥٣-٢٤٠٥٣ SoLoader                com.whatsapp                         W  Loading rtvip on the main thread
2026-06-04 20:47:17.666 ٢٤٠٥٣-٢٤٠٥٣ rtvip                   com.whatsapp                         I  done
2026-06-04 20:47:17.667 ٢٤٠٥٣-٢٤٠٥٣ SoLoader                com.whatsapp                         W  Loading vlc on the main thread
2026-06-04 20:47:17.668 ٢٤٠٥٣-٢٤٠٥٣ linker                  com.whatsapp                         W  "/data/data/com.whatsapp/files/decompressed/libs.spo/libvlc.so" unused DT entry: type 0x70000001 arg 0x0
2026-06-04 20:47:17.669 ٢٤٠٥٣-٢٤٠٥٣ SoLoader                com.whatsapp                         W  Loading native_utils on the main thread
2026-06-04 20:47:17.670 ٢٤٠٥٣-٢٤٠٥٣ linker                  com.whatsapp                         W  "/data/data/com.whatsapp/files/decompressed/libs.spo/libnative_utils.so" unused DT entry: type 0x70000001 arg 0x0
2026-06-04 20:47:17.672 ٢٤٠٥٣-٢٤٠٥٣ SoLoader                com.whatsapp                         W  Loading curve25519 on the main thread
2026-06-04 20:47:17.674 ٢٤٠٥٣-٢٤٠٥٣ linker                  com.whatsapp                         W  "/data/data/com.whatsapp/files/decompressed/libs.spo/libcurve25519.so" unused DT entry: type 0x70000001 arg 0x0
2026-06-04 20:47:17.729 ٢٤٠٥٣-٢٤٠٥٣ WM-PackageManagerHelper com.whatsapp                         D  Skipping component enablement for androidx.work.impl.background.systemjob.SystemJobService
2026-06-04 20:47:17.729 ٢٤٠٥٣-٢٤٠٥٣ WM-Schedulers           com.whatsapp                         D  Created SystemJobScheduler and enabled SystemJobService
2026-06-04 20:47:17.733 ٢٤٠٥٣-٢٤٠٨٢ WM-ForceStopRunnable    com.whatsapp                         D  Is default app process = true
2026-06-04 20:47:17.733 ٢٤٠٥٣-٢٤٠٨٢ WM-ForceStopRunnable    com.whatsapp                         D  Performing cleanup operations.
2026-06-04 20:47:17.741 ٢٤٠٥٣-٢٤٠٥٣ WM-SystemJobService     com.whatsapp                         D  onStartJob for WorkGenerationalId(workSpecId=a834e075-8e50-4ec8-a606-b4733a526d70, generation=0)
2026-06-04 20:47:17.759 ٢٤٠٥٣-٢٤٠٨٢ WM-SystemJobScheduler   com.whatsapp                         D  Reconciling jobs
2026-06-04 20:47:17.767 ٢٤٠٥٣-٢٤٠٧٩ linker                  com.whatsapp                         W  "/data/data/com.whatsapp/files/decompressed/libs.spo/libfortify.so" unused DT entry: type 0x70000001 arg 0x0
2026-06-04 20:47:17.788 ٢٤٠٥٣-٢٤٠٧٩ linker                  com.whatsapp                         W  "/data/data/com.whatsapp/files/decompressed/libs.spo/libsimplejni.so" unused DT entry: type 0x70000001 arg 0x0
2026-06-04 20:47:17.792 ٢٤٠٥٣-٢٤٠٨٢ WM-ForceStopRunnable    com.whatsapp                         D  Found unfinished work, scheduling it.
2026-06-04 20:47:17.795 ٢٤٠٥٣-٢٤٠٧٩ linker                  com.whatsapp                         W  "/data/data/com.whatsapp/files/decompressed/libs.spo/libgraphstorecerealutil.so" unused DT entry: type 0x70000001 arg 0x0
2026-06-04 20:47:17.798 ٢٤٠٥٣-٢٤٠٧٩ linker                  com.whatsapp                         W  "/data/data/com.whatsapp/files/decompressed/libs.spo/libxplat_third-party_zstd__zstd.so" unused DT entry: type 0x70000001 arg 0x0
2026-06-04 20:47:17.815 ٢٤٠٥٣-٢٤٠٨٢ WM-SystemJobScheduler   com.whatsapp                         D  Scheduling work ID 4a724a1f-dae0-413c-9d4a-77a13cc38d0dJob ID 3704
2026-06-04 20:47:17.823 ٢٤٠٥٣-٢٤٠٨٢ WM-SystemJobScheduler   com.whatsapp                         D  Scheduling work ID 50a61928-eaf4-4666-b313-59a4519467c7Job ID 3922
2026-06-04 20:47:17.828 ٢٤٠٥٣-٢٤٠٨٢ WM-SystemJobScheduler   com.whatsapp                         D  Scheduling work ID a834e075-8e50-4ec8-a606-b4733a526d70Job ID 3956
2026-06-04 20:47:17.831 ٢٤٠٥٣-٢٤٠٥٣ WM-SystemJobService     com.whatsapp                         D  onStopJob for WorkGenerationalId(workSpecId=a834e075-8e50-4ec8-a606-b4733a526d70, generation=0)
2026-06-04 20:47:17.836 ٢٤٠٥٣-٢٤٠٨٢ WM-GreedyScheduler      com.whatsapp                         D  Starting tracking for a834e075-8e50-4ec8-a606-b4733a526d70
2026-06-04 20:47:17.853 ٢٤٠٥٣-٢٤٠٥٣ WM-SystemJobService     com.whatsapp                         D  onStartJob for WorkGenerationalId(workSpecId=a834e075-8e50-4ec8-a606-b4733a526d70, generation=0)
2026-06-04 20:47:17.858 ٢٤٠٥٣-٢٤٠٩٠ WhatsAppJni             com.whatsapp                         I  EnsureThreadAttached: attached current thread to JVM
2026-06-04 20:47:17.873 ٢٤٠٥٣-٢٤٠٩٣ WhatsAppJni             com.whatsapp                         I  EnsureThreadAttached: attached current thread to JVM
2026-06-04 20:47:17.876 ٢٤٠٥٣-٢٤٠٩١ WM-Processor            com.whatsapp                         D  D6H: processing WorkGenerationalId(workSpecId=a834e075-8e50-4ec8-a606-b4733a526d70, generation=0)
2026-06-04 20:47:17.889 ٢٤٠٥٣-٢٤٠٩٢ WhatsAppJni             com.whatsapp                         I  EnsureThreadAttached: attached current thread to JVM
2026-06-04 20:47:17.891 ٢٤٠٥٣-٢٤٠٩٤ WM-Processor            com.whatsapp                         D  WorkerWrapper interrupted for a834e075-8e50-4ec8-a606-b4733a526d70
2026-06-04 20:47:17.891 ٢٤٠٥٣-٢٤٠٩٤ WM-StopWorkRunnable     com.whatsapp                         D  StopWorkRunnable for a834e075-8e50-4ec8-a606-b4733a526d70; Processor.stopWork = true
2026-06-04 20:47:17.904 ٢٤٠٥٣-٢٤٠٩٤ WM-Processor            com.whatsapp                         D  D6H: processing WorkGenerationalId(workSpecId=a834e075-8e50-4ec8-a606-b4733a526d70, generation=0)
2026-06-04 20:47:17.919 ٢٤٠٥٣-٢٤٠٩٤ WM-WorkerWrapper        com.whatsapp                         D  Status for a834e075-8e50-4ec8-a606-b4733a526d70 is ENQUEUED; not doing any work and rescheduling for later execution
2026-06-04 20:47:17.928 ٢٤٠٥٣-٢٤٠٥٣ WM-Processor            com.whatsapp                         D  D6H a834e075-8e50-4ec8-a606-b4733a526d70 executed; reschedule = true
2026-06-04 20:47:17.928 ٢٤٠٥٣-٢٤٠٥٣ WM-GreedyScheduler      com.whatsapp                         D  Stopping tracking for WorkGenerationalId(workSpecId=a834e075-8e50-4ec8-a606-b4733a526d70, generation=0)
2026-06-04 20:47:17.931 ٢٤٠٥٣-٢٤٠٥٣ WM-SystemJobService     com.whatsapp                         D  a834e075-8e50-4ec8-a606-b4733a526d70 executed on JobScheduler
2026-06-04 20:47:17.951 ٢٤٠٥٣-٢٤٠٥٣ WM-WorkerWrapper        com.whatsapp                         D  Starting work for com.whatsapp.ui.wds.metrics.logging.network.HierarchyUploadScheduler$HierarchyUploadWorker
2026-06-04 20:47:17.961 ٢٤٠٥٣-٢٤٠٩١ WM-ConstraintTracker    com.whatsapp                         D  DGC: initial state = true
2026-06-04 20:47:17.961 ٢٤٠٥٣-٢٤٠٩١ WM-BrdcstRcvrCnstrntTrc com.whatsapp                         D  DGC: registering receiver
2026-06-04 20:47:17.963 ٢٤٠٥٣-٢٤٠٩١ WM-BrdcstRcvrCnstrntTrc com.whatsapp                         D  DGC: unregistering receiver
2026-06-04 20:47:17.970 ٢٤٠٥٣-٢٤٠٩١ WM-GreedyScheduler      com.whatsapp                         D  Cancelling work ID a834e075-8e50-4ec8-a606-b4733a526d70
2026-06-04 20:47:17.972 ٢٤٠٥٣-٢٤٠٩٨ msys                    com.whatsapp                         E  E[N WCIHTTPImplNetworkSession]WCIHTTPTaskImplCreateRegular(556)=>[I] http/task/regular/create/start
2026-06-04 20:47:17.972 ٢٤٠٥٣-٢٤٠٩٨ msys                    com.whatsapp                         E  E[N WCIHTTPImplNetworkSession]WCIHTTPTaskImplCreateRegular(591)=>[I] http/task/regular/create/execute
2026-06-04 20:47:17.973 ٢٤٠٥٣-٢٤٠٩٨ msys                    com.whatsapp                         E  E[N WCIHTTPImplNetworkSession]WCIHTTPTaskImplCreateRegular(614)=>[I] http/task/regular/create/success
2026-06-04 20:47:17.979 ٢٤٠٥٣-٢٤٠٨٤ NetworkSecurityConfig   com.whatsapp                         D  Using Network Security Config from resource (name removed) debugBuild: false
2026-06-04 20:47:17.980 ٢٤٠٥٣-٢٤٠٩١ WM-ConstraintTracker    com.whatsapp                         D  D6b: initial state = NetworkState(isConnected=true, isValidated=true, isMetered=false, isNotRoaming=true)
2026-06-04 20:47:17.981 ٢٤٠٥٣-٢٤٠٩١ WM-NetworkStateTracker  com.whatsapp                         D  Registering network callback
2026-06-04 20:47:17.985 ٢٤٠٥٣-٢٤٠٩٦ zygote64                com.whatsapp                         E  No implementation found for void com.facebook.quicklog.QuickPerformanceLoggerNativeProvider.nativeUpdateQPLInstance() (tried Java_com_facebook_quicklog_QuickPerformanceLoggerNativeProvider_nativeUpdateQPLInstance and Java_com_facebook_quicklog_QuickPerformanceLoggerNativeProvider_nativeUpdateQPLInstance__)
2026-06-04 20:47:17.986 ٢٤٠٥٣-٢٤٠٩٦ QPLProvider             com.whatsapp                         W  QuickPerformanceLoggerProvider failed to update native QPL instance, native library. This is expected during early app initialization
2026-06-04 20:47:17.988  ١٥٦٨-٨٩٥٩  ConnectivityService     system_server                        D  requestNetwork for uid/pid:10111/24053 NetworkRequest [ TRACK_DEFAULT id=17708, [ Capabilities: INTERNET&NOT_RESTRICTED&TRUSTED&NOT_VPN] ]
2026-06-04 20:47:17.988  ١٥٦٨-١٨٣٧  WIFI_UT                 system_server                        D  got request NetworkRequest [ TRACK_DEFAULT id=17708, [ Capabilities: INTERNET&NOT_RESTRICTED&TRUSTED&NOT_VPN] ] with score 60
2026-06-04 20:47:17.988  ١٥٦٨-١٨٦٣  Ethernet                system_server                        D  got request NetworkRequest [ TRACK_DEFAULT id=17708, [ Capabilities: INTERNET&NOT_RESTRICTED&TRUSTED&NOT_VPN] ] with score 60
2026-06-04 20:47:17.989  ١٥٦٨-١٨٣٧  WIFI                    system_server                        D  got request NetworkRequest [ TRACK_DEFAULT id=17708, [ Capabilities: INTERNET&NOT_RESTRICTED&TRUSTED&NOT_VPN] ] with score 60
2026-06-04 20:47:17.989  ٢٠٥٧-٢٠٥٧  PhoneSwitc...stListener com.android.phone                    D  got request NetworkRequest [ TRACK_DEFAULT id=17708, [ Capabilities: INTERNET&NOT_RESTRICTED&TRUSTED&NOT_VPN] ] with score 60
2026-06-04 20:47:17.989 ٢٤٠٥٣-٢٤٠٩١ WM-NetworkStateTracker  com.whatsapp                         D  Unregistering network callback
2026-06-04 20:47:17.989 ٢٤٠٥٣-٢٤١٠٠ WM-NetworkStateTracker  com.whatsapp                         D  Network capabilities changed: [ Transports: WIFI Capabilities: NOT_METERED&INTERNET&NOT_RESTRICTED&TRUSTED&NOT_VPN&VALIDATED&FOREGROUND LinkUpBandwidth>=1048576Kbps LinkDnBandwidth>=1048576Kbps SignalStrength: -55]
2026-06-04 20:47:17.990  ٢٠٥٧-٢٠٥٧  QtiRilInterface         com.android.phone                    E  instance = com.qualcomm.qti.internal.telephony.QtiRilInterface@2b8626a
2026-06-04 20:47:17.990  ١٥٦٨-١٨٤٣  ConnectivityService     system_server                        D  releasing NetworkRequest [ TRACK_DEFAULT id=17708, [ Capabilities: INTERNET&NOT_RESTRICTED&TRUSTED&NOT_VPN] ] (CALLBACK_RELEASED)
2026-06-04 20:47:17.993  ٢٠٥٧-٢٠٥٧  QC_RIL_OEM_HOOK         com.android.phone                    D  dds phoneId: 0
2026-06-04 20:47:17.993  ٢١٦٤-٢١٦٤  QcrilMsgTu...aceManager com.qualcomm.qcrilmsgtunnel          D  handleMessage what = 1
2026-06-04 20:47:17.994  ٢١٦٤-٢١٦٤  QcrilOemhookMsgTunnel   com.qualcomm.qcrilmsgtunnel          I  [0]invokeOemRilRequestRaw: serial=55452 length=20
2026-06-04 20:47:17.995  ٢١٦٤-٢١٩٦  QcrilOemhookMsgTunnel   com.qualcomm.qcrilmsgtunnel          I  [0]processOemHookResponse serial no: 55452 error: 0length=0
2026-06-04 20:47:17.995  ٢١٦٤-٢١٦٤  QcrilMsgTu...aceManager com.qualcomm.qcrilmsgtunnel          D  handleMessage what = 2
2026-06-04 20:47:17.995  ٢٠٥٧-٢٠٥٧  QC_RIL_OEM_HOOK         com.android.phone                    D  sendOemRilRequestRaw returns value = 0
2026-06-04 20:47:17.996  ٢٠٥٧-٢٠٥٧  QC_RIL_OEM_HOOK         com.android.phone                    D  dds phoneId: 0
2026-06-04 20:47:17.996  ٢١٦٤-٢١٦٤  QcrilMsgTu...aceManager com.qualcomm.qcrilmsgtunnel          D  handleMessage what = 1
2026-06-04 20:47:17.997  ٢١٦٤-٢١٩٦  QcrilOemhookMsgTunnel   com.qualcomm.qcrilmsgtunnel          I  [0]processOemHookIndication length=28
2026-06-04 20:47:17.997  ٢١٦٤-٢١٦٤  QcrilOemhookMsgTunnel   com.qualcomm.qcrilmsgtunnel          I  [1]invokeOemRilRequestRaw: serial=55453 length=20
2026-06-04 20:47:17.997  ٢١٦٤-٢١٦٤  QcrilMsgTu...aceManager com.qualcomm.qcrilmsgtunnel          D  handleMessage what = 0
2026-06-04 20:47:17.997  ٢١٦٤-٢١٩٦  QcrilOemhookMsgTunnel   com.qualcomm.qcrilmsgtunnel          I  [1]processOemHookResponse serial no: 55453 error: 0length=0
2026-06-04 20:47:17.998  ٢٠٣١-٢٠٣١  QC_RIL_OEM_HOOK         com.qualcomm.qti.telephonyservice    D  Received Broadcast Intent ACTION_UNSOL_RESPONSE_OEM_HOOK_RAW
2026-06-04 20:47:17.998  ٢١٦٤-٢١٦٤  QcrilMsgTu...aceManager com.qualcomm.qcrilmsgtunnel          D  handleMessage what = 2
2026-06-04 20:47:17.998  ٢٠٣١-٢٠٣١  QC_RIL_OEM_HOOK         com.qualcomm.qti.telephonyservice    D  Oem ID in QCRILHOOK UNSOL RESP is QOEMHOOK
2026-06-04 20:47:17.998  ٢٠٥٧-٢٠٥٧  QC_RIL_OEM_HOOK         com.android.phone                    D  sendOemRilRequestRaw returns value = 0
2026-06-04 20:47:17.999  ٢٠٥٧-٢٠٥٧  QC_RIL_OEM_HOOK         com.android.phone                    D  Received Broadcast Intent ACTION_UNSOL_RESPONSE_OEM_HOOK_RAW
2026-06-04 20:47:17.999  ٢١٦٤-٢١٩٦  QcrilOemhookMsgTunnel   com.qualcomm.qcrilmsgtunnel          I  [1]processOemHookIndication length=28
2026-06-04 20:47:17.999  ٢٠٥٧-٢٠٥٧  QC_RIL_OEM_HOOK         com.android.phone                    D  Oem ID in QCRILHOOK UNSOL RESP is QOEMHOOK
2026-06-04 20:47:17.999  ٢٠٥٧-٢٠٥٧  QC_RIL_OEM_HOOK         com.android.phone                    D  Received Broadcast Intent ACTION_UNSOL_RESPONSE_OEM_HOOK_RAW
2026-06-04 20:47:17.999  ٢٠٥٧-٢٠٥٧  QC_RIL_OEM_HOOK         com.android.phone                    D  Oem ID in QCRILHOOK UNSOL RESP is QOEMHOOK
2026-06-04 20:47:17.999  ٢١٦٤-٢١٦٤  QcrilMsgTu...aceManager com.qualcomm.qcrilmsgtunnel          D  handleMessage what = 0
2026-06-04 20:47:17.999  ٢٠٥٧-٢٠٥٧  QtiRilInterface         com.android.phone                    E  instance = com.qualcomm.qti.internal.telephony.QtiRilInterface@2b8626a
2026-06-04 20:47:17.999 ٢٤٠٥٣-٢٤٠٩١ WM-WorkerWrapper        com.whatsapp                         I  Worker result SUCCESS for Work [ id=a834e075-8e50-4ec8-a606-b4733a526d70, tags={ com.whatsapp.ui.wds.metrics.logging.network.HierarchyUploadScheduler$HierarchyUploadWorker } ]
2026-06-04 20:47:18.000  ٢٠٣١-٢٠٣١  QC_RIL_OEM_HOOK         com.qualcomm.qti.telephonyservice    D  Received Broadcast Intent ACTION_UNSOL_RESPONSE_OEM_HOOK_RAW
2026-06-04 20:47:18.000  ٢٠٣١-٢٠٣١  QC_RIL_OEM_HOOK         com.qualcomm.qti.telephonyservice    D  Oem ID in QCRILHOOK UNSOL RESP is QOEMHOOK
2026-06-04 20:47:18.002  ٢٠٥٧-٢٠٥٧  QC_RIL_OEM_HOOK         com.android.phone                    D  dds phoneId: 0
2026-06-04 20:47:18.003  ٢١٦٤-٢١٦٤  QcrilMsgTu...aceManager com.qualcomm.qcrilmsgtunnel          D  handleMessage what = 1
2026-06-04 20:47:18.003  ٢١٦٤-٢١٦٤  QcrilOemhookMsgTunnel   com.qualcomm.qcrilmsgtunnel          I  [0]invokeOemRilRequestRaw: serial=55454 length=20
2026-06-04 20:47:18.004  ٢١٦٤-٢١٩٦  QcrilOemhookMsgTunnel   com.qualcomm.qcrilmsgtunnel          I  [0]processOemHookResponse serial no: 55454 error: 0length=0
2026-06-04 20:47:18.004  ٢١٦٤-٢١٦٤  QcrilMsgTu...aceManager com.qualcomm.qcrilmsgtunnel          D  handleMessage what = 2
2026-06-04 20:47:18.005  ٢٠٥٧-٢٠٥٧  QC_RIL_OEM_HOOK         com.android.phone                    D  sendOemRilRequestRaw returns value = 0
2026-06-04 20:47:18.005  ٢٠٥٧-٢٠٥٧  QC_RIL_OEM_HOOK         com.android.phone                    D  dds phoneId: 0
2026-06-04 20:47:18.005  ٢١٦٤-٢١٦٤  QcrilMsgTu...aceManager com.qualcomm.qcrilmsgtunnel          D  handleMessage what = 1
2026-06-04 20:47:18.006  ٢١٦٤-٢١٦٤  QcrilOemhookMsgTunnel   com.qualcomm.qcrilmsgtunnel          I  [1]invokeOemRilRequestRaw: serial=55455 length=20
2026-06-04 20:47:18.006  ٢١٦٤-٢١٩٦  QcrilOemhookMsgTunnel   com.qualcomm.qcrilmsgtunnel          I  [0]processOemHookIndication length=28
2026-06-04 20:47:18.006  ٢١٦٤-٢١٦٤  QcrilMsgTu...aceManager com.qualcomm.qcrilmsgtunnel          D  handleMessage what = 0
2026-06-04 20:47:18.007  ٢١٦٤-٢١٩٦  QcrilOemhookMsgTunnel   com.qualcomm.qcrilmsgtunnel          I  [1]processOemHookResponse serial no: 55455 error: 0length=0
2026-06-04 20:47:18.007  ٢١٦٤-٢١٦٤  QcrilMsgTu...aceManager com.qualcomm.qcrilmsgtunnel          D  handleMessage what = 2
2026-06-04 20:47:18.007  ٢٠٣١-٢٠٣١  QC_RIL_OEM_HOOK         com.qualcomm.qti.telephonyservice    D  Received Broadcast Intent ACTION_UNSOL_RESPONSE_OEM_HOOK_RAW
2026-06-04 20:47:18.007  ٢٠٣١-٢٠٣١  QC_RIL_OEM_HOOK         com.qualcomm.qti.telephonyservice    D  Oem ID in QCRILHOOK UNSOL RESP is QOEMHOOK
2026-06-04 20:47:18.007  ٢٠٥٧-٢٠٥٧  QC_RIL_OEM_HOOK         com.android.phone                    D  sendOemRilRequestRaw returns value = 0
2026-06-04 20:47:18.008  ٢٠٥٧-٢٠٥٧  QC_RIL_OEM_HOOK         com.android.phone                    D  Received Broadcast Intent ACTION_UNSOL_RESPONSE_OEM_HOOK_RAW
2026-06-04 20:47:18.008  ٢٠٥٧-٢٠٥٧  QC_RIL_OEM_HOOK         com.android.phone                    D  Oem ID in QCRILHOOK UNSOL RESP is QOEMHOOK
2026-06-04 20:47:18.008  ٢٠٥٧-٢٠٥٧  QC_RIL_OEM_HOOK         com.android.phone                    D  Received Broadcast Intent ACTION_UNSOL_RESPONSE_OEM_HOOK_RAW
2026-06-04 20:47:18.008  ٢٠٥٧-٢٠٥٧  QC_RIL_OEM_HOOK         com.android.phone                    D  Oem ID in QCRILHOOK UNSOL RESP is QOEMHOOK
2026-06-04 20:47:18.008  ٢٠٥٧-٢٠٥٧  QC_RIL_OEM_HOOK         com.android.phone                    D  Received Broadcast Intent ACTION_UNSOL_RESPONSE_OEM_HOOK_RAW
2026-06-04 20:47:18.008  ٢٠٥٧-٢٠٥٧  QC_RIL_OEM_HOOK         com.android.phone                    D  Oem ID in QCRILHOOK UNSOL RESP is QOEMHOOK
2026-06-04 20:47:18.008  ٢٠٥٧-٢٠٥٧  QC_RIL_OEM_HOOK         com.android.phone                    D  Received Broadcast Intent ACTION_UNSOL_RESPONSE_OEM_HOOK_RAW
2026-06-04 20:47:18.008  ٢٠٥٧-٢٠٥٧  QC_RIL_OEM_HOOK         com.android.phone                    D  Oem ID in QCRILHOOK UNSOL RESP is QOEMHOOK
2026-06-04 20:47:18.009  ٢١٦٤-٢١٩٦  QcrilOemhookMsgTunnel   com.qualcomm.qcrilmsgtunnel          I  [1]processOemHookIndication length=28
2026-06-04 20:47:18.009  ٢١٦٤-٢١٦٤  QcrilMsgTu...aceManager com.qualcomm.qcrilmsgtunnel          D  handleMessage what = 0
2026-06-04 20:47:18.010  ٢٠٥٧-٢٠٥٧  QC_RIL_OEM_HOOK         com.android.phone                    D  Received Broadcast Intent ACTION_UNSOL_RESPONSE_OEM_HOOK_RAW
2026-06-04 20:47:18.010  ٢٠٥٧-٢٠٥٧  QC_RIL_OEM_HOOK         com.android.phone                    D  Oem ID in QCRILHOOK UNSOL RESP is QOEMHOOK
2026-06-04 20:47:18.010  ٢٠٥٧-٢٠٥٧  QC_RIL_OEM_HOOK         com.android.phone                    D  Received Broadcast Intent ACTION_UNSOL_RESPONSE_OEM_HOOK_RAW
2026-06-04 20:47:18.010  ٢٠٥٧-٢٠٥٧  QC_RIL_OEM_HOOK         com.android.phone                    D  Oem ID in QCRILHOOK UNSOL RESP is QOEMHOOK
2026-06-04 20:47:18.011  ٢٠٣١-٢٠٣١  QC_RIL_OEM_HOOK         com.qualcomm.qti.telephonyservice    D  Received Broadcast Intent ACTION_UNSOL_RESPONSE_OEM_HOOK_RAW
2026-06-04 20:47:18.011  ٢٠٣١-٢٠٣١  QC_RIL_OEM_HOOK         com.qualcomm.qti.telephonyservice    D  Oem ID in QCRILHOOK UNSOL RESP is QOEMHOOK
2026-06-04 20:47:18.011 ٢٤٠٥٣-٢٤٠٥٣ WM-Processor            com.whatsapp                         D  D6H a834e075-8e50-4ec8-a606-b4733a526d70 executed; reschedule = false
2026-06-04 20:47:18.024 ٢٤٠٥٣-٢٤٠٩١ WM-GreedyScheduler      com.whatsapp                         D  Cancelling work ID a834e075-8e50-4ec8-a606-b4733a526d70
2026-06-04 20:47:18.024  ١٥٦٨-١٦٥٣  BroadcastQueue          system_server                        W  Background execution not allowed: receiving Intent { act=android.intent.action.DROPBOX_ENTRY_ADDED flg=0x10 (has extras) } to com.google.android.gms/.stats.service.DropBoxEntryAddedReceiver
2026-06-04 20:47:18.029 ٢٤٠٥٣-٢٤٠٩٦ msys                    com.whatsapp                         E  E[N mns:TigonMNS]MNSHTTPClientCreateWithThreadName(265)=>AESCE: MBEDTLS_AESCE_C is NOT enabled.
2026-06-04 20:47:18.039 ٢٤٠٥٣-٢٤٠٩١ WM-PackageManagerHelper com.whatsapp                         D  Skipping component enablement for androidx.work.impl.background.systemalarm.RescheduleReceiver
2026-06-04 20:47:18.050 ٢٤٠٥٣-٢٤٠٩٦ SoLoader                com.whatsapp                         W  SoLoader already initialized
2026-06-04 20:47:18.054 ٢٤٠٥٣-٢٤٠٩٦ linker                  com.whatsapp                         W  "/data/data/com.whatsapp/files/decompressed/libs.spo/libfbsocketthreadlocalscope.so" unused DT entry: type 0x70000001 arg 0x0
2026-06-04 20:47:18.055 ٢٤٠٥٣-٢٤٠٩٦ linker                  com.whatsapp                         W  "/data/data/com.whatsapp/files/decompressed/libs.spo/libfb_sqlite_3500300.so" unused DT entry: type 0x70000001 arg 0x0
2026-06-04 20:47:18.062 ٢٤٠٥٣-٢٤٠٩٦ EndToEnd-Test           com.whatsapp                         W  Cannot find E2E config file `/data/user/0/com.whatsapp/files/config.json`.
2026-06-04 20:47:18.123 ٢٤٠٥٣-٢٤٠٨٤ System.out              com.whatsapp                         I  Error inflating SSL session: error:100000a0:SSL routines:OPENSSL_internal:INVALID_SSL_SESSION
2026-06-04 20:47:18.125 ٢٤٠٥٣-٢٤٠٨٤ chatty                  com.whatsapp                         I  uid=10111(u0_a111) WhatsApp Worker identical 2 lines
2026-06-04 20:47:18.131 ٢٤٠٥٣-٢٤٠٨٤ System.out              com.whatsapp                         I  Error inflating SSL session: error:100000a0:SSL routines:OPENSSL_internal:INVALID_SSL_SESSION
2026-06-04 20:47:18.157 ٢٤٠٥٣-٢٤٠٨٧ PlayCore                com.whatsapp                         I  UID: [10111]  PID: [24053] SplitInstallListenerRegistry : registerListener
2026-06-04 20:47:18.193 ٢٤٠٥٣-٢٤١١١ msys                    com.whatsapp                         E  E[N mns:TigonMNS]_OnResolverSuccess(318)=>Cache refresh succeeded with system DNS resolver. IP count: 1
2026-06-04 20:47:18.264 ٢٤٠٥٣-٢٤١١٩ msys                    com.whatsapp                         E  E[ADNSUCTIMH WAJMNSRuntime]WAJContextInitMNSRuntime(446)=>[LogLevel:I] Secondary DNS resolver enabled
2026-06-04 20:47:18.270 ٢٤٠٥٣-٢٤١١٩ msys                    com.whatsapp                         E  E[N WA]_WAJMNSStreamImplMNSTCPStreamCreate(361)=>[LogLevel:I] WAJMNSStream/impl/tcpStreamCreate/MNSStreamRaw/p=0x7d6ffff080
2026-06-04 20:47:18.270 ٢٤٠٥٣-٢٤١١٩ msys                    com.whatsapp                         E  E[N WA]WAJMNSStreamImplCreate(421)=>[LogLevel:I] WAJMNSStream/impl/create/p=0x7d6ffff080 (mnsConn=0x7d753a0a00)
2026-06-04 20:47:18.271 ٢٤٠٥٣-٢٤١١٩ msys                    com.whatsapp                         E  E[N WA]_WAJMNSStreamCreateMnsIpsFromIpAddressStrings(87)=>[LogLevel:I] no ip addresses provided, using DNS resolution
2026-06-04 20:47:18.271 ٢٤٠٥٣-٢٤١١٩ msys                    com.whatsapp                         E  E[N WA]WAJMNSStreamImplConnect(450)=>[LogLevel:I] WAJMNSStream/impl/connect/p=0x7d6ffff080 (endpoint=g.whatsapp.net:5222)(ipAddressCount=0)
2026-06-04 20:47:18.271 ٢٤٠٥٣-٢٤١١٩ msys                    com.whatsapp                         E  E[N WA]_WAJMNSStreamImplUpdateStreamState(230)=>[LogLevel:I] WAJMNSStream/impl/state-changed/p=0x7d6ffff080 (initial=>connecting)
2026-06-04 20:47:18.282 ٢٤٠٥٣-٢٤١٣٧ msys                    com.whatsapp                         E  E[N mns]_OnResolverSuccess(318)=>Cache refresh succeeded with system DNS resolver. IP count: 1
2026-06-04 20:47:18.330 ٢٤٠٤٨-٢٤٠٤٨ Sensors                 sensors.qcom                         E  sns_debug_mr.c(366):Sensors DIAG Init: Waiting for diag service timed out
2026-06-04 20:47:18.330 ٢٤٠٤٨-٢٤٠٤٨ Sensors                 sensors.qcom                         E  sns_debug_main.c(488):Sensors DIAG init: Can't register with debug
2026-06-04 20:47:18.330 ٢٤٠٤٨-٢٤٠٤٨ Sensors                 sensors.qcom                         E  sns_init_la.c(165):Error 5 initializing sns_debug_test_init2
2026-06-04 20:47:18.336 ٢٤٠٥٣-٢٤١٣٧ msys                    com.whatsapp                         E  E[N WA]_WAJMNSStreamImplOnMNSReady(259)=>[LogLevel:I] WAJMNSStream/impl/callback/onMNSReady/p=0x7d6ffff080
2026-06-04 20:47:18.336 ٢٤٠٥٣-٢٤١٣٧ msys                    com.whatsapp                         E  E[N WA]_WAJMNSStreamImplCreateConnectionReport(194)=>[LogLevel:I] WAJMNSStream/impl/report port=5222, connectedIPVersion=4, resolvedIPAddressCount=1, dnsResolutionStartTimeMS=409015788, dnsResolutionEndTimeMS=409015789, dnsCacheHit=Yes, connectStartTimeMS=409015789, connectEndTimeMS=409015852, proxyConnectStartTimeMS=0, proxyConnectEndTimeMS=0
2026-06-04 20:47:18.336 ٢٤٠٥٣-٢٤١٣٧ msys                    com.whatsapp                         E  E[N WA]_WAJMNSStreamImplUpdateStreamState(230)=>[LogLevel:I] WAJMNSStream/impl/state-changed/p=0x7d6ffff080 (connecting=>connected)
2026-06-04 20:47:18.352 ٢٤٠٥٣-٢٤٠٥٨ zygote64                com.whatsapp                         I  Compiler allocated 20MB to compile boolean X.0Bn.A07(android.os.StrictMode$ThreadPolicy, java.lang.String, java.lang.String, java.lang.String, int)
2026-06-04 20:47:18.399 ٢٤٠٥٣-٢٤٠٥٨ zygote64                com.whatsapp                         I  Do partial code cache collection, code=134KB, data=252KB
2026-06-04 20:47:18.400 ٢٤٠٥٣-٢٤٠٥٨ zygote64                com.whatsapp                         I  After code cache collection, code=108KB, data=244KB
2026-06-04 20:47:18.400 ٢٤٠٥٣-٢٤٠٥٨ zygote64                com.whatsapp                         I  Increasing code cache capacity to 1024KB
2026-06-04 20:47:18.506 ٢٤٠٥٣-٢٤٠٥٨ zygote64                com.whatsapp                         I  Compiler allocated 5MB to compile java.lang.Object X.Itz.invoke(java.lang.Object)
2026-06-04 20:47:18.577 ٢٤٠٥٣-٢٤٠٥٨ zygote64                com.whatsapp                         I  Compiler allocated 8MB to compile void X.1UD.<init>(X.0Zb)
2026-06-04 20:47:18.662  ١٥٦٨-٧٠٠٩  ActivityManager         system_server                        W  Background start not allowed: service Intent { act=com.whatsapp.messageservice.messaging.MessageService.START cmp=com.whatsapp/.messageservice.messaging.MessageService } to com.whatsapp/.messageservice.messaging.MessageService from pid=24053 uid=10111 pkg=com.whatsapp
2026-06-04 20:47:19.012  ١٨٨٧-١٨٨٧  KeyguardUpdateMonitor   com.android.systemui                 D  received broadcast android.intent.action.BATTERY_CHANGED
2026-06-04 20:47:19.015  ١٨٨٧-١٨٨٧  BatteryMeterView        com.android.systemui                 D  onBatteryLevelChanged: mLevel=90, mPluggedIn=true, mCharging=true, mShowPerc=true
2026-06-04 20:47:19.017  ١٨٨٧-١٨٨٧  BatteryMeterView        com.android.systemui                 D  onBatteryLevelChanged: mLevel=90, mPluggedIn=true, mCharging=true, mShowPerc=true
2026-06-04 20:47:19.019  ١٨٨٧-١٨٨٧  BatteryViews            com.android.systemui                 D  onBatteryLevelChanged: mLevel=90, mPluggedIn=true, mCharging=true, mShowPerc=true
2026-06-04 20:47:19.020  ١٨٨٧-١٨٨٧  BatteryMeterView        com.android.systemui                 D  onBatteryLevelChanged: mLevel=90, mPluggedIn=true, mCharging=true, mShowPerc=true
2026-06-04 20:47:19.021  ١٨٨٧-١٨٨٧  BatteryMeterView        com.android.systemui                 D  onBatteryLevelChanged: mLevel=90, mPluggedIn=true, mCharging=true, mShowPerc=true
2026-06-04 20:47:19.022  ١٨٨٧-١٨٨٧  jxt                     com.android.systemui                 I  onBatteryLevelChanged isModCharging=false,mModLevel=-1,mModPlugType=2,charging=true,pluggedIn=true
2026-06-04 20:47:19.024  ١٨٨٧-١٨٨٧  BatteryStatusView       com.android.systemui                 D  refreshViews: intent=#Intent;action=android.intent.action.BATTERY_CHANGED;launchFlags=0x60000010;S.technology=Li-ion;i.icon-small=17303324;i.max_charging_voltage=5000000;i.health=2;i.max_charging_current=500000;i.status=2;i.plugged=2;B.present=true;i.seq=108151;i.charge_counter=2396948;i.level=90;i.scale=100;i.temperature=307;i.voltage=4403;i.invalid_charger=0;end
2026-06-04 20:47:19.024  ١٨٨٧-١٨٨٧  BatteryStatusView       com.android.systemui                 D  refreshViews: mModLevel=-1, mModCharging=false, mLevel=90, mPluggedIn=true, mCharging=true
2026-06-04 20:47:19.024  ١٨٨٧-١٨٨٧  KeyguardUpdateMonitor   com.android.systemui                 D  handleBatteryUpdate
2026-06-04 20:47:19.840  ١٥٦٨-٧٠٠٩  BluetoothManagerService system_server                        D  Trying to bind to profile: 1, while Bluetooth was disabled
2026-06-04 20:47:19.923 ٢٤٠٥٣-٢٤٠٨٣ zygote64                com.whatsapp                         I  Deoptimizing java.lang.Object com.facebook.inject.Ultralight.A04(android.content.Context, X.05t, int) due to JIT inline cache
2026-06-04 20:47:19.923 ٢٤٠٥٣-٢٤٠٨٣ zygote64                com.whatsapp                         I  Deoptimizing java.lang.Object X.08H.next() due to JIT inline cache
2026-06-04 20:47:20.069 ٢٤٠٥٣-٢٤٠٨٣ ResourceType            com.whatsapp                         W  For resource 0x7f071065, entry index(4197) is beyond type entryCount(1169)
2026-06-04 20:47:20.069 ٢٤٠٥٣-٢٤٠٨٣ ResourceType            com.whatsapp                         W  For resource 0x7f071062, entry index(4194) is beyond type entryCount(1169)
2026-06-04 20:47:20.069 ٢٤٠٥٣-٢٤٠٨٣ ResourceType            com.whatsapp                         W  For resource 0x7f071083, entry index(4227) is beyond type entryCount(1169)
2026-06-04 20:47:20.069 ٢٤٠٥٣-٢٤٠٨٣ ResourceType            com.whatsapp                         W  For resource 0x7f071063, entry index(4195) is beyond type entryCount(1169)
2026-06-04 20:47:20.069 ٢٤٠٥٣-٢٤٠٨٣ ResourceType            com.whatsapp                         W  For resource 0x7f071064, entry index(4196) is beyond type entryCount(1169)
2026-06-04 20:47:20.070 ٢٤٠٥٣-٢٤٠٨٣ ResourceType            com.whatsapp                         W  For resource 0x7f07106b, entry index(4203) is beyond type entryCount(1169)
2026-06-04 20:47:20.070 ٢٤٠٥٣-٢٤٠٨٣ ResourceType            com.whatsapp                         W  For resource 0x7f071068, entry index(4200) is beyond type entryCount(1169)
2026-06-04 20:47:20.070 ٢٤٠٥٣-٢٤٠٨٣ ResourceType            com.whatsapp                         W  For resource 0x7f071083, entry index(4227) is beyond type entryCount(1169)
2026-06-04 20:47:20.070 ٢٤٠٥٣-٢٤٠٨٣ ResourceType            com.whatsapp                         W  For resource 0x7f071069, entry index(4201) is beyond type entryCount(1169)
2026-06-04 20:47:20.070 ٢٤٠٥٣-٢٤٠٨٣ ResourceType            com.whatsapp                         W  For resource 0x7f07106a, entry index(4202) is beyond type entryCount(1169)
2026-06-04 20:47:20.070 ٢٤٠٥٣-٢٤٠٨٣ ResourceType            com.whatsapp                         W  For resource 0x7f071071, entry index(4209) is beyond type entryCount(1169)
2026-06-04 20:47:20.070 ٢٤٠٥٣-٢٤٠٨٣ ResourceType            com.whatsapp                         W  For resource 0x7f07106e, entry index(4206) is beyond type entryCount(1169)
2026-06-04 20:47:20.070 ٢٤٠٥٣-٢٤٠٨٣ ResourceType            com.whatsapp                         W  For resource 0x7f071083, entry index(4227) is beyond type entryCount(1169)
2026-06-04 20:47:20.070 ٢٤٠٥٣-٢٤٠٨٣ ResourceType            com.whatsapp                         W  For resource 0x7f07106f, entry index(4207) is beyond type entryCount(1169)
2026-06-04 20:47:20.070 ٢٤٠٥٣-٢٤٠٨٣ ResourceType            com.whatsapp                         W  For resource 0x7f071070, entry index(4208) is beyond type entryCount(1169)
2026-06-04 20:47:20.070 ٢٤٠٥٣-٢٤٠٨٣ ResourceType            com.whatsapp                         W  For resource 0x7f071065, entry index(4197) is beyond type entryCount(1169)
2026-06-04 20:47:20.070 ٢٤٠٥٣-٢٤٠٨٣ ResourceType            com.whatsapp                         W  For resource 0x7f071060, entry index(4192) is beyond type entryCount(1169)
2026-06-04 20:47:20.070 ٢٤٠٥٣-٢٤٠٨٣ ResourceType            com.whatsapp                         W  For resource 0x7f071082, entry index(4226) is beyond type entryCount(1169)
2026-06-04 20:47:20.070 ٢٤٠٥٣-٢٤٠٨٣ ResourceType            com.whatsapp                         W  For resource 0x7f071061, entry index(4193) is beyond type entryCount(1169)
2026-06-04 20:47:20.070 ٢٤٠٥٣-٢٤٠٨٣ ResourceType            com.whatsapp                         W  For resource 0x7f071064, entry index(4196) is beyond type entryCount(1169)
2026-06-04 20:47:20.070 ٢٤٠٥٣-٢٤٠٨٣ ResourceType            com.whatsapp                         W  For resource 0x7f07106b, entry index(4203) is beyond type entryCount(1169)
2026-06-04 20:47:20.070 ٢٤٠٥٣-٢٤٠٨٣ ResourceType            com.whatsapp                         W  For resource 0x7f071066, entry index(4198) is beyond type entryCount(1169)
2026-06-04 20:47:20.070 ٢٤٠٥٣-٢٤٠٨٣ ResourceType            com.whatsapp                         W  For resource 0x7f071082, entry index(4226) is beyond type entryCount(1169)
2026-06-04 20:47:20.070 ٢٤٠٥٣-٢٤٠٨٣ ResourceType            com.whatsapp                         W  For resource 0x7f071067, entry index(4199) is beyond type entryCount(1169)
2026-06-04 20:47:20.070 ٢٤٠٥٣-٢٤٠٨٣ ResourceType            com.whatsapp                         W  For resource 0x7f07106a, entry index(4202) is beyond type entryCount(1169)
2026-06-04 20:47:20.070 ٢٤٠٥٣-٢٤٠٨٣ ResourceType            com.whatsapp                         W  For resource 0x7f071071, entry index(4209) is beyond type entryCount(1169)
2026-06-04 20:47:20.070 ٢٤٠٥٣-٢٤٠٨٣ ResourceType            com.whatsapp                         W  For resource 0x7f07106c, entry index(4204) is beyond type entryCount(1169)
2026-06-04 20:47:20.070 ٢٤٠٥٣-٢٤٠٨٣ ResourceType            com.whatsapp                         W  For resource 0x7f071082, entry index(4226) is beyond type entryCount(1169)
2026-06-04 20:47:20.070 ٢٤٠٥٣-٢٤٠٨٣ ResourceType            com.whatsapp                         W  For resource 0x7f07106d, entry index(4205) is beyond type entryCount(1169)
2026-06-04 20:47:20.070 ٢٤٠٥٣-٢٤٠٨٣ ResourceType            com.whatsapp                         W  For resource 0x7f071070, entry index(4208) is beyond type entryCount(1169)
2026-06-04 20:47:20.070 ٢٤٠٥٣-٢٤٠٨٣ ResourceType            com.whatsapp                         W  For resource 0x7f071065, entry index(4197) is beyond type entryCount(1169)
2026-06-04 20:47:20.070 ٢٤٠٥٣-٢٤٠٨٣ ResourceType            com.whatsapp                         W  For resource 0x7f071062, entry index(4194) is beyond type entryCount(1169)
2026-06-04 20:47:20.070 ٢٤٠٥٣-٢٤٠٨٣ ResourceType            com.whatsapp                         W  For resource 0x7f071083, entry index(4227) is beyond type entryCount(1169)
2026-06-04 20:47:20.071 ٢٤٠٥٣-٢٤٠٨٣ ResourceType            com.whatsapp                         W  For resource 0x7f07106b, entry index(4203) is beyond type entryCount(1169)
2026-06-04 20:47:20.071 ٢٤٠٥٣-٢٤٠٨٣ ResourceType            com.whatsapp                         W  For resource 0x7f071068, entry index(4200) is beyond type entryCount(1169)
2026-06-04 20:47:20.071 ٢٤٠٥٣-٢٤٠٨٣ ResourceType            com.whatsapp                         W  For resource 0x7f071083, entry index(4227) is beyond type entryCount(1169)
2026-06-04 20:47:20.071 ٢٤٠٥٣-٢٤٠٨٣ ResourceType            com.whatsapp                         W  For resource 0x7f071071, entry index(4209) is beyond type entryCount(1169)
2026-06-04 20:47:20.071 ٢٤٠٥٣-٢٤٠٨٣ ResourceType            com.whatsapp                         W  For resource 0x7f07106e, entry index(4206) is beyond type entryCount(1169)
2026-06-04 20:47:20.071 ٢٤٠٥٣-٢٤٠٨٣ ResourceType            com.whatsapp                         W  For resource 0x7f071083, entry index(4227) is beyond type entryCount(1169)
2026-06-04 20:47:20.071 ٢٤٠٥٣-٢٤٠٨٣ ResourceType            com.whatsapp                         W  For resource 0x7f071065, entry index(4197) is beyond type entryCount(1169)
2026-06-04 20:47:20.071 ٢٤٠٥٣-٢٤٠٨٣ ResourceType            com.whatsapp                         W  For resource 0x7f071060, entry index(4192) is beyond type entryCount(1169)
2026-06-04 20:47:20.071 ٢٤٠٥٣-٢٤٠٨٣ ResourceType            com.whatsapp                         W  For resource 0x7f071082, entry index(4226) is beyond type entryCount(1169)
2026-06-04 20:47:20.071 ٢٤٠٥٣-٢٤٠٨٣ ResourceType            com.whatsapp                         W  For resource 0x7f07106b, entry index(4203) is beyond type entryCount(1169)
2026-06-04 20:47:20.071 ٢٤٠٥٣-٢٤٠٨٣ ResourceType            com.whatsapp                         W  For resource 0x7f071066, entry index(4198) is beyond type entryCount(1169)
2026-06-04 20:47:20.071 ٢٤٠٥٣-٢٤٠٨٣ ResourceType            com.whatsapp                         W  For resource 0x7f071082, entry index(4226) is beyond type entryCount(1169)
2026-06-04 20:47:20.071 ٢٤٠٥٣-٢٤٠٨٣ ResourceType            com.whatsapp                         W  For resource 0x7f071071, entry index(4209) is beyond type entryCount(1169)
2026-06-04 20:47:20.071 ٢٤٠٥٣-٢٤٠٨٣ ResourceType            com.whatsapp                         W  For resource 0x7f07106c, entry index(4204) is beyond type entryCount(1169)
2026-06-04 20:47:20.071 ٢٤٠٥٣-٢٤٠٨٣ ResourceType            com.whatsapp                         W  For resource 0x7f071082, entry index(4226) is beyond type entryCount(1169)
2026-06-04 20:47:20.071 ٢٤٠٥٣-٢٤٠٨٣ ResourceType            com.whatsapp                         W  For resource 0x7f071075, entry index(4213) is beyond type entryCount(1169)
2026-06-04 20:47:20.071 ٢٤٠٥٣-٢٤٠٨٣ ResourceType            com.whatsapp                         W  For resource 0x7f071072, entry index(4210) is beyond type entryCount(1169)
2026-06-04 20:47:20.071 ٢٤٠٥٣-٢٤٠٨٣ ResourceType            com.whatsapp                         W  For resource 0x7f071083, entry index(4227) is beyond type entryCount(1169)
2026-06-04 20:47:20.071 ٢٤٠٥٣-٢٤٠٨٣ ResourceType            com.whatsapp                         W  For resource 0x7f071073, entry index(4211) is beyond type entryCount(1169)
2026-06-04 20:47:20.071 ٢٤٠٥٣-٢٤٠٨٣ ResourceType            com.whatsapp                         W  For resource 0x7f07110b, entry index(4363) is beyond type entryCount(1169)
2026-06-04 20:47:20.071 ٢٤٠٥٣-٢٤٠٨٣ ResourceType            com.whatsapp                         W  For resource 0x7f071074, entry index(4212) is beyond type entryCount(1169)
2026-06-04 20:47:20.071 ٢٤٠٥٣-٢٤٠٨٣ ResourceType            com.whatsapp                         W  For resource 0x7f071079, entry index(4217) is beyond type entryCount(1169)
2026-06-04 20:47:20.071 ٢٤٠٥٣-٢٤٠٨٣ ResourceType            com.whatsapp                         W  For resource 0x7f071076, entry index(4214) is beyond type entryCount(1169)
2026-06-04 20:47:20.071 ٢٤٠٥٣-٢٤٠٨٣ ResourceType            com.whatsapp                         W  For resource 0x7f071083, entry index(4227) is beyond type entryCount(1169)
2026-06-04 20:47:20.071 ٢٤٠٥٣-٢٤٠٨٣ ResourceType            com.whatsapp                         W  For resource 0x7f071077, entry index(4215) is beyond type entryCount(1169)
2026-06-04 20:47:20.071 ٢٤٠٥٣-٢٤٠٨٣ ResourceType            com.whatsapp                         W  For resource 0x7f07110b, entry index(4363) is beyond type entryCount(1169)
2026-06-04 20:47:20.071 ٢٤٠٥٣-٢٤٠٨٣ ResourceType            com.whatsapp                         W  For resource 0x7f071078, entry index(4216) is beyond type entryCount(1169)
2026-06-04 20:47:20.071 ٢٤٠٥٣-٢٤٠٨٣ ResourceType            com.whatsapp                         W  For resource 0x7f07107d, entry index(4221) is beyond type entryCount(1169)
2026-06-04 20:47:20.071 ٢٤٠٥٣-٢٤٠٨٣ ResourceType            com.whatsapp                         W  For resource 0x7f07107a, entry index(4218) is beyond type entryCount(1169)
2026-06-04 20:47:20.071 ٢٤٠٥٣-٢٤٠٨٣ ResourceType            com.whatsapp                         W  For resource 0x7f071083, entry index(4227) is beyond type entryCount(1169)
2026-06-04 20:47:20.071 ٢٤٠٥٣-٢٤٠٨٣ ResourceType            com.whatsapp                         W  For resource 0x7f07107b, entry index(4219) is beyond type entryCount(1169)
2026-06-04 20:47:20.071 ٢٤٠٥٣-٢٤٠٨٣ ResourceType            com.whatsapp                         W  For resource 0x7f07110b, entry index(4363) is beyond type entryCount(1169)
2026-06-04 20:47:20.072 ٢٤٠٥٣-٢٤٠٨٣ ResourceType            com.whatsapp                         W  For resource 0x7f07107c, entry index(4220) is beyond type entryCount(1169)
