2026-06-04 20:51:47.687 ٢٤٤٤٣-٢٤٥٠١ zygote                  com.facebook.katana                  W  JNI RegisterNativeMethods: attempt to register 0 native methods for com.facebook.omnistore.OmnistoreCollectionFrontendHolder
2026-06-04 20:51:47.687 ٢٤٤٤٣-٢٤٤٤٨ zygote                  com.facebook.katana                  I  After code cache collection, code=88KB, data=75KB
2026-06-04 20:51:47.687 ٢٤٤٤٣-٢٤٤٤٨ zygote                  com.facebook.katana                  I  Increasing code cache capacity to 512KB
2026-06-04 20:51:47.891 ٢٤٤٤٣-٢٤٥٠١ zygote                  com.facebook.katana                  I  Deoptimizing java.util.LinkedHashSet X.0DE.A03(java.lang.Iterable, java.util.Set) due to JIT inline cache
2026-06-04 20:51:47.930 ٢٤٤٤٣-٢٤٥٦٩ Adreno                  com.facebook.katana                  I  QUALCOMM build                   : 368094a, I26dffed9a4
                                                                                                    Build Date                       : 12/03/17
                                                                                                    OpenGL ES Shader Compiler Version: EV031.22.00.01
                                                                                                    Local Branch                     : 
                                                                                                    Remote Branch                    : quic/gfx-adreno.lnx.1.9.r3-rel
                                                                                                    Remote Branch                    : NONE
                                                                                                    Reconstruct Branch               : NOTHING
2026-06-04 20:51:47.934 ٢٤٤٤٣-٢٤٥٦٩ Adreno                  com.facebook.katana                  I  PFP: 0x005ff087, ME: 0x005ff063
2026-06-04 20:51:47.948 ٢٤٤٤٣-٢٤٥٠١ fb4a.lacrima            com.facebook.katana                  W  FbErrorReportingConfig.postStartupInit
2026-06-04 20:51:47.977 ٢٤٤٤٣-٢٤٥٠٩ fb4a.MobileConfigInit   com.facebook.katana                  E  MobileConfigDebug: endToEndConfigLevelConsistencyTests
2026-06-04 20:51:48.001 ٢٤٤٤٣-٢٤٥٠١ fb4a.AppState           com.facebook.katana                  E  Returning default for firstRunInfo
2026-06-04 20:51:48.001 ٢٤٤٤٣-٢٤٥٠١ fb4a.AppState           com.facebook.katana                  E  Returning default for firstRunInfo
2026-06-04 20:51:48.045 ٢٤٤٤٣-٢٤٥٠٩ fb4a.Heliu...nceManager com.facebook.katana                  W  Helium will not be used, skipping IAB cookie store restore
2026-06-04 20:51:48.182  ١٥٦٨-٨٩٥٦  ConnectivityService     system_server                        D  ConnectivityService NetworkRequestInfo binderDied(NetworkRequest [ TRACK_DEFAULT id=17698, [ Capabilities: INTERNET&NOT_RESTRICTED&TRUSTED&NOT_VPN] ], android.os.BinderProxy@14dcb5b)
2026-06-04 20:51:48.182  ١٥٦٨-٧٠٠٩  ConnectivityService     system_server                        D  ConnectivityService NetworkRequestInfo binderDied(NetworkRequest [ TRACK_DEFAULT id=17697, [ Capabilities: INTERNET&NOT_RESTRICTED&TRUSTED&NOT_VPN] ], android.os.BinderProxy@8986a6a)
2026-06-04 20:51:48.182  ١٥٦٨-٨٩٥٥  ConnectivityService     system_server                        D  ConnectivityService NetworkRequestInfo binderDied(NetworkRequest [ TRACK_DEFAULT id=17700, [ Capabilities: INTERNET&NOT_RESTRICTED&TRUSTED&NOT_VPN] ], android.os.BinderProxy@5777ff8)
2026-06-04 20:51:48.182  ١٥٦٨-٧٩٧٠  ConnectivityService     system_server                        D  ConnectivityService NetworkRequestInfo binderDied(NetworkRequest [ TRACK_DEFAULT id=17699, [ Capabilities: INTERNET&NOT_RESTRICTED&TRUSTED&NOT_VPN] ], android.os.BinderProxy@eaf3cd1)
2026-06-04 20:51:48.182  ١٥٦٨-٨٩٥٠  ActivityManager         system_server                        I  Process com.facebook.orca (pid 23091) has died: cch+6CEM 
2026-06-04 20:51:48.182  ١٥٦٨-١٨٤٣  ConnectivityService     system_server                        D  releasing NetworkRequest [ TRACK_DEFAULT id=17697, [ Capabilities: INTERNET&NOT_RESTRICTED&TRUSTED&NOT_VPN] ] (CALLBACK_RELEASED)
2026-06-04 20:51:48.183  ١٥٦٨-١٨٤٣  ConnectivityService     system_server                        E  RemoteException caught trying to send a callback msg for NetworkRequest [ TRACK_DEFAULT id=17697, [ Capabilities: INTERNET&NOT_RESTRICTED&TRUSTED&NOT_VPN] ]
2026-06-04 20:51:48.183  ١٥٦٨-١٨٤٣  ConnectivityService     system_server                        D  releasing NetworkRequest [ TRACK_DEFAULT id=17700, [ Capabilities: INTERNET&NOT_RESTRICTED&TRUSTED&NOT_VPN] ] (CALLBACK_RELEASED)
2026-06-04 20:51:48.184  ٢٠٥٧-٢٠٥٧  QtiRilInterface         com.android.phone                    E  instance = com.qualcomm.qti.internal.telephony.QtiRilInterface@2b8626a
2026-06-04 20:51:48.184  ١٥٦٨-١٨٤٣  ConnectivityService     system_server                        E  RemoteException caught trying to send a callback msg for NetworkRequest [ TRACK_DEFAULT id=17700, [ Capabilities: INTERNET&NOT_RESTRICTED&TRUSTED&NOT_VPN] ]
2026-06-04 20:51:48.184  ١٥٦٨-١٨٤٣  ConnectivityService     system_server                        D  releasing NetworkRequest [ TRACK_DEFAULT id=17699, [ Capabilities: INTERNET&NOT_RESTRICTED&TRUSTED&NOT_VPN] ] (CALLBACK_RELEASED)
2026-06-04 20:51:48.185  ١٥٦٨-١٨٤٣  ConnectivityService     system_server                        E  RemoteException caught trying to send a callback msg for NetworkRequest [ TRACK_DEFAULT id=17699, [ Capabilities: INTERNET&NOT_RESTRICTED&TRUSTED&NOT_VPN] ]
2026-06-04 20:51:48.185  ١٥٦٨-١٨٤٣  ConnectivityService     system_server                        D  releasing NetworkRequest [ TRACK_DEFAULT id=17698, [ Capabilities: INTERNET&NOT_RESTRICTED&TRUSTED&NOT_VPN] ] (CALLBACK_RELEASED)
2026-06-04 20:51:48.186  ١٥٦٨-١٨٤٣  ConnectivityService     system_server                        E  RemoteException caught trying to send a callback msg for NetworkRequest [ TRACK_DEFAULT id=17698, [ Capabilities: INTERNET&NOT_RESTRICTED&TRUSTED&NOT_VPN] ]
2026-06-04 20:51:48.188 ٢٧٦٠١-٢٤٥٢٦ AppImportanceImpl       com.google.android.gms.persistent    I  (REDACTED) handleUidImportanceChange is invoked for uid=%d, importance=%d
2026-06-04 20:51:48.191  ٢٠٥٧-٢٠٥٧  QC_RIL_OEM_HOOK         com.android.phone                    D  dds phoneId: 0
2026-06-04 20:51:48.192  ٢١٦٤-٢١٦٤  QcrilMsgTu...aceManager com.qualcomm.qcrilmsgtunnel          D  handleMessage what = 1
2026-06-04 20:51:48.192  ٢١٦٤-٢١٦٤  QcrilOemhookMsgTunnel   com.qualcomm.qcrilmsgtunnel          I  [0]invokeOemRilRequestRaw: serial=55466 length=20
2026-06-04 20:51:48.193  ٢١٦٤-٢١٩٦  QcrilOemhookMsgTunnel   com.qualcomm.qcrilmsgtunnel          I  [0]processOemHookResponse serial no: 55466 error: 0length=0
2026-06-04 20:51:48.193  ٢١٦٤-٢١٦٤  QcrilMsgTu...aceManager com.qualcomm.qcrilmsgtunnel          D  handleMessage what = 2
2026-06-04 20:51:48.194  ٢٠٥٧-٢٠٥٧  QC_RIL_OEM_HOOK         com.android.phone                    D  sendOemRilRequestRaw returns value = 0
2026-06-04 20:51:48.194  ٢٠٥٧-٢٠٥٧  QC_RIL_OEM_HOOK         com.android.phone                    D  dds phoneId: 0
2026-06-04 20:51:48.194  ٢١٦٤-٢١٩٦  QcrilOemhookMsgTunnel   com.qualcomm.qcrilmsgtunnel          I  [0]processOemHookIndication length=28
2026-06-04 20:51:48.194  ٢١٦٤-٢١٦٤  QcrilMsgTu...aceManager com.qualcomm.qcrilmsgtunnel          D  handleMessage what = 0
2026-06-04 20:51:48.195  ٢١٦٤-٢١٦٤  QcrilMsgTu...aceManager com.qualcomm.qcrilmsgtunnel          D  handleMessage what = 1
2026-06-04 20:51:48.196  ٢٠٣١-٢٠٣١  QC_RIL_OEM_HOOK         com.qualcomm.qti.telephonyservice    D  Received Broadcast Intent ACTION_UNSOL_RESPONSE_OEM_HOOK_RAW
2026-06-04 20:51:48.196  ٢٠٣١-٢٠٣١  QC_RIL_OEM_HOOK         com.qualcomm.qti.telephonyservice    D  Oem ID in QCRILHOOK UNSOL RESP is QOEMHOOK
2026-06-04 20:51:48.196  ٢١٦٤-٢١٦٤  QcrilOemhookMsgTunnel   com.qualcomm.qcrilmsgtunnel          I  [1]invokeOemRilRequestRaw: serial=55467 length=20
2026-06-04 20:51:48.197  ٢١٦٤-٢١٩٦  QcrilOemhookMsgTunnel   com.qualcomm.qcrilmsgtunnel          I  [1]processOemHookResponse serial no: 55467 error: 0length=0
2026-06-04 20:51:48.197  ٢١٦٤-٢١٦٤  QcrilMsgTu...aceManager com.qualcomm.qcrilmsgtunnel          D  handleMessage what = 2
2026-06-04 20:51:48.197  ٢٠٥٧-٢٠٥٧  QC_RIL_OEM_HOOK         com.android.phone                    D  sendOemRilRequestRaw returns value = 0
2026-06-04 20:51:48.198  ٢٠٥٧-٢٠٥٧  QC_RIL_OEM_HOOK         com.android.phone                    D  Received Broadcast Intent ACTION_UNSOL_RESPONSE_OEM_HOOK_RAW
2026-06-04 20:51:48.198  ٢٠٥٧-٢٠٥٧  QC_RIL_OEM_HOOK         com.android.phone                    D  Oem ID in QCRILHOOK UNSOL RESP is QOEMHOOK
2026-06-04 20:51:48.198  ٢١٦٤-٢١٩٦  QcrilOemhookMsgTunnel   com.qualcomm.qcrilmsgtunnel          I  [1]processOemHookIndication length=28
2026-06-04 20:51:48.198  ٢٠٥٧-٢٠٥٧  QC_RIL_OEM_HOOK         com.android.phone                    D  Received Broadcast Intent ACTION_UNSOL_RESPONSE_OEM_HOOK_RAW
2026-06-04 20:51:48.198  ٢٠٥٧-٢٠٥٧  QC_RIL_OEM_HOOK         com.android.phone                    D  Oem ID in QCRILHOOK UNSOL RESP is QOEMHOOK
2026-06-04 20:51:48.198  ٢١٦٤-٢١٦٤  QcrilMsgTu...aceManager com.qualcomm.qcrilmsgtunnel          D  handleMessage what = 0
2026-06-04 20:51:48.198  ٢٠٥٧-٢٠٥٧  QtiRilInterface         com.android.phone                    E  instance = com.qualcomm.qti.internal.telephony.QtiRilInterface@2b8626a
2026-06-04 20:51:48.199  ٢٠٣١-٢٠٣١  QC_RIL_OEM_HOOK         com.qualcomm.qti.telephonyservice    D  Received Broadcast Intent ACTION_UNSOL_RESPONSE_OEM_HOOK_RAW
2026-06-04 20:51:48.199  ٢٠٣١-٢٠٣١  QC_RIL_OEM_HOOK         com.qualcomm.qti.telephonyservice    D  Oem ID in QCRILHOOK UNSOL RESP is QOEMHOOK
2026-06-04 20:51:48.201  ٢٠٥٧-٢٠٥٧  QC_RIL_OEM_HOOK         com.android.phone                    D  dds phoneId: 0
2026-06-04 20:51:48.202  ٢١٦٤-٢١٦٤  QcrilMsgTu...aceManager com.qualcomm.qcrilmsgtunnel          D  handleMessage what = 1
2026-06-04 20:51:48.203  ٢١٦٤-٢١٦٤  QcrilOemhookMsgTunnel   com.qualcomm.qcrilmsgtunnel          I  [0]invokeOemRilRequestRaw: serial=55468 length=20
2026-06-04 20:51:48.204  ٢١٦٤-٢١٩٦  QcrilOemhookMsgTunnel   com.qualcomm.qcrilmsgtunnel          I  [0]processOemHookResponse serial no: 55468 error: 0length=0
2026-06-04 20:51:48.204  ٢١٦٤-٢١٦٤  QcrilMsgTu...aceManager com.qualcomm.qcrilmsgtunnel          D  handleMessage what = 2
2026-06-04 20:51:48.204  ٢٠٥٧-٢٠٥٧  QC_RIL_OEM_HOOK         com.android.phone                    D  sendOemRilRequestRaw returns value = 0
2026-06-04 20:51:48.204  ٢٠٥٧-٢٠٥٧  QC_RIL_OEM_HOOK         com.android.phone                    D  dds phoneId: 0
2026-06-04 20:51:48.204 ٢٤٤٤٣-٢٤٤٨٩ OptimizationRunner      com.facebook.katana                  W  Using cached optimization plans for 2 configurations
2026-06-04 20:51:48.204 ٢٤٤٤٣-٢٤٤٨٩ ExperimentConfigurator  com.facebook.katana                  W  onAppStartFinished completed: 0 configs executed
2026-06-04 20:51:48.204  ٢١٦٤-٢١٦٤  QcrilMsgTu...aceManager com.qualcomm.qcrilmsgtunnel          D  handleMessage what = 1
2026-06-04 20:51:48.205  ٢١٦٤-٢١٦٤  QcrilOemhookMsgTunnel   com.qualcomm.qcrilmsgtunnel          I  [1]invokeOemRilRequestRaw: serial=55469 length=20
2026-06-04 20:51:48.207  ٢١٦٤-٢١٩٦  QcrilOemhookMsgTunnel   com.qualcomm.qcrilmsgtunnel          I  [0]processOemHookIndication length=28
2026-06-04 20:51:48.207  ٢١٦٤-٢١٦٤  QcrilMsgTu...aceManager com.qualcomm.qcrilmsgtunnel          D  handleMessage what = 0
2026-06-04 20:51:48.208  ٢١٦٤-٢١٩٦  QcrilOemhookMsgTunnel   com.qualcomm.qcrilmsgtunnel          I  [1]processOemHookResponse serial no: 55469 error: 0length=0
2026-06-04 20:51:48.209  ٢١٦٤-٢١٩٦  QcrilOemhookMsgTunnel   com.qualcomm.qcrilmsgtunnel          I  [1]processOemHookIndication length=28
2026-06-04 20:51:48.209  ٢٠٣١-٢٠٣١  QC_RIL_OEM_HOOK         com.qualcomm.qti.telephonyservice    D  Received Broadcast Intent ACTION_UNSOL_RESPONSE_OEM_HOOK_RAW
2026-06-04 20:51:48.209  ٢٠٣١-٢٠٣١  QC_RIL_OEM_HOOK         com.qualcomm.qti.telephonyservice    D  Oem ID in QCRILHOOK UNSOL RESP is QOEMHOOK
2026-06-04 20:51:48.209  ٢١٦٤-٢١٦٤  QcrilMsgTu...aceManager com.qualcomm.qcrilmsgtunnel          D  handleMessage what = 2
2026-06-04 20:51:48.210  ٢١٦٤-٢١٦٤  QcrilMsgTu...aceManager com.qualcomm.qcrilmsgtunnel          D  handleMessage what = 0
2026-06-04 20:51:48.210  ٢٠٥٧-٢٠٥٧  QC_RIL_OEM_HOOK         com.android.phone                    D  sendOemRilRequestRaw returns value = 0
2026-06-04 20:51:48.210  ٢٠٥٧-٢٠٥٧  QtiRilInterface         com.android.phone                    E  instance = com.qualcomm.qti.internal.telephony.QtiRilInterface@2b8626a
2026-06-04 20:51:48.211  ٢٠٣١-٢٠٣١  QC_RIL_OEM_HOOK         com.qualcomm.qti.telephonyservice    D  Received Broadcast Intent ACTION_UNSOL_RESPONSE_OEM_HOOK_RAW
2026-06-04 20:51:48.211  ٢٠٣١-٢٠٣١  QC_RIL_OEM_HOOK         com.qualcomm.qti.telephonyservice    D  Oem ID in QCRILHOOK UNSOL RESP is QOEMHOOK
2026-06-04 20:51:48.212  ٢٠٥٧-٢٠٥٧  QC_RIL_OEM_HOOK         com.android.phone                    D  dds phoneId: 0
2026-06-04 20:51:48.212  ٢١٦٤-٢١٦٤  QcrilMsgTu...aceManager com.qualcomm.qcrilmsgtunnel          D  handleMessage what = 1
2026-06-04 20:51:48.213  ٢١٦٤-٢١٦٤  QcrilOemhookMsgTunnel   com.qualcomm.qcrilmsgtunnel          I  [0]invokeOemRilRequestRaw: serial=55470 length=20
2026-06-04 20:51:48.214  ٢١٦٤-٢١٩٦  QcrilOemhookMsgTunnel   com.qualcomm.qcrilmsgtunnel          I  [0]processOemHookResponse serial no: 55470 error: 0length=0
2026-06-04 20:51:48.214  ٢١٦٤-٢١٦٤  QcrilMsgTu...aceManager com.qualcomm.qcrilmsgtunnel          D  handleMessage what = 2
2026-06-04 20:51:48.214  ٢٠٥٧-٢٠٥٧  QC_RIL_OEM_HOOK         com.android.phone                    D  sendOemRilRequestRaw returns value = 0
2026-06-04 20:51:48.215  ٢٠٥٧-٢٠٥٧  QC_RIL_OEM_HOOK         com.android.phone                    D  dds phoneId: 0
2026-06-04 20:51:48.215  ٢١٦٤-٢١٦٤  QcrilMsgTu...aceManager com.qualcomm.qcrilmsgtunnel          D  handleMessage what = 1
2026-06-04 20:51:48.216  ٢١٦٤-٢١٦٤  QcrilOemhookMsgTunnel   com.qualcomm.qcrilmsgtunnel          I  [1]invokeOemRilRequestRaw: serial=55471 length=20
2026-06-04 20:51:48.217  ٢١٦٤-٢١٩٦  QcrilOemhookMsgTunnel   com.qualcomm.qcrilmsgtunnel          I  [0]processOemHookIndication length=28
2026-06-04 20:51:48.217  ٢١٦٤-٢١٦٤  QcrilMsgTu...aceManager com.qualcomm.qcrilmsgtunnel          D  handleMessage what = 0
2026-06-04 20:51:48.218  ٢١٦٤-٢١٩٦  QcrilOemhookMsgTunnel   com.qualcomm.qcrilmsgtunnel          I  [1]processOemHookResponse serial no: 55471 error: 0length=0
2026-06-04 20:51:48.218  ٢٠٣١-٢٠٣١  QC_RIL_OEM_HOOK         com.qualcomm.qti.telephonyservice    D  Received Broadcast Intent ACTION_UNSOL_RESPONSE_OEM_HOOK_RAW
2026-06-04 20:51:48.218  ٢٠٣١-٢٠٣١  QC_RIL_OEM_HOOK         com.qualcomm.qti.telephonyservice    D  Oem ID in QCRILHOOK UNSOL RESP is QOEMHOOK
2026-06-04 20:51:48.219  ٢١٦٤-٢١٦٤  QcrilMsgTu...aceManager com.qualcomm.qcrilmsgtunnel          D  handleMessage what = 2
2026-06-04 20:51:48.219  ٢٠٥٧-٢٠٥٧  QC_RIL_OEM_HOOK         com.android.phone                    D  sendOemRilRequestRaw returns value = 0
2026-06-04 20:51:48.219  ٢٠٥٧-٢٠٥٧  QtiRilInterface         com.android.phone                    E  instance = com.qualcomm.qti.internal.telephony.QtiRilInterface@2b8626a
2026-06-04 20:51:48.220  ٢١٦٤-٢١٩٦  QcrilOemhookMsgTunnel   com.qualcomm.qcrilmsgtunnel          I  [1]processOemHookIndication length=28
2026-06-04 20:51:48.220  ٢١٦٤-٢١٦٤  QcrilMsgTu...aceManager com.qualcomm.qcrilmsgtunnel          D  handleMessage what = 0
2026-06-04 20:51:48.221  ٢٠٣١-٢٠٣١  QC_RIL_OEM_HOOK         com.qualcomm.qti.telephonyservice    D  Received Broadcast Intent ACTION_UNSOL_RESPONSE_OEM_HOOK_RAW
2026-06-04 20:51:48.221  ٢٠٣١-٢٠٣١  QC_RIL_OEM_HOOK         com.qualcomm.qti.telephonyservice    D  Oem ID in QCRILHOOK UNSOL RESP is QOEMHOOK
2026-06-04 20:51:48.221  ٢٠٥٧-٢٠٥٧  QC_RIL_OEM_HOOK         com.android.phone                    D  dds phoneId: 0
2026-06-04 20:51:48.222  ٢١٦٤-٢١٦٤  QcrilMsgTu...aceManager com.qualcomm.qcrilmsgtunnel          D  handleMessage what = 1
2026-06-04 20:51:48.223  ٢١٦٤-٢١٦٤  QcrilOemhookMsgTunnel   com.qualcomm.qcrilmsgtunnel          I  [0]invokeOemRilRequestRaw: serial=55472 length=20
2026-06-04 20:51:48.224  ٢١٦٤-٢١٩٦  QcrilOemhookMsgTunnel   com.qualcomm.qcrilmsgtunnel          I  [0]processOemHookResponse serial no: 55472 error: 0length=0
2026-06-04 20:51:48.224  ٢١٦٤-٢١٦٤  QcrilMsgTu...aceManager com.qualcomm.qcrilmsgtunnel          D  handleMessage what = 2
2026-06-04 20:51:48.224  ٢٠٥٧-٢٠٥٧  QC_RIL_OEM_HOOK         com.android.phone                    D  sendOemRilRequestRaw returns value = 0
2026-06-04 20:51:48.225  ٢٠٥٧-٢٠٥٧  QC_RIL_OEM_HOOK         com.android.phone                    D  dds phoneId: 0
2026-06-04 20:51:48.225  ٢١٦٤-٢١٦٤  QcrilMsgTu...aceManager com.qualcomm.qcrilmsgtunnel          D  handleMessage what = 1
2026-06-04 20:51:48.225  ٢١٦٤-٢١٩٦  QcrilOemhookMsgTunnel   com.qualcomm.qcrilmsgtunnel          I  [0]processOemHookIndication length=28
2026-06-04 20:51:48.225  ٢١٦٤-٢١٦٤  QcrilOemhookMsgTunnel   com.qualcomm.qcrilmsgtunnel          I  [1]invokeOemRilRequestRaw: serial=55473 length=20
2026-06-04 20:51:48.225  ٢١٦٤-٢١٦٤  QcrilMsgTu...aceManager com.qualcomm.qcrilmsgtunnel          D  handleMessage what = 0
2026-06-04 20:51:48.226  ٢١٦٤-٢١٩٦  QcrilOemhookMsgTunnel   com.qualcomm.qcrilmsgtunnel          I  [1]processOemHookResponse serial no: 55473 error: 0length=0
2026-06-04 20:51:48.226  ٢١٦٤-٢١٦٤  QcrilMsgTu...aceManager com.qualcomm.qcrilmsgtunnel          D  handleMessage what = 2
2026-06-04 20:51:48.227  ٢٠٥٧-٢٠٥٧  QC_RIL_OEM_HOOK         com.android.phone                    D  sendOemRilRequestRaw returns value = 0
2026-06-04 20:51:48.227  ٢٠٥٧-٢٠٥٧  QC_RIL_OEM_HOOK         com.android.phone                    D  Received Broadcast Intent ACTION_UNSOL_RESPONSE_OEM_HOOK_RAW
2026-06-04 20:51:48.227  ٢٠٥٧-٢٠٥٧  QC_RIL_OEM_HOOK         com.android.phone                    D  Oem ID in QCRILHOOK UNSOL RESP is QOEMHOOK
2026-06-04 20:51:48.227  ٢١٦٤-٢١٩٦  QcrilOemhookMsgTunnel   com.qualcomm.qcrilmsgtunnel          I  [1]processOemHookIndication length=28
2026-06-04 20:51:48.227  ٢٠٥٧-٢٠٥٧  QC_RIL_OEM_HOOK         com.android.phone                    D  Received Broadcast Intent ACTION_UNSOL_RESPONSE_OEM_HOOK_RAW
2026-06-04 20:51:48.227  ٢٠٥٧-٢٠٥٧  QC_RIL_OEM_HOOK         com.android.phone                    D  Oem ID in QCRILHOOK UNSOL RESP is QOEMHOOK
2026-06-04 20:51:48.228  ٢٠٥٧-٢٠٥٧  QC_RIL_OEM_HOOK         com.android.phone                    D  Received Broadcast Intent ACTION_UNSOL_RESPONSE_OEM_HOOK_RAW
2026-06-04 20:51:48.228  ٢٠٥٧-٢٠٥٧  QC_RIL_OEM_HOOK         com.android.phone                    D  Oem ID in QCRILHOOK UNSOL RESP is QOEMHOOK
2026-06-04 20:51:48.228  ٢٠٥٧-٢٠٥٧  QC_RIL_OEM_HOOK         com.android.phone                    D  Received Broadcast Intent ACTION_UNSOL_RESPONSE_OEM_HOOK_RAW
2026-06-04 20:51:48.228  ٢٠٥٧-٢٠٥٧  QC_RIL_OEM_HOOK         com.android.phone                    D  Oem ID in QCRILHOOK UNSOL RESP is QOEMHOOK
2026-06-04 20:51:48.228  ٢٠٥٧-٢٠٥٧  QC_RIL_OEM_HOOK         com.android.phone                    D  Received Broadcast Intent ACTION_UNSOL_RESPONSE_OEM_HOOK_RAW
2026-06-04 20:51:48.228  ٢٠٥٧-٢٠٥٧  QC_RIL_OEM_HOOK         com.android.phone                    D  Oem ID in QCRILHOOK UNSOL RESP is QOEMHOOK
2026-06-04 20:51:48.228  ٢٠٥٧-٢٠٥٧  QC_RIL_OEM_HOOK         com.android.phone                    D  Received Broadcast Intent ACTION_UNSOL_RESPONSE_OEM_HOOK_RAW
2026-06-04 20:51:48.228  ٢٠٥٧-٢٠٥٧  QC_RIL_OEM_HOOK         com.android.phone                    D  Oem ID in QCRILHOOK UNSOL RESP is QOEMHOOK
2026-06-04 20:51:48.228  ٢٠٥٧-٢٠٥٧  QC_RIL_OEM_HOOK         com.android.phone                    D  Received Broadcast Intent ACTION_UNSOL_RESPONSE_OEM_HOOK_RAW
2026-06-04 20:51:48.228  ٢٠٥٧-٢٠٥٧  QC_RIL_OEM_HOOK         com.android.phone                    D  Oem ID in QCRILHOOK UNSOL RESP is QOEMHOOK
2026-06-04 20:51:48.228  ٢٠٥٧-٢٠٥٧  QC_RIL_OEM_HOOK         com.android.phone                    D  Received Broadcast Intent ACTION_UNSOL_RESPONSE_OEM_HOOK_RAW
2026-06-04 20:51:48.228  ٢٠٥٧-٢٠٥٧  QC_RIL_OEM_HOOK         com.android.phone                    D  Oem ID in QCRILHOOK UNSOL RESP is QOEMHOOK
2026-06-04 20:51:48.228  ٢٠٥٧-٢٠٥٧  QC_RIL_OEM_HOOK         com.android.phone                    D  Received Broadcast Intent ACTION_UNSOL_RESPONSE_OEM_HOOK_RAW
2026-06-04 20:51:48.228  ٢٠٥٧-٢٠٥٧  QC_RIL_OEM_HOOK         com.android.phone                    D  Oem ID in QCRILHOOK UNSOL RESP is QOEMHOOK
2026-06-04 20:51:48.228  ٢١٦٤-٢١٦٤  QcrilMsgTu...aceManager com.qualcomm.qcrilmsgtunnel          D  handleMessage what = 0
2026-06-04 20:51:48.228  ٢٠٥٧-٢٠٥٧  QC_RIL_OEM_HOOK         com.android.phone                    D  Received Broadcast Intent ACTION_UNSOL_RESPONSE_OEM_HOOK_RAW
2026-06-04 20:51:48.228  ٢٠٥٧-٢٠٥٧  QC_RIL_OEM_HOOK         com.android.phone                    D  Oem ID in QCRILHOOK UNSOL RESP is QOEMHOOK
2026-06-04 20:51:48.228  ٢٠٥٧-٢٠٥٧  QC_RIL_OEM_HOOK         com.android.phone                    D  Received Broadcast Intent ACTION_UNSOL_RESPONSE_OEM_HOOK_RAW
2026-06-04 20:51:48.228  ٢٠٥٧-٢٠٥٧  QC_RIL_OEM_HOOK         com.android.phone                    D  Oem ID in QCRILHOOK UNSOL RESP is QOEMHOOK
2026-06-04 20:51:48.228  ٢٠٥٧-٢٠٥٧  QC_RIL_OEM_HOOK         com.android.phone                    D  Received Broadcast Intent ACTION_UNSOL_RESPONSE_OEM_HOOK_RAW
2026-06-04 20:51:48.228  ٢٠٥٧-٢٠٥٧  QC_RIL_OEM_HOOK         com.android.phone                    D  Oem ID in QCRILHOOK UNSOL RESP is QOEMHOOK
2026-06-04 20:51:48.229  ٢٠٥٧-٢٠٥٧  QC_RIL_OEM_HOOK         com.android.phone                    D  Received Broadcast Intent ACTION_UNSOL_RESPONSE_OEM_HOOK_RAW
2026-06-04 20:51:48.229  ٢٠٥٧-٢٠٥٧  QC_RIL_OEM_HOOK         com.android.phone                    D  Oem ID in QCRILHOOK UNSOL RESP is QOEMHOOK
2026-06-04 20:51:48.229  ٢٠٥٧-٢٠٥٧  QC_RIL_OEM_HOOK         com.android.phone                    D  Received Broadcast Intent ACTION_UNSOL_RESPONSE_OEM_HOOK_RAW
2026-06-04 20:51:48.229  ٢٠٥٧-٢٠٥٧  QC_RIL_OEM_HOOK         com.android.phone                    D  Oem ID in QCRILHOOK UNSOL RESP is QOEMHOOK
2026-06-04 20:51:48.230  ٢٠٣١-٢٠٣١  QC_RIL_OEM_HOOK         com.qualcomm.qti.telephonyservice    D  Received Broadcast Intent ACTION_UNSOL_RESPONSE_OEM_HOOK_RAW
2026-06-04 20:51:48.230  ٢٠٣١-٢٠٣١  QC_RIL_OEM_HOOK         com.qualcomm.qti.telephonyservice    D  Oem ID in QCRILHOOK UNSOL RESP is QOEMHOOK
2026-06-04 20:51:48.230  ٢٠٣١-٢٠٣١  QC_RIL_OEM_HOOK         com.qualcomm.qti.telephonyservice    D  Received Broadcast Intent ACTION_UNSOL_RESPONSE_OEM_HOOK_RAW
2026-06-04 20:51:48.230  ٢٠٣١-٢٠٣١  QC_RIL_OEM_HOOK         com.qualcomm.qti.telephonyservice    D  Oem ID in QCRILHOOK UNSOL RESP is QOEMHOOK
2026-06-04 20:51:48.271 ٢٤٤٤٣-٢٤٥٠١ fb4a.ServiceInfoParser  com.facebook.katana                  W  X.4zz: Service com.facebook.browser.lite.BrowserLiteInMainProcessIntentService is missing meta key com.facebook.common.jobscheduler.compat.jobIds
2026-06-04 20:51:48.271 ٢٤٤٤٣-٢٤٥٠١ fb4a.ServiceInfoParser  com.facebook.katana                  W  X.4zz: Service com.facebook.businessintegrity.cloakingdetection.service.CloakingDetectionService is missing meta key com.facebook.common.jobscheduler.compat.jobIds
2026-06-04 20:51:48.271 ٢٤٤٤٣-٢٤٥٠١ fb4a.ServiceInfoParser  com.facebook.katana                  W  X.4zz: Service com.facebook.contacts.service.ContactLocaleChangeService is missing meta key com.facebook.common.jobscheduler.compat.jobIds
2026-06-04 20:51:48.271 ٢٤٤٤٣-٢٤٥٠١ fb4a.ServiceInfoParser  com.facebook.katana                  W  X.4zz: Service com.facebook.common.zopt.ZOptBackgroundService is missing meta key com.facebook.common.jobscheduler.compat.jobIds
2026-06-04 20:51:48.271 ٢٤٤٤٣-٢٤٥٠١ fb4a.ServiceInfoParser  com.facebook.katana                  W  X.4zz: Service com.facebook.analytics2.fabric.onefabric.FFAlarmUploadJobService is missing meta key com.facebook.common.jobscheduler.compat.jobIds
2026-06-04 20:51:48.272 ٢٤٤٤٣-٢٤٥٠١ fb4a.ServiceInfoParser  com.facebook.katana                  W  X.4zz: Service com.facebook.falco.jobscheduler.FFJobService is missing meta key com.facebook.common.jobscheduler.compat.jobIds
2026-06-04 20:51:48.272 ٢٤٤٤٣-٢٤٥٠١ fb4a.ServiceInfoParser  com.facebook.katana                  W  X.4zz: Service com.facebook.registration.notification.RegistrationNotificationService is missing meta key com.facebook.common.jobscheduler.compat.jobIds
2026-06-04 20:51:48.272 ٢٤٤٤٣-٢٤٥٠١ fb4a.ServiceInfoParser  com.facebook.katana                  W  X.4zz: Service com.facebook.notifications.appwidget.bugreporter.NotificationsWidgetDebugHelper is missing meta key com.facebook.common.jobscheduler.compat.jobIds
2026-06-04 20:51:48.272 ٢٤٤٤٣-٢٤٥٠١ fb4a.ServiceInfoParser  com.facebook.katana                  W  X.4zz: Service com.facebook.account.login.notification.LoginNotificationService is missing meta key com.facebook.common.jobscheduler.compat.jobIds
2026-06-04 20:51:48.272 ٢٤٤٤٣-٢٤٥٠١ fb4a.ServiceInfoParser  com.facebook.katana                  W  X.4zz: Service com.facebook.battery.monitor.ContinuousBatteryMonitorService is missing meta key com.facebook.common.jobscheduler.compat.jobIds
2026-06-04 20:51:48.272 ٢٤٤٤٣-٢٤٥٠١ fb4a.ServiceInfoParser  com.facebook.katana                  W  X.4zz: Service com.facebook.googleplay.GooglePlayInstallRefererService is missing meta key com.facebook.common.jobscheduler.compat.jobIds
2026-06-04 20:51:48.272 ٢٤٤٤٣-٢٤٥٠١ fb4a.ServiceInfoParser  com.facebook.katana                  W  X.4zz: Service com.facebook.glc.GLCService is missing meta key com.facebook.common.jobscheduler.compat.jobIds
2026-06-04 20:51:48.272 ٢٤٤٤٣-٢٤٥٠١ fb4a.ServiceInfoParser  com.facebook.katana                  W  X.4zz: Service com.facebook.papaya.fb.client.services.FBPapayaJobService is missing meta key com.facebook.common.jobscheduler.compat.jobIds
2026-06-04 20:51:48.273 ٢٤٤٤٣-٢٤٥٠١ fb4a.ServiceInfoParser  com.facebook.katana                  W  X.4zz: Service com.google.android.datatransport.runtime.scheduling.jobscheduling.JobInfoSchedulerService is missing meta key com.facebook.common.jobscheduler.compat.jobIds
2026-06-04 20:51:48.273 ٢٤٤٤٣-٢٤٥٠١ fb4a.ServiceInfoParser  com.facebook.katana                  W  X.4zz: Service com.facebook.push.fcm.FcmRegistrarFbJobIntentService is missing meta key com.facebook.common.jobscheduler.compat.jobIds
2026-06-04 20:51:48.273 ٢٤٤٤٣-٢٤٥٠١ fb4a.ServiceInfoParser  com.facebook.katana                  W  X.4zz: Service com.facebook.push.fbpushdata.common.FbPushDataHandlerService is missing meta key com.facebook.common.jobscheduler.compat.jobIds
2026-06-04 20:51:48.273 ٢٤٤٤٣-٢٤٥٠١ fb4a.ServiceInfoParser  com.facebook.katana                  W  X.4zz: Service com.facebook.conditionalworker.ConditionalWorkerService is missing meta key com.facebook.common.jobscheduler.compat.jobIds
2026-06-04 20:51:48.273 ٢٤٤٤٣-٢٤٥٠١ fb4a.ServiceInfoParser  com.facebook.katana                  W  X.4zz: Service com.facebook.compost.service.CompostNotificationService is missing meta key com.facebook.common.jobscheduler.compat.jobIds
2026-06-04 20:51:48.273 ٢٤٤٤٣-٢٤٥٠١ fb4a.ServiceInfoParser  com.facebook.katana                  W  X.4zz: Service com.facebook.messaging.notify.client.MessagesNotificationService is missing meta key com.facebook.common.jobscheduler.compat.jobIds
2026-06-04 20:51:48.274 ٢٤٤٤٣-٢٤٥٠١ fb4a.ServiceInfoParser  com.facebook.katana                  W  X.4zz: Service com.facebook.confirmation.notification.ConfirmationNotificationService is missing meta key com.facebook.common.jobscheduler.compat.jobIds
2026-06-04 20:51:48.274 ٢٤٤٤٣-٢٤٥٠١ fb4a.ServiceInfoParser  com.facebook.katana                  W  X.4zz: Service com.facebook.voltron.download.scheduledinstaller.OxygenScheduledInstallerJobService is missing meta key com.facebook.common.jobscheduler.compat.jobIds
2026-06-04 20:51:48.274 ٢٤٤٤٣-٢٤٥٠١ fb4a.ServiceInfoParser  com.facebook.katana                  W  X.4zz: Service com.facebook.messaging.prefs.notifications.NotificationPrefsSyncService is missing meta key com.facebook.common.jobscheduler.compat.jobIds
2026-06-04 20:51:48.274 ٢٤٤٤٣-٢٤٥٠١ fb4a.ServiceInfoParser  com.facebook.katana                  W  X.4zz: Service com.facebook.push.adm.ADMService is missing meta key com.facebook.common.jobscheduler.compat.jobIds
2026-06-04 20:51:48.274 ٢٤٤٤٣-٢٤٥٠١ fb4a.ServiceInfoParser  com.facebook.katana                  W  X.4zz: Service com.facebook.push.adm.ADMBroadcastReceiverJobBase is missing meta key com.facebook.common.jobscheduler.compat.jobIds
2026-06-04 20:51:48.274 ٢٤٤٤٣-٢٤٥٠١ fb4a.ServiceInfoParser  com.facebook.katana                  W  X.4zz: Service com.facebook.push.adm.ADMJobIntentService is missing meta key com.facebook.common.jobscheduler.compat.jobIds
2026-06-04 20:51:48.274 ٢٤٤٤٣-٢٤٥٠١ fb4a.ServiceInfoParser  com.facebook.katana                  W  X.4zz: Service com.facebook.push.negativefeedback.PushNegativeFeedbackFbJobIntentService is missing meta key com.facebook.common.jobscheduler.compat.jobIds
2026-06-04 20:51:48.274 ٢٤٤٤٣-٢٤٥٠١ fb4a.ServiceInfoParser  com.facebook.katana                  W  X.4zz: Service com.facebook.push.registration.RegistrarHelperService is missing meta key com.facebook.common.jobscheduler.compat.jobIds
2026-06-04 20:51:48.275 ٢٤٤٤٣-٢٤٥٠١ fb4a.ServiceInfoParser  com.facebook.katana                  W  X.4zz: Service com.facebook.feed.platformads.AppInstallService is missing meta key com.facebook.common.jobscheduler.compat.jobIds
2026-06-04 20:51:48.275 ٢٤٤٤٣-٢٤٥٠١ fb4a.ServiceInfoParser  com.facebook.katana                  W  X.4zz: Service com.google.android.gms.analytics.AnalyticsJobService is missing meta key com.facebook.common.jobscheduler.compat.jobIds
2026-06-04 20:51:48.275 ٢٤٤٤٣-٢٤٥٠١ fb4a.ServiceInfoParser  com.facebook.katana                  W  X.4zz: Service com.facebook.oxygen.preloads.sdk.firstparty.managedappcache.IsManagedAppCacheJobService is missing meta key com.facebook.common.jobscheduler.compat.jobIds
2026-06-04 20:51:48.275 ٢٤٤٤٣-٢٤٥٠١ fb4a.ServiceInfoParser  com.facebook.katana                  W  X.4zz: Service com.facebook.videolite.api.VideoUploadJobService is missing meta key com.facebook.common.jobscheduler.compat.jobIds
2026-06-04 20:51:48.275 ٢٤٤٤٣-٢٤٥٠١ fb4a.ServiceInfoParser  com.facebook.katana                  W  X.4zz: Service com.facebook.videolite.api.jobscheduler.UploadJobSchedulerService is missing meta key com.facebook.common.jobscheduler.compat.jobIds
2026-06-04 20:51:48.275 ٢٤٤٤٣-٢٤٥٠١ fb4a.ServiceInfoParser  com.facebook.katana                  W  X.4zz: Service androidx.work.impl.background.systemjob.SystemJobService is missing meta key com.facebook.common.jobscheduler.compat.jobIds
2026-06-04 20:51:48.276 ٢٤٤٤٣-٢٤٥٠١ fb4a.ServiceInfoParser  com.facebook.katana                  W  X.4zz: Service com.facebook.push.mqtt.service.MqttPushHelperService is missing meta key com.facebook.common.jobscheduler.compat.jobIds
2026-06-04 20:51:48.276 ٢٤٤٤٣-٢٤٥٠١ fb4a.ServiceInfoParser  com.facebook.katana                  W  X.4zz: Service com.facebook.reportaproblem.base.bugreport.BugReportUploadService is missing meta key com.facebook.common.jobscheduler.compat.jobIds
2026-06-04 20:51:48.276 ٢٤٤٤٣-٢٤٥٠١ fb4a.ServiceInfoParser  com.facebook.katana                  W  X.4zz: Service com.facebook.appcomponentmanager.AppComponentManagerService is missing meta key com.facebook.common.jobscheduler.compat.jobIds
2026-06-04 20:51:48.276 ٢٤٤٤٣-٢٤٥٠١ fb4a.ServiceInfoParser  com.facebook.katana                  W  X.4zz: Service com.facebook.fbservice.service.BlueServiceJobIntentService is missing meta key com.facebook.common.jobscheduler.compat.jobIds
2026-06-04 20:51:48.276 ٢٤٤٤٣-٢٤٥٠١ fb4a.ServiceInfoParser  com.facebook.katana                  W  X.4zz: Service com.facebook.delayedworker.DelayedWorkerService is missing meta key com.facebook.common.jobscheduler.compat.jobIds
2026-06-04 20:51:48.276 ٢٤٤٤٣-٢٤٥٠١ fb4a.ServiceInfoParser  com.facebook.katana                  W  X.4zz: Service com.facebook.analytics2.logger.service.LollipopUploadSafeService is missing meta key com.facebook.common.jobscheduler.compat.jobIds
2026-06-04 20:51:48.276 ٢٤٤٤٣-٢٤٥٠١ fb4a.ServiceInfoParser  com.facebook.katana                  W  X.4zz: Service com.facebook.analytics2.logger.legacy.uploader.LollipopUploadService is missing meta key com.facebook.common.jobscheduler.compat.jobIds
2026-06-04 20:51:48.276 ٢٤٤٤٣-٢٤٥٠١ fb4a.ServiceInfoParser  com.facebook.katana                  W  X.4zz: Service com.facebook.analytics2.logger.legacy.uploader.Analytics2UploadService is missing meta key com.facebook.common.jobscheduler.compat.jobIds
2026-06-04 20:51:48.285  ١٥٦٨-١٦٥٣  BroadcastQueue          system_server                        W  Permission Denial: broadcasting Intent { act=android.net.conn.CONNECTIVITY_CHANGE flg=0x4000010 (has extras) } from null (pid=-1, uid=-1) requires com.facebook.permission.prod.FB_APP_COMMUNICATION due to registered receiver BroadcastFilter{b165610 u0 ReceiverList{ed84ad3 24443 com.facebook.katana/10119/u0 remote:f7dcc2}}
2026-06-04 20:51:48.289  ١٨٨٧-١٨٨٧  BAR                     com.android.systemui                 E  hideflag=================1vis===true
2026-06-04 20:51:48.333  ١٥٦٨-١٦٥٣  BroadcastQueue          system_server                        W  Background execution not allowed: receiving Intent { act=android.intent.action.DROPBOX_ENTRY_ADDED flg=0x10 (has extras) } to com.google.android.gms/.stats.service.DropBoxEntryAddedReceiver
2026-06-04 20:51:48.443 ٢٤٤٤٣-٢٤٥٠٩ fb4a.AppState           com.facebook.katana                  E  Returning default for firstRunInfo
2026-06-04 20:51:48.446 ٢٤٤٤٣-٢٤٥٠١ fb4a.AppState           com.facebook.katana                  E  Returning default for firstRunInfo
2026-06-04 20:51:48.456 ٢٤٤٤٣-٢٤٥٨٠ zygote                  com.facebook.katana                  I  Deoptimizing java.util.Iterator X.001.A16(java.util.Map) due to JIT inline cache
2026-06-04 20:51:48.473  ١٥٦٨-١٦٢٤  ActivityManager         system_server                        I  Start proc 24581:com.facebook.orca/u0a121 for content provider com.facebook.orca/com.facebook.messenger.app.MessengerLoggedInUserProvider
2026-06-04 20:51:48.541 ٢٤٥٨١-٢٤٥٨١ InitStatus              pid-24581                            W  Providers blocked (247304413)
2026-06-04 20:51:48.541 ٢٤٥٨١-٢٤٥٨١ InitStatus              pid-24581                            W  Services blocked (13120594)
2026-06-04 20:51:48.541 ٢٤٥٨١-٢٤٥٨١ InitStatus              pid-24581                            W  BroadcastReceivers blocked (245068579)
2026-06-04 20:51:48.561 ٢٤٥٨١-٢٤٥٨١ CrashLoopRemedyLog      pid-24581                            W  unable to delete remedy log, instaCrash: false
2026-06-04 20:51:48.561 ٢٤٥٨١-٢٤٥٨١ CrashLoopRemedyLog      pid-24581                            W  unable to delete remedy log, instaCrash: true
2026-06-04 20:51:48.568 ٢٤٥٨١-٢٤٥٨١ LoadedApk               pid-24581                            I  No resource references to update in package zui.platform
2026-06-04 20:51:48.573 ٢٤٥٨١-٢٤٥٩٨ AppInitSch...r|Schedule pid-24581                            W  Schedule 387:ReliabilityInitConfigureErrorReportingOnProcess, deps=null (0 pending tasks, PriorityHint=VERY_HIGH, isCritical=true)
2026-06-04 20:51:48.573 ٢٤٥٨١-٢٤٥٩٩ InitStatus              pid-24581                            W  Blocking Provider (247304413)
2026-06-04 20:51:48.575 ٢٤٥٨١-٢٤٥٩٨ AppInitSch...r|Schedule pid-24581                            W    Executing 387:ReliabilityInitConfigureErrorReportingOnProcess
2026-06-04 20:51:48.576 ٢٤٥٨١-٢٤٦٠٠ AppInitScheduler|Run    pid-24581                            W  DeadlockMonitor active...
2026-06-04 20:51:48.577 ٢٤٥٨١-٢٤٥٩٨ AppInitSch...r|Schedule pid-24581                            W  Schedule 219:InitSharedLibraries, deps=null (1 pending tasks, PriorityHint=NORMAL, isCritical=true)
2026-06-04 20:51:48.577 ٢٤٥٨١-٢٤٥٩٨ AppInitSch...r|Schedule pid-24581                            W    Executing 219:InitSharedLibraries
2026-06-04 20:51:48.577 ٢٤٥٨١-٢٤٥٩٨ AppInitSch...r|Schedule pid-24581                            W  Schedule 235:LoadLibDexLoad, deps=[219, 387] (2 pending tasks, PriorityHint=NORMAL, isCritical=true)
2026-06-04 20:51:48.578 ٢٤٥٨١-٢٤٥٩٨ AppInitSch...r|Schedule pid-24581                            W  Schedule 403:SetupFbGlog, deps=[235] (3 pending tasks, PriorityHint=NORMAL, isCritical=true)
2026-06-04 20:51:48.578 ٢٤٥٨١-٢٤٥٩٨ AppInitSch...r|Schedule pid-24581                            W  Schedule 124:DisableRuntimeVerification, deps=[403] (4 pending tasks, PriorityHint=NORMAL, isCritical=true)
2026-06-04 20:51:48.578 ٢٤٥٨١-٢٤٥٩٨ AppInitSch...r|Schedule pid-24581                            W  Schedule 171:GeneratePerfStats, deps=[219] (5 pending tasks, PriorityHint=NORMAL, isCritical=true)
2026-06-04 20:51:48.578 ٢٤٥٨١-٢٤٥٩٨ AppInitSch...r|Schedule pid-24581                            W  Schedule 202:InitLacrimaEarlyNative, deps=[403] (6 pending tasks, PriorityHint=NORMAL, isCritical=true)
2026-06-04 20:51:48.578 ٢٤٥٨١-٢٤٥٩٨ AppInitSch...r|Schedule pid-24581                            W  Schedule 233:LoadDexes, deps=[124] (7 pending tasks, PriorityHint=NORMAL, isCritical=true)
2026-06-04 20:51:48.578 ٢٤٥٨١-٢٤٥٩٨ AppInitSch...r|Schedule pid-24581                            W  Schedule 227:IsolatedLongtailAppInit, deps=[233] (8 pending tasks, PriorityHint=NORMAL, isCritical=true)
2026-06-04 20:51:48.578 ٢٤٥٨١-٢٤٥٩٨ AppInitSch...r|Schedule pid-24581                            W  Schedule 242:MaybeTraceColdStart, deps=[124] (9 pending tasks, PriorityHint=NORMAL, isCritical=true)
2026-06-04 20:51:48.578 ٢٤٥٨١-٢٤٥٩٨ AppInitSch...r|Schedule pid-24581                            W  Schedule 236:LoadVoltronModules, deps=[202, 227, 242] (10 pending tasks, PriorityHint=NORMAL, isCritical=true)
2026-06-04 20:51:48.578 ٢٤٥٨١-٢٤٥٩٨ AppInitSch...r|Schedule pid-24581                            W  Schedule 119:CreateApplicationImpl, deps=[171, 236] (11 pending tasks, PriorityHint=CRITICAL_PATH, isCritical=true)
2026-06-04 20:51:48.579 ٢٤٥٨١-٢٤٥٩٨ AppInitSch...r|Schedule pid-24581                            W  Schedule 226:InitUltralight, deps=[236] (12 pending tasks, PriorityHint=CRITICAL_PATH, isCritical=true)
2026-06-04 20:51:48.579 ٢٤٥٨١-٢٤٥٩٨ AppInitSch...r|Schedule pid-24581                            W  Schedule 391:RunOnApplicationInit, deps=[236] (13 pending tasks, PriorityHint=CRITICAL_PATH, isCritical=true)
2026-06-04 20:51:48.579 ٢٤٥٨١-٢٤٥٩٨ AppInitSch...r|Schedule pid-24581                            W  Schedule 0:AddMainDexStoreInfoToReliabilityLogging, deps=[233] (14 pending tasks, PriorityHint=NORMAL, isCritical=false)
2026-06-04 20:51:48.579 ٢٤٥٨١-٢٤٥٩٨ AppInitSch...r|Schedule pid-24581                            W  Schedule 168:FreeApkZipToReduceMemoryUsage, deps=[233] (15 pending tasks, PriorityHint=NORMAL, isCritical=false)
2026-06-04 20:51:48.579 ٢٤٥٨١-٢٤٥٩٨ AppInitSch...r|Schedule pid-24581                            W  Schedule 190:InitClassTracing, deps=[403] (16 pending tasks, PriorityHint=NORMAL, isCritical=false)
2026-06-04 20:51:48.579 ٢٤٥٨١-٢٤٥٩٨ AppInitSch...r|Schedule pid-24581                            W  Schedule 193:InitDeadResourceDetection, deps=[235] (17 pending tasks, PriorityHint=NORMAL, isCritical=false)
2026-06-04 20:51:48.579 ٢٤٥٨١-٢٤٥٩٨ AppInitSch...r|Schedule pid-24581                            W  Schedule 234:LoadLibColdStart, deps=[202, 242] (18 pending tasks, PriorityHint=NORMAL, isCritical=true)
2026-06-04 20:51:48.579 ٢٤٥٨١-٢٤٥٩٨ AppInitSch...r|Schedule pid-24581                            W  Schedule 224:InitTerminateHandler, deps=[234] (19 pending tasks, PriorityHint=NORMAL, isCritical=false)
2026-06-04 20:51:48.579 ٢٤٥٨١-٢٤٥٩٨ AppInitSch...r|Schedule pid-24581                            W  Schedule 365:PreloadStartupLightSharedPreferenceUsages, deps=null (20 pending tasks, PriorityHint=NORMAL, isCritical=false)
2026-06-04 20:51:48.579 ٢٤٥٨١-٢٤٥٩٨ AppInitSch...r|Schedule pid-24581                            W    Executing 365:PreloadStartupLightSharedPreferenceUsages
2026-06-04 20:51:48.580 ٢٤٥٨١-٢٤٥٩٨ OnProcessInitInvoker    pid-24581                            W  Ignored missing AppInit dependency: 160:FixArtDebugging
2026-06-04 20:51:48.583 ٢٤٥٨١-٢٤٦٠٢ AppInitScheduler|Run    pid-24581                            W  Running InitSharedLibraries [*], order=1, priorityHint=NORMAL 
2026-06-04 20:51:48.583 ٢٤٥٨١-٢٤٦٠٣ AppInitScheduler|Run    pid-24581                            W  Running PreloadStartupLightSharedPreferenceUsages, order=20, priorityHint=NORMAL 
2026-06-04 20:51:48.585 ٢٤٥٨١-٢٤٦٠٢ SoLoader                pid-24581                            W  Initializing SoLoader: 4098
2026-06-04 20:51:48.585 ٢٤٥٨١-٢٤٦٠٣ AppInitScheduler|Run    pid-24581                            W    Finished PreloadStartupLightSharedPreferenceUsages in 5ms
2026-06-04 20:51:48.585 ٢٤٥٨١-٢٤٦٠١ AppInitScheduler|Run    pid-24581                            W  Running ReliabilityInitConfigureErrorReportingOnProcess [*], order=0, priorityHint=VERY_HIGH 
2026-06-04 20:51:48.587 ٢٤٥٨١-٢٤٦٠٢ SoLoader                pid-24581                            W  SoLoader initialized: 4098
2026-06-04 20:51:48.587 ٢٤٥٨١-٢٤٦٠٢ FbSoLoader              pid-24581                            W  Setting up native deps, useAssetManager=true
2026-06-04 20:51:48.588 ٢٤٥٨١-٢٤٦٠٢ FbSoLoader              pid-24581                            W  Will use precomputed native lib dependencies file
2026-06-04 20:51:48.589 ٢٤٥٨١-٢٤٦٠٢ SoLoader                pid-24581                            W  Prepending SoSource lib-compressed: SuperpackSoSource[root = /data/data/com.facebook.orca/lib-compressed flags = 0 split = dynamic split:base compressedPath = assets/lib/libs.spo identity = base]
2026-06-04 20:51:48.591 ٢٤٥٨١-٢٤٦٠٢ FbSoLoader              pid-24581                            W  Initialized FBSoLoader
2026-06-04 20:51:48.592 ٢٤٥٨١-٢٤٦٠٢ AppInitScheduler|Run    pid-24581                            W    Finished InitSharedLibraries in 14ms
2026-06-04 20:51:48.593 ٢٤٥٨١-٢٤٦٠٢ AppInitSch...r|Schedule pid-24581                            W    Executing 171:GeneratePerfStats
2026-06-04 20:51:48.594 ٢٤٥٨١-٢٤٦٠٤ AppInitScheduler|Run    pid-24581                            W  Running GeneratePerfStats [*], order=5, priorityHint=NORMAL 
2026-06-04 20:51:48.597 ٢٤٥٨١-٢٤٦٠٤ AppInitScheduler|Run    pid-24581                            W    Finished GeneratePerfStats in 3ms
2026-06-04 20:51:48.600 ٢٤٥٨١-٢٤٦٠١ MessengerLacrimaConfig  pid-24581                            W  MessengerLacrimaConfig.earlyInit
2026-06-04 20:51:48.600 ٢٤٥٨١-٢٤٥٨١ Background...upDetector pid-24581                            W  bgMode=BACKGROUND
2026-06-04 20:51:48.600 ٢٤٥٨١-٢٤٥٩٤ InitStatus              pid-24581                            W  Blocking Provider (247304413)
2026-06-04 20:51:48.601 ٢٤٥٨١-٢٤٦٠١ MessengerLacrimaConfig  pid-24581                            W  Using Lacrima AddOn Config
2026-06-04 20:51:48.626 ٢٤٥٨١-٢٤٦٠١ lacrima                 pid-24581                            W  LacrimaConfigBuilder.setUserIdActorId not called, using 0
2026-06-04 20:51:48.626 ٢٤٥٨١-٢٤٦٠١ lacrima                 pid-24581                            W  LacrimaConfigBuilder.setUserIdActingAccountId not called, using 0
2026-06-04 20:51:48.645 ٢٤٥٨١-٢٤٥٨١ AppInit1                pid-24581                            W  type=1400 audit(0.0:657599): avc: denied { read } for name="zoneinfo" dev="proc" ino=4026532357 scontext=u:r:untrusted_app:s0:c512,c768 tcontext=u:object_r:proc_zoneinfo:s0 tclass=file permissive=0
2026-06-04 20:51:48.660 ٢٤٥٨١-٢٤٦٠١ MemProcWatermarkReader  pid-24581                            W  [AI] Failed to open zoneinfo file
2026-06-04 20:51:48.662 ٢٤٥٨١-٢٤٦٠١ lacrima                 pid-24581                            W  Start JavaAppDeathCrashDetector... X.0vr
2026-06-04 20:51:48.668 ٢٤٥٨١-٢٤٦٠١ lacrima                 pid-24581                            W  Sending pending reports
2026-06-04 20:51:48.671 ٢٤٥٨١-٢٤٦٠١ AppInitScheduler|Run    pid-24581                            W    Finished ReliabilityInitConfigureErrorReportingOnProcess in 93ms
2026-06-04 20:51:48.672 ٢٤٥٨١-٢٤٦٠١ AppInitSch...r|Schedule pid-24581                            W    Executing 235:LoadLibDexLoad
2026-06-04 20:51:48.673 ٢٤٥٨١-٢٤٦١١ AppInitScheduler|Run    pid-24581                            W  Running LoadLibDexLoad [*], order=2, priorityHint=NORMAL 
2026-06-04 20:51:48.682 ٢٤٥٨١-٢٤٦١١ AppInitScheduler|Run    pid-24581                            W    Finished LoadLibDexLoad in 8ms
2026-06-04 20:51:48.682 ٢٤٥٨١-٢٤٦١١ AppInitSch...r|Schedule pid-24581                            W    Executing 403:SetupFbGlog
2026-06-04 20:51:48.682 ٢٤٥٨١-٢٤٦١١ AppInitSch...r|Schedule pid-24581                            W    Executing 193:InitDeadResourceDetection
2026-06-04 20:51:48.686 ٢٤٥٨١-٢٤٦١٢ AppInitScheduler|Run    pid-24581                            W  Running SetupFbGlog [*], order=3, priorityHint=NORMAL 
2026-06-04 20:51:48.686 ٢٤٥٨١-٢٤٦١٣ AppInitScheduler|Run    pid-24581                            W  Running InitDeadResourceDetection, order=17, priorityHint=NORMAL 
2026-06-04 20:51:48.686 ٢٤٥٨١-٢٤٦١٣ AppInitScheduler|Run    pid-24581                            W    Finished InitDeadResourceDetection in 1ms
2026-06-04 20:51:48.687 ٢٤٥٨١-٢٤٦١٢ AppInitScheduler|Run    pid-24581                            W    Finished SetupFbGlog in 2ms
2026-06-04 20:51:48.687 ٢٤٥٨١-٢٤٦١٢ AppInitSch...r|Schedule pid-24581                            W    Executing 124:DisableRuntimeVerification
2026-06-04 20:51:48.688 ٢٤٥٨١-٢٤٦١٢ AppInitSch...r|Schedule pid-24581                            W    Executing 202:InitLacrimaEarlyNative
2026-06-04 20:51:48.688 ٢٤٥٨١-٢٤٦١٢ AppInitSch...r|Schedule pid-24581                            W    Executing 190:InitClassTracing
2026-06-04 20:51:48.689 ٢٤٥٨١-٢٤٦١٤ AppInitScheduler|Run    pid-24581                            W  Running DisableRuntimeVerification [*], order=4, priorityHint=NORMAL 
2026-06-04 20:51:48.689 ٢٤٥٨١-٢٤٦١٢ AppInitScheduler|Run    pid-24581                            W  Running InitClassTracing, order=16, priorityHint=NORMAL 
2026-06-04 20:51:48.689 ٢٤٥٨١-٢٤٦١٥ AppInitScheduler|Run    pid-24581                            W  Running InitLacrimaEarlyNative [*], order=6, priorityHint=NORMAL 
2026-06-04 20:51:48.689 ٢٤٥٨١-٢٤٦١٥ MessengerLacrimaConfig  pid-24581                            W  MessengerLacrimaConfig.earlyNativeInit
2026-06-04 20:51:48.690 ٢٤٥٨١-٢٤٦١٤ Verifier                pid-24581                            W  Could not disable RTV
2026-06-04 20:51:48.690 ٢٤٥٨١-٢٤٦١٤ AppInitScheduler|Run    pid-24581                            W    Finished DisableRuntimeVerification in 1ms
2026-06-04 20:51:48.690 ٢٤٥٨١-٢٤٦١٤ AppInitSch...r|Schedule pid-24581                            W    Executing 233:LoadDexes
2026-06-04 20:51:48.691 ٢٤٥٨١-٢٤٦١٤ AppInitSch...r|Schedule pid-24581                            W    Executing 242:MaybeTraceColdStart
2026-06-04 20:51:48.691 ٢٤٥٨١-٢٤٦١٢ AppInitScheduler|Run    pid-24581                            W    Finished InitClassTracing in 2ms
2026-06-04 20:51:48.691 ٢٤٥٨١-٢٤٦٠٤ AppInitScheduler|Run    pid-24581                            W  Running MaybeTraceColdStart [*], order=9, priorityHint=NORMAL 
2026-06-04 20:51:48.693 ٢٤٥٨١-٢٤٦٠٢ AppInitScheduler|Run    pid-24581                            W  Running LoadDexes [*], order=7, priorityHint=NORMAL 
2026-06-04 20:51:48.696 ٢٤٥٨١-٢٤٦٠٢ DexLibLoader            pid-24581                            W  integrateWithLibSigChain: disable=false
2026-06-04 20:51:48.704 ٢٤٥٨١-٢٤٦٠٢ runtime-internals       pid-24581                            W  sigaction64 not found, falling back
2026-06-04 20:51:48.704 ٢٤٥٨١-٢٤٦٠٢ runtime-internals       pid-24581                            W  sigaction succeeded
2026-06-04 20:51:48.705 ٢٤٥٨١-٢٤٦٠٢ runtime-internals       pid-24581                            D  SuspendArt: Found all symbols
2026-06-04 20:51:48.705 ٢٤٥٨١-٢٤٦٠٢ runtime-internals       pid-24581                            D  SuspendArt: Suspending threads.
2026-06-04 20:51:48.705 ٢٤٥٨١-٢٤٦٠٢ runtime-internals       pid-24581                            D  SuspendArt: Resuming threads.
2026-06-04 20:51:48.705 ٢٤٥٨١-٢٤٦٠٢ runtime-internals       pid-24581                            V  hooked signal using trap ()
2026-06-04 20:51:48.705 ٢٤٥٨١-٢٤٦٠٢ runtime-internals       pid-24581                            V  hooked sysv_signal using trap ()
2026-06-04 20:51:48.705 ٢٤٥٨١-٢٤٦٠٢ runtime-internals       pid-24581                            V  hooked bsd_signal using trap ()
2026-06-04 20:51:48.706 ٢٤٥٨١-٢٤٦٠٢ runtime-internals       pid-24581                            V  hooked sigaction using trap ()
2026-06-04 20:51:48.706 ٢٤٥٨١-٢٤٦٠٢ runtime-internals       pid-24581                            D  SuspendArt: Found all symbols
2026-06-04 20:51:48.706 ٢٤٥٨١-٢٤٦٠٢ runtime-internals       pid-24581                            D  SuspendArt: Suspending threads.
2026-06-04 20:51:48.706 ٢٤٥٨١-٢٤٦٠٢ runtime-internals       pid-24581                            V  Hooking function _ZN3art11annotations16GetLineNumFromPCEPKNS_7DexFileEPNS_9ArtMethodEj
2026-06-04 20:51:48.706 ٢٤٥٨١-٢٤٦٠٢ runtime-internals       pid-24581                            V  hooked _ZN3art11annotations16GetLineNumFromPCEPKNS_7DexFileEPNS_9ArtMethodEj using jump ()
2026-06-04 20:51:48.706 ٢٤٥٨١-٢٤٦٠٢ runtime-internals       pid-24581                            D  SuspendArt: Resuming threads.
2026-06-04 20:51:48.709 ٢٤٥٨١-٢٤٦٠٤ Profilo/TraceControl    pid-24581                            W  Loom client config id: 0
